Archive member included to satisfy reference by file (symbol)

c:/program files (x86)/embitz/1.11/share/em_armgcc/bin/../lib/gcc/arm-none-eabi/5.4.1/armv6-m\libgcc.a(_udivsi3.o)
                              output\obj\debug\core\bsp\unicon\drivers\adc.o (__aeabi_uidiv)
c:/program files (x86)/embitz/1.11/share/em_armgcc/bin/../lib/gcc/arm-none-eabi/5.4.1/armv6-m\libgcc.a(_divsi3.o)
                              output\obj\debug\core\bsp\unicon\drivers\adc.o (__aeabi_idiv)
c:/program files (x86)/embitz/1.11/share/em_armgcc/bin/../lib/gcc/arm-none-eabi/5.4.1/armv6-m\libgcc.a(_dvmd_tls.o)
                              c:/program files (x86)/embitz/1.11/share/em_armgcc/bin/../lib/gcc/arm-none-eabi/5.4.1/armv6-m\libgcc.a(_udivsi3.o) (__aeabi_idiv0)
c:/program files (x86)/embitz/1.11/share/em_armgcc/bin/../lib/gcc/arm-none-eabi/5.4.1/../../../../arm-none-eabi/lib/armv6-m\libg.a(lib_a-malloc.o)
                              output\obj\debug\core\libs\iic_eeprom\iic_eeprom.o (malloc)
c:/program files (x86)/embitz/1.11/share/em_armgcc/bin/../lib/gcc/arm-none-eabi/5.4.1/../../../../arm-none-eabi/lib/armv6-m\libg.a(lib_a-mallocr.o)
                              c:/program files (x86)/embitz/1.11/share/em_armgcc/bin/../lib/gcc/arm-none-eabi/5.4.1/../../../../arm-none-eabi/lib/armv6-m\libg.a(lib_a-malloc.o) (_malloc_r)
c:/program files (x86)/embitz/1.11/share/em_armgcc/bin/../lib/gcc/arm-none-eabi/5.4.1/../../../../arm-none-eabi/lib/armv6-m\libg.a(lib_a-memcpy-stub.o)
                              output\obj\debug\core\libs\freemodbus\modbus\functions\mbfuncother.o (memcpy)
c:/program files (x86)/embitz/1.11/share/em_armgcc/bin/../lib/gcc/arm-none-eabi/5.4.1/../../../../arm-none-eabi/lib/armv6-m\libg.a(lib_a-memset.o)
                              output\obj\debug\core\src\main.o (memset)
c:/program files (x86)/embitz/1.11/share/em_armgcc/bin/../lib/gcc/arm-none-eabi/5.4.1/../../../../arm-none-eabi/lib/armv6-m\libg.a(lib_a-mlock.o)
                              c:/program files (x86)/embitz/1.11/share/em_armgcc/bin/../lib/gcc/arm-none-eabi/5.4.1/../../../../arm-none-eabi/lib/armv6-m\libg.a(lib_a-mallocr.o) (__malloc_lock)
c:/program files (x86)/embitz/1.11/share/em_armgcc/bin/../lib/gcc/arm-none-eabi/5.4.1/../../../../arm-none-eabi/lib/armv6-m\libg.a(lib_a-sbrkr.o)
                              c:/program files (x86)/embitz/1.11/share/em_armgcc/bin/../lib/gcc/arm-none-eabi/5.4.1/../../../../arm-none-eabi/lib/armv6-m\libg.a(lib_a-mallocr.o) (_sbrk_r)
c:/program files (x86)/embitz/1.11/share/em_armgcc/bin/../lib/gcc/arm-none-eabi/5.4.1/../../../../arm-none-eabi/lib/armv6-m\libg.a(lib_a-freer.o)
                              c:/program files (x86)/embitz/1.11/share/em_armgcc/bin/../lib/gcc/arm-none-eabi/5.4.1/../../../../arm-none-eabi/lib/armv6-m\libg.a(lib_a-malloc.o) (_free_r)
c:/program files (x86)/embitz/1.11/share/em_armgcc/bin/../lib/gcc/arm-none-eabi/5.4.1/../../../../arm-none-eabi/lib/armv6-m\libg.a(lib_a-impure.o)
                              c:/program files (x86)/embitz/1.11/share/em_armgcc/bin/../lib/gcc/arm-none-eabi/5.4.1/../../../../arm-none-eabi/lib/armv6-m\libg.a(lib_a-malloc.o) (_impure_ptr)
c:/program files (x86)/embitz/1.11/share/em_armgcc/bin/../lib/gcc/arm-none-eabi/5.4.1/../../../../arm-none-eabi/lib/armv6-m\libg.a(lib_a-reent.o)
                              c:/program files (x86)/embitz/1.11/share/em_armgcc/bin/../lib/gcc/arm-none-eabi/5.4.1/../../../../arm-none-eabi/lib/armv6-m\libg.a(lib_a-sbrkr.o) (errno)
c:/program files (x86)/embitz/1.11/share/em_armgcc/bin/../lib/gcc/arm-none-eabi/5.4.1/../../../../arm-none-eabi/lib/armv6-m\libnosys.a(sbrk.o)
                              c:/program files (x86)/embitz/1.11/share/em_armgcc/bin/../lib/gcc/arm-none-eabi/5.4.1/../../../../arm-none-eabi/lib/armv6-m\libg.a(lib_a-sbrkr.o) (_sbrk)

Allocating common symbols
Common symbol       size              file

pxMBFrameCBTransmitterEmpty
                    0x4               output\obj\debug\core\libs\freemodbus\modbus\mb.o
ADC_InternalRegisters
                    0x24              output\obj\debug\core\bsp\unicon\drivers\adc.o
pxMBPortCBTimerExpired
                    0x4               output\obj\debug\core\libs\freemodbus\modbus\mb.o
RTC_Date            0x4               output\obj\debug\core\bsp\unicon\drivers\rtc.o
errno               0x4               c:/program files (x86)/embitz/1.11/share/em_armgcc/bin/../lib/gcc/arm-none-eabi/5.4.1/../../../../arm-none-eabi/lib/armv6-m\libg.a(lib_a-reent.o)
RTC_Time            0x8               output\obj\debug\core\bsp\unicon\drivers\rtc.o
SysData             0x2c              output\obj\debug\core\bsp\unicon\unicon.o
ucSlaveIdBuf        0x20              output\obj\debug\core\libs\freemodbus\user_mb_app.o
lcd_buffer          0x20              output\obj\debug\core\libs\pcf8574\pcf8574.o
ucRTUBuf            0x100             output\obj\debug\core\libs\freemodbus\modbus\rtu\mbrtu.o
UnitID              0xc               output\obj\debug\core\bsp\unicon\unicon.o
[...]
Memory Configuration

Name             Origin             Length             Attributes
ROM              0x08000000         0x00010000         xr
RAM              0x20000000         0x00002000         xrw
*default*        0x00000000         0xffffffff

Linker script and memory map

                0x00000400                __HEAP_SIZE = 0x400
                0x00000100                __STACK_SIZE = 0x100

.text           0x08000000     0x8744
 *(.isr_vector)
 .isr_vector    0x08000000       0xc4 output\obj\debug\startup\startup_stm32f0xx.o
                0x08000000                __isr_vector
 *(.text*)
 .text.LL_ADC_SetCommonPathInternalCh
                0x080000c4       0x28 output\obj\debug\core\bsp\unicon\drivers\adc.o
 .text.LL_ADC_SetResolution
                0x080000ec       0x24 output\obj\debug\core\bsp\unicon\drivers\adc.o
 .text.LL_ADC_Enable
                0x08000110       0x24 output\obj\debug\core\bsp\unicon\drivers\adc.o
 .text.LL_ADC_Disable
                0x08000134       0x24 output\obj\debug\core\bsp\unicon\drivers\adc.o
 .text.LL_ADC_IsEnabled
                0x08000158       0x20 output\obj\debug\core\bsp\unicon\drivers\adc.o
 .text.LL_ADC_StartCalibration
                0x08000178       0x28 output\obj\debug\core\bsp\unicon\drivers\adc.o
 .text.LL_ADC_IsCalibrationOnGoing
                0x080001a0       0x18 output\obj\debug\core\bsp\unicon\drivers\adc.o
 .text.LL_ADC_REG_StartConversion
                0x080001b8       0x24 output\obj\debug\core\bsp\unicon\drivers\adc.o
 .text.LL_ADC_REG_ReadConversionData12
                0x080001dc       0x18 output\obj\debug\core\bsp\unicon\drivers\adc.o
 .text.LL_ADC_REG_ReadConversionData10
                0x080001f4       0x18 output\obj\debug\core\bsp\unicon\drivers\adc.o
 .text.LL_ADC_REG_ReadConversionData8
                0x0800020c       0x18 output\obj\debug\core\bsp\unicon\drivers\adc.o
 .text.LL_ADC_REG_ReadConversionData6
                0x08000224       0x18 output\obj\debug\core\bsp\unicon\drivers\adc.o
 .text.LL_ADC_IsActiveFlag_ADRDY
                0x0800023c       0x20 output\obj\debug\core\bsp\unicon\drivers\adc.o
 .text.LL_ADC_IsActiveFlag_EOC
                0x0800025c       0x20 output\obj\debug\core\bsp\unicon\drivers\adc.o
 .text.LL_ADC_ClearFlag_ADRDY
                0x0800027c       0x18 output\obj\debug\core\bsp\unicon\drivers\adc.o
 .text.ADC_Init
                0x08000294       0x50 output\obj\debug\core\bsp\unicon\drivers\adc.o
                0x08000294                ADC_Init
 .text.ADC_StartConversion
                0x080002e4       0xe0 output\obj\debug\core\bsp\unicon\drivers\adc.o
 .text.ADC_Read_VREFINT
                0x080003c4       0x60 output\obj\debug\core\bsp\unicon\drivers\adc.o
                0x080003c4                ADC_Read_VREFINT
 .text.ADC_Read_MCUTEMP
                0x08000424       0x88 output\obj\debug\core\bsp\unicon\drivers\adc.o
                0x08000424                ADC_Read_MCUTEMP
 .text.ADC_Read_VBAT
                0x080004ac       0x58 output\obj\debug\core\bsp\unicon\drivers\adc.o
                0x080004ac                ADC_Read_VBAT
 .text.ADC_ReadAnalog
                0x08000504       0x38 output\obj\debug\core\bsp\unicon\drivers\adc.o
                0x08000504                ADC_ReadAnalog
 .text.ADC_ConvertTo_mVolts
                0x0800053c       0x40 output\obj\debug\core\bsp\unicon\drivers\adc.o
                0x0800053c                ADC_ConvertTo_mVolts
 .text.LL_DMA_DisableChannel
                0x0800057c       0x3c output\obj\debug\core\bsp\unicon\drivers\dma.o
 .text.LL_DMA_SetDataTransferDirection
                0x080005b8       0x44 output\obj\debug\core\bsp\unicon\drivers\dma.o
 .text.LL_DMA_SetMemoryIncMode
                0x080005fc       0x44 output\obj\debug\core\bsp\unicon\drivers\dma.o
 .text.LL_DMA_SetDataLength
                0x08000640       0x40 output\obj\debug\core\bsp\unicon\drivers\dma.o
 .text.LL_DMA_SetMemoryAddress
                0x08000680       0x2c output\obj\debug\core\bsp\unicon\drivers\dma.o
 .text.LL_DMA_SetPeriphAddress
                0x080006ac       0x2c output\obj\debug\core\bsp\unicon\drivers\dma.o
 .text.LL_DMA_EnableIT_TC
                0x080006d8       0x3c output\obj\debug\core\bsp\unicon\drivers\dma.o
 .text.LL_DMA_DisableIT_HT
                0x08000714       0x3c output\obj\debug\core\bsp\unicon\drivers\dma.o
 .text.LL_DMA_DisableIT_TE
                0x08000750       0x3c output\obj\debug\core\bsp\unicon\drivers\dma.o
 .text.LL_USART_EnableDMAReq_TX
                0x0800078c       0x1c output\obj\debug\core\bsp\unicon\drivers\dma.o
 .text.DMA_Init
                0x080007a8       0x90 output\obj\debug\core\bsp\unicon\drivers\dma.o
                0x080007a8                DMA_Init
 .text.LL_I2C_IsActiveFlag_TXE
                0x08000838       0x20 output\obj\debug\core\bsp\unicon\drivers\iic.o
 .text.LL_I2C_IsActiveFlag_RXNE
                0x08000858       0x20 output\obj\debug\core\bsp\unicon\drivers\iic.o
 .text.LL_I2C_IsActiveFlag_ADDR
                0x08000878       0x20 output\obj\debug\core\bsp\unicon\drivers\iic.o
 .text.LL_I2C_IsActiveFlag_NACK
                0x08000898       0x20 output\obj\debug\core\bsp\unicon\drivers\iic.o
 .text.LL_I2C_ClearFlag_STOP
                0x080008b8       0x1c output\obj\debug\core\bsp\unicon\drivers\iic.o
 .text.LL_I2C_HandleTransfer
                0x080008d4       0x3c output\obj\debug\core\bsp\unicon\drivers\iic.o
 .text.LL_I2C_ReceiveData8
                0x08000910       0x18 output\obj\debug\core\bsp\unicon\drivers\iic.o
 .text.LL_I2C_TransmitData8
                0x08000928       0x20 output\obj\debug\core\bsp\unicon\drivers\iic.o
 .text.LL_SYSTICK_IsActiveCounterFlag
                0x08000948       0x20 output\obj\debug\core\bsp\unicon\drivers\iic.o
 .text.IIC_Check
                0x08000968       0x6c output\obj\debug\core\bsp\unicon\drivers\iic.o
                0x08000968                IIC_Check
 .text.IIC_Write
                0x080009d4      0x12c output\obj\debug\core\bsp\unicon\drivers\iic.o
                0x080009d4                IIC_Write
 .text.IIC_Read
                0x08000b00       0xe0 output\obj\debug\core\bsp\unicon\drivers\iic.o
                0x08000b00                IIC_Read
 .text.IIC_ReadByte
                0x08000be0       0xb4 output\obj\debug\core\bsp\unicon\drivers\iic.o
                0x08000be0                IIC_ReadByte
 .text.IIC_WriteByte
                0x08000c94       0x9c output\obj\debug\core\bsp\unicon\drivers\iic.o
                0x08000c94                IIC_WriteByte
 .text.LL_TIM_OC_SetCompareCH1
                0x08000d30       0x18 output\obj\debug\core\bsp\unicon\drivers\pwm.o
 .text.LL_TIM_OC_SetCompareCH2
                0x08000d48       0x18 output\obj\debug\core\bsp\unicon\drivers\pwm.o
 .text.PWM_Set  0x08000d60       0x4c output\obj\debug\core\bsp\unicon\drivers\pwm.o
                0x08000d60                PWM_Set
 .text.LL_TIM_EnableCounter
                0x08000dac       0x1c output\obj\debug\core\bsp\unicon\drivers\tim.o
 .text.LL_TIM_CC_EnableChannel
                0x08000dc8       0x20 output\obj\debug\core\bsp\unicon\drivers\tim.o
 .text.LL_TIM_CC_DisableChannel
                0x08000de8       0x20 output\obj\debug\core\bsp\unicon\drivers\tim.o
 .text.LL_TIM_OC_SetCompareCH1
                0x08000e08       0x18 output\obj\debug\core\bsp\unicon\drivers\tim.o
 .text.LL_TIM_EnableAllOutputs
                0x08000e20       0x20 output\obj\debug\core\bsp\unicon\drivers\tim.o
 .text.BeeperHandler
                0x08000e40       0x5c output\obj\debug\core\bsp\unicon\drivers\tim.o
                0x08000e40                BeeperHandler
 .text.StartBeeper
                0x08000e9c       0x28 output\obj\debug\core\bsp\unicon\drivers\tim.o
                0x08000e9c                StartBeeper
 .text.StartPWM
                0x08000ec4       0x34 output\obj\debug\core\bsp\unicon\drivers\tim.o
                0x08000ec4                StartPWM
 .text.LL_USART_Enable
                0x08000ef8       0x1c output\obj\debug\core\bsp\unicon\drivers\usart.o
 .text.LL_USART_Disable
                0x08000f14       0x20 output\obj\debug\core\bsp\unicon\drivers\usart.o
 .text.LL_USART_IsEnabled
                0x08000f34       0x20 output\obj\debug\core\bsp\unicon\drivers\usart.o
 .text.LL_USART_IsActiveFlag_RXNE
                0x08000f54       0x20 output\obj\debug\core\bsp\unicon\drivers\usart.o
 .text.LL_USART_IsActiveFlag_TC
                0x08000f74       0x20 output\obj\debug\core\bsp\unicon\drivers\usart.o
 .text.LL_USART_EnableIT_RXNE
                0x08000f94       0x1c output\obj\debug\core\bsp\unicon\drivers\usart.o
 .text.LL_USART_DisableIT_TC
                0x08000fb0       0x20 output\obj\debug\core\bsp\unicon\drivers\usart.o
 .text.LL_USART_IsEnabledIT_RXNE
                0x08000fd0       0x20 output\obj\debug\core\bsp\unicon\drivers\usart.o
 .text.LL_USART_IsEnabledIT_TC
                0x08000ff0       0x20 output\obj\debug\core\bsp\unicon\drivers\usart.o
 .text.LL_USART_ReceiveData8
                0x08001010       0x18 output\obj\debug\core\bsp\unicon\drivers\usart.o
 .text.USART_Config
                0x08001028      0x114 output\obj\debug\core\bsp\unicon\drivers\usart.o
                0x08001028                USART_Config
 .text.USART_ClearRxBuffer
                0x0800113c       0x84 output\obj\debug\core\bsp\unicon\drivers\usart.o
                0x0800113c                USART_ClearRxBuffer
 .text.CheckBaudrate
                0x080011c0       0x54 output\obj\debug\core\bsp\unicon\drivers\usart.o
                0x080011c0                CheckBaudrate
 .text.USART_IRQ_Handler
                0x08001214       0xc0 output\obj\debug\core\bsp\unicon\drivers\usart.o
                0x08001214                USART_IRQ_Handler
 .text.NVIC_SystemReset
                0x080012d4       0x20 output\obj\debug\core\bsp\unicon\unicon.o
 .text.LL_GPIO_SetOutputPin
                0x080012f4       0x18 output\obj\debug\core\bsp\unicon\unicon.o
 .text.LL_GPIO_ResetOutputPin
                0x0800130c       0x18 output\obj\debug\core\bsp\unicon\unicon.o
 .text.UNI_Start
                0x08001324       0x68 output\obj\debug\core\bsp\unicon\unicon.o
                0x08001324                UNI_Start
 .text.UNI_Process
                0x0800138c       0x50 output\obj\debug\core\bsp\unicon\unicon.o
                0x0800138c                UNI_Process
 .text.UNI_GetID
                0x080013dc       0x50 output\obj\debug\core\bsp\unicon\unicon.o
                0x080013dc                UNI_GetID
 .text.UNI_ReadAnalogs
                0x0800142c       0x5c output\obj\debug\core\bsp\unicon\unicon.o
 .text.UNI_SystemIRQ
                0x08001488       0xf4 output\obj\debug\core\bsp\unicon\unicon.o
                0x08001488                UNI_SystemIRQ
 .text.UNI_UpdateMbRegisters
                0x0800157c      0x168 output\obj\debug\core\bsp\unicon\unicon.o
                0x0800157c                UNI_UpdateMbRegisters
 .text.UNI_SystemShutdown
                0x080016e4       0x18 output\obj\debug\core\bsp\unicon\unicon.o
 .text.UNI_SaveDataToEEPROM
                0x080016fc       0x3c output\obj\debug\core\bsp\unicon\unicon.o
 .text.UNI_ReadDataFromEEPROM
                0x08001738       0x2c output\obj\debug\core\bsp\unicon\unicon.o
 .text.UNI_ErrorHandler
                0x08001764       0xa0 output\obj\debug\core\bsp\unicon\unicon.o
 .text.UNI_RestoreEE
                0x08001804       0x5c output\obj\debug\core\bsp\unicon\unicon.o
 .text.UNI_SetDefaults
                0x08001860       0xb8 output\obj\debug\core\bsp\unicon\unicon.o
 .text.eMBFuncReadCoils
                0x08001918      0x160 output\obj\debug\core\libs\freemodbus\modbus\functions\mbfunccoils.o
                0x08001918                eMBFuncReadCoils
 .text.eMBFuncWriteCoil
                0x08001a78       0xdc output\obj\debug\core\libs\freemodbus\modbus\functions\mbfunccoils.o
                0x08001a78                eMBFuncWriteCoil
 .text.eMBFuncWriteMultipleCoils
                0x08001b54      0x134 output\obj\debug\core\libs\freemodbus\modbus\functions\mbfunccoils.o
                0x08001b54                eMBFuncWriteMultipleCoils
 .text.eMBFuncReadDiscreteInputs
                0x08001c88      0x160 output\obj\debug\core\libs\freemodbus\modbus\functions\mbfuncdisc.o
                0x08001c88                eMBFuncReadDiscreteInputs
 .text.eMBFuncWriteHoldingRegister
                0x08001de8       0x90 output\obj\debug\core\libs\freemodbus\modbus\functions\mbfuncholding.o
                0x08001de8                eMBFuncWriteHoldingRegister
 .text.eMBFuncWriteMultipleHoldingRegister
                0x08001e78      0x100 output\obj\debug\core\libs\freemodbus\modbus\functions\mbfuncholding.o
                0x08001e78                eMBFuncWriteMultipleHoldingRegister
 .text.eMBFuncReadHoldingRegister
                0x08001f78      0x128 output\obj\debug\core\libs\freemodbus\modbus\functions\mbfuncholding.o
                0x08001f78                eMBFuncReadHoldingRegister
 .text.eMBFuncReadWriteMultipleHoldingRegister
                0x080020a0      0x1dc output\obj\debug\core\libs\freemodbus\modbus\functions\mbfuncholding.o
                0x080020a0                eMBFuncReadWriteMultipleHoldingRegister
 .text.eMBFuncReadInputRegister
                0x0800227c      0x130 output\obj\debug\core\libs\freemodbus\modbus\functions\mbfuncinput.o
                0x0800227c                eMBFuncReadInputRegister
 .text.eMBSetSlaveID
                0x080023ac       0xbc output\obj\debug\core\libs\freemodbus\modbus\functions\mbfuncother.o
                0x080023ac                eMBSetSlaveID
 .text.eMBFuncReportSlaveID
                0x08002468       0x3c output\obj\debug\core\libs\freemodbus\modbus\functions\mbfuncother.o
                0x08002468                eMBFuncReportSlaveID
 .text.xMBUtilSetBits
                0x080024a4      0x128 output\obj\debug\core\libs\freemodbus\modbus\functions\mbutils.o
                0x080024a4                xMBUtilSetBits
 .text.xMBUtilGetBits
                0x080025cc       0xbc output\obj\debug\core\libs\freemodbus\modbus\functions\mbutils.o
                0x080025cc                xMBUtilGetBits
 .text.prveMBError2Exception
                0x08002688       0x54 output\obj\debug\core\libs\freemodbus\modbus\functions\mbutils.o
                0x08002688                prveMBError2Exception
 .text.eMBInit  0x080026dc      0x134 output\obj\debug\core\libs\freemodbus\modbus\mb.o
                0x080026dc                eMBInit
 .text.eMBClose
                0x08002810       0x40 output\obj\debug\core\libs\freemodbus\modbus\mb.o
                0x08002810                eMBClose
 .text.eMBEnable
                0x08002850       0x3c output\obj\debug\core\libs\freemodbus\modbus\mb.o
                0x08002850                eMBEnable
 .text.eMBDisable
                0x0800288c       0x4c output\obj\debug\core\libs\freemodbus\modbus\mb.o
                0x0800288c                eMBDisable
 .text.eMBPoll  0x080028d8      0x17c output\obj\debug\core\libs\freemodbus\modbus\mb.o
                0x080028d8                eMBPoll
 .text.usMBCRC16
                0x08002a54       0x90 output\obj\debug\core\libs\freemodbus\modbus\rtu\mbcrc.o
                0x08002a54                usMBCRC16
 .text.eMBRTUInit
                0x08002ae4       0xb0 output\obj\debug\core\libs\freemodbus\modbus\rtu\mbrtu.o
                0x08002ae4                eMBRTUInit
 .text.eMBRTUStart
                0x08002b94       0x38 output\obj\debug\core\libs\freemodbus\modbus\rtu\mbrtu.o
                0x08002b94                eMBRTUStart
 .text.eMBRTUStop
                0x08002bcc       0x30 output\obj\debug\core\libs\freemodbus\modbus\rtu\mbrtu.o
                0x08002bcc                eMBRTUStop
 .text.eMBRTUReceive
                0x08002bfc       0x88 output\obj\debug\core\libs\freemodbus\modbus\rtu\mbrtu.o
                0x08002bfc                eMBRTUReceive
 .text.eMBRTUSend
                0x08002c84       0xf8 output\obj\debug\core\libs\freemodbus\modbus\rtu\mbrtu.o
                0x08002c84                eMBRTUSend
 .text.xMBRTUReceiveFSM
                0x08002d7c       0x98 output\obj\debug\core\libs\freemodbus\modbus\rtu\mbrtu.o
                0x08002d7c                xMBRTUReceiveFSM
 .text.xMBRTUTransmitFSM
                0x08002e14       0x94 output\obj\debug\core\libs\freemodbus\modbus\rtu\mbrtu.o
                0x08002e14                xMBRTUTransmitFSM
 .text.xMBRTUTimerT35Expired
                0x08002ea8       0x60 output\obj\debug\core\libs\freemodbus\modbus\rtu\mbrtu.o
                0x08002ea8                xMBRTUTimerT35Expired
 .text.xMBPortEventInit
                0x08002f08       0x18 output\obj\debug\core\libs\freemodbus\port\portevent.o
                0x08002f08                xMBPortEventInit
 .text.xMBPortEventPost
                0x08002f20       0x2c output\obj\debug\core\libs\freemodbus\port\portevent.o
                0x08002f20                xMBPortEventPost
 .text.xMBPortEventGet
                0x08002f4c       0x44 output\obj\debug\core\libs\freemodbus\port\portevent.o
                0x08002f4c                xMBPortEventGet
 .text.LL_USART_Enable
                0x08002f90       0x1c output\obj\debug\core\libs\freemodbus\port\portserial.o
 .text.LL_USART_EnableIT_RXNE
                0x08002fac       0x1c output\obj\debug\core\libs\freemodbus\port\portserial.o
 .text.LL_USART_EnableIT_TC
                0x08002fc8       0x1c output\obj\debug\core\libs\freemodbus\port\portserial.o
 .text.LL_USART_DisableIT_RXNE
                0x08002fe4       0x20 output\obj\debug\core\libs\freemodbus\port\portserial.o
 .text.LL_USART_DisableIT_TC
                0x08003004       0x20 output\obj\debug\core\libs\freemodbus\port\portserial.o
 .text.LL_USART_ReceiveData8
                0x08003024       0x18 output\obj\debug\core\libs\freemodbus\port\portserial.o
 .text.LL_USART_TransmitData8
                0x0800303c       0x20 output\obj\debug\core\libs\freemodbus\port\portserial.o
 .text.vMBPortSerialEnable
                0x0800305c       0x5c output\obj\debug\core\libs\freemodbus\port\portserial.o
                0x0800305c                vMBPortSerialEnable
 .text.xMBPortSerialInit
                0x080030b8       0x60 output\obj\debug\core\libs\freemodbus\port\portserial.o
                0x080030b8                xMBPortSerialInit
 .text.xMBPortSerialPutByte
                0x08003118       0x2c output\obj\debug\core\libs\freemodbus\port\portserial.o
                0x08003118                xMBPortSerialPutByte
 .text.xMBPortSerialGetByte
                0x08003144       0x28 output\obj\debug\core\libs\freemodbus\port\portserial.o
                0x08003144                xMBPortSerialGetByte
 .text.LL_TIM_EnableCounter
                0x0800316c       0x1c output\obj\debug\core\libs\freemodbus\port\porttimer.o
 .text.LL_TIM_DisableCounter
                0x08003188       0x20 output\obj\debug\core\libs\freemodbus\port\porttimer.o
 .text.LL_TIM_SetCounter
                0x080031a8       0x18 output\obj\debug\core\libs\freemodbus\port\porttimer.o
 .text.LL_TIM_EnableIT_UPDATE
                0x080031c0       0x1c output\obj\debug\core\libs\freemodbus\port\porttimer.o
 .text.LL_TIM_DisableIT_UPDATE
                0x080031dc       0x20 output\obj\debug\core\libs\freemodbus\port\porttimer.o
 .text.xMBPortTimersInit
                0x080031fc       0x6c output\obj\debug\core\libs\freemodbus\port\porttimer.o
                0x080031fc                xMBPortTimersInit
 .text.vMBPortTimersEnable
                0x08003268       0x28 output\obj\debug\core\libs\freemodbus\port\porttimer.o
                0x08003268                vMBPortTimersEnable
 .text.vMBPortTimersDisable
                0x08003290       0x20 output\obj\debug\core\libs\freemodbus\port\porttimer.o
                0x08003290                vMBPortTimersDisable
 .text.eMBRegInputCB
                0x080032b0       0x9c output\obj\debug\core\libs\freemodbus\user_mb_app.o
                0x080032b0                eMBRegInputCB
 .text.eMBRegHoldingCB
                0x0800334c      0x140 output\obj\debug\core\libs\freemodbus\user_mb_app.o
                0x0800334c                eMBRegHoldingCB
 .text.eMBRegCoilsCB
                0x0800348c      0x1e0 output\obj\debug\core\libs\freemodbus\user_mb_app.o
                0x0800348c                eMBRegCoilsCB
 .text.eMBRegDiscreteCB
                0x0800366c      0x11c output\obj\debug\core\libs\freemodbus\user_mb_app.o
                0x0800366c                eMBRegDiscreteCB
 .text.EEP24XX_Read
                0x08003788       0x50 output\obj\debug\core\libs\iic_eeprom\iic_eeprom.o
                0x08003788                EEP24XX_Read
 .text.EEP24XX_WriteByByte
                0x080037d8       0xbc output\obj\debug\core\libs\iic_eeprom\iic_eeprom.o
                0x080037d8                EEP24XX_WriteByByte
 .text.EEP24XX_ReadByte
                0x08003894       0x24 output\obj\debug\core\libs\iic_eeprom\iic_eeprom.o
                0x08003894                EEP24XX_ReadByte
 .text.EEP24XX_WriteByte
                0x080038b8       0x2c output\obj\debug\core\libs\iic_eeprom\iic_eeprom.o
                0x080038b8                EEP24XX_WriteByte
 .text.EEP24XX_Clear
                0x080038e4       0xac output\obj\debug\core\libs\iic_eeprom\iic_eeprom.o
                0x080038e4                EEP24XX_Clear
 .text.EEP24XX_Process
                0x08003990      0x1f0 output\obj\debug\core\libs\iic_eeprom\iic_eeprom.o
 .text.MCP23017_Init
                0x08003b80       0x6c output\obj\debug\core\libs\mcp23017\mcp23017.o
                0x08003b80                MCP23017_Init
 .text.NextionInit
                0x08003bec       0x14 output\obj\debug\core\libs\nextion\nextion.o
                0x08003bec                NextionInit
 .text.PCF8523_Init
                0x08003c00       0xd4 output\obj\debug\core\libs\pcf8523\pcf8523.o
                0x08003c00                PCF8523_Init
 .text.PCF8523_GetDateTime
                0x08003cd4      0x138 output\obj\debug\core\libs\pcf8523\pcf8523.o
                0x08003cd4                PCF8523_GetDateTime
 .text.PCF8523_SetDateTime
                0x08003e0c      0x214 output\obj\debug\core\libs\pcf8523\pcf8523.o
                0x08003e0c                PCF8523_SetDateTime
 .text.PCF8523_GetBateryStatus
                0x08004020       0x18 output\obj\debug\core\libs\pcf8523\pcf8523.o
                0x08004020                PCF8523_GetBateryStatus
 .text.PCF8523_GetClockIntegrityBit
                0x08004038       0x18 output\obj\debug\core\libs\pcf8523\pcf8523.o
                0x08004038                PCF8523_GetClockIntegrityBit
 .text.PCF8523_WriteRegister
                0x08004050       0x2c output\obj\debug\core\libs\pcf8523\pcf8523.o
                0x08004050                PCF8523_WriteRegister
 .text.NVIC_EnableIRQ
                0x0800407c       0x2c output\obj\debug\core\src\main.o
 .text.NVIC_SetPriority
                0x080040a8       0xdc output\obj\debug\core\src\main.o
 .text.SysTick_Config
                0x08004184       0x48 output\obj\debug\core\src\main.o
 .text.LL_ADC_SetCommonPathInternalCh
                0x080041cc       0x28 output\obj\debug\core\src\main.o
 .text.LL_ADC_SetSamplingTimeCommonChannels
                0x080041f4       0x24 output\obj\debug\core\src\main.o
 .text.LL_ADC_REG_SetSequencerScanDirection
                0x08004218       0x24 output\obj\debug\core\src\main.o
 .text.LL_ADC_REG_SetSequencerChAdd
                0x0800423c       0x24 output\obj\debug\core\src\main.o
 .text.LL_ADC_DisableIT_EOC
                0x08004260       0x20 output\obj\debug\core\src\main.o
 .text.LL_ADC_DisableIT_EOS
                0x08004280       0x20 output\obj\debug\core\src\main.o
 .text.LL_DMA_SetDataTransferDirection
                0x080042a0       0x44 output\obj\debug\core\src\main.o
 .text.LL_DMA_SetMode
                0x080042e4       0x44 output\obj\debug\core\src\main.o
 .text.LL_DMA_SetPeriphIncMode
                0x08004328       0x44 output\obj\debug\core\src\main.o
 .text.LL_DMA_SetMemoryIncMode
                0x0800436c       0x44 output\obj\debug\core\src\main.o
 .text.LL_DMA_SetPeriphSize
                0x080043b0       0x44 output\obj\debug\core\src\main.o
 .text.LL_DMA_SetMemorySize
                0x080043f4       0x44 output\obj\debug\core\src\main.o
 .text.LL_DMA_SetChannelPriorityLevel
                0x08004438       0x44 output\obj\debug\core\src\main.o
 .text.LL_I2C_EnableClockStretching
                0x0800447c       0x20 output\obj\debug\core\src\main.o
 .text.LL_I2C_DisableGeneralCall
                0x0800449c       0x20 output\obj\debug\core\src\main.o
 .text.LL_I2C_SetOwnAddress2
                0x080044bc       0x2c output\obj\debug\core\src\main.o
 .text.LL_I2C_DisableOwnAddress2
                0x080044e8       0x20 output\obj\debug\core\src\main.o
 .text.LL_I2C_EnableAutoEndMode
                0x08004508       0x20 output\obj\debug\core\src\main.o
 .text.LL_RCC_HSE_Enable
                0x08004528       0x1c output\obj\debug\core\src\main.o
 .text.LL_RCC_HSE_IsReady
                0x08004544       0x20 output\obj\debug\core\src\main.o
 .text.LL_RCC_HSI_Enable
                0x08004564       0x1c output\obj\debug\core\src\main.o
 .text.LL_RCC_HSI_IsReady
                0x08004580       0x1c output\obj\debug\core\src\main.o
 .text.LL_RCC_HSI_SetCalibTrimming
                0x0800459c       0x28 output\obj\debug\core\src\main.o
 .text.LL_RCC_HSI14_Enable
                0x080045c4       0x1c output\obj\debug\core\src\main.o
 .text.LL_RCC_HSI14_IsReady
                0x080045e0       0x1c output\obj\debug\core\src\main.o
 .text.LL_RCC_HSI14_EnableADCControl
                0x080045fc       0x1c output\obj\debug\core\src\main.o
 .text.LL_RCC_HSI14_SetCalibTrimming
                0x08004618       0x28 output\obj\debug\core\src\main.o
 .text.LL_RCC_LSE_Enable
                0x08004640       0x1c output\obj\debug\core\src\main.o
 .text.LL_RCC_LSE_SetDriveCapability
                0x0800465c       0x28 output\obj\debug\core\src\main.o
 .text.LL_RCC_LSE_IsReady
                0x08004684       0x1c output\obj\debug\core\src\main.o
 .text.LL_RCC_SetSysClkSource
                0x080046a0       0x28 output\obj\debug\core\src\main.o
 .text.LL_RCC_GetSysClkSource
                0x080046c8       0x18 output\obj\debug\core\src\main.o
 .text.LL_RCC_SetAHBPrescaler
                0x080046e0       0x28 output\obj\debug\core\src\main.o
 .text.LL_RCC_SetAPB1Prescaler
                0x08004708       0x28 output\obj\debug\core\src\main.o
 .text.LL_RCC_SetUSARTClockSource
                0x08004730       0x34 output\obj\debug\core\src\main.o
 .text.LL_RCC_SetI2CClockSource
                0x08004764       0x28 output\obj\debug\core\src\main.o
 .text.LL_RCC_SetRTCClockSource
                0x0800478c       0x28 output\obj\debug\core\src\main.o
 .text.LL_RCC_EnableRTC
                0x080047b4       0x1c output\obj\debug\core\src\main.o
 .text.LL_RCC_ForceBackupDomainReset
                0x080047d0       0x1c output\obj\debug\core\src\main.o
 .text.LL_RCC_ReleaseBackupDomainReset
                0x080047ec       0x20 output\obj\debug\core\src\main.o
 .text.LL_AHB1_GRP1_EnableClock
                0x0800480c       0x2c output\obj\debug\core\src\main.o
 .text.LL_APB1_GRP1_EnableClock
                0x08004838       0x2c output\obj\debug\core\src\main.o
 .text.LL_APB1_GRP2_EnableClock
                0x08004864       0x2c output\obj\debug\core\src\main.o
 .text.LL_SYSCFG_SetEXTISource
                0x08004890       0x4c output\obj\debug\core\src\main.o
 .text.LL_FLASH_SetLatency
                0x080048dc       0x28 output\obj\debug\core\src\main.o
 .text.LL_FLASH_GetLatency
                0x08004904       0x18 output\obj\debug\core\src\main.o
 .text.LL_SYSTICK_SetClkSource
                0x0800491c       0x34 output\obj\debug\core\src\main.o
 .text.LL_PWR_EnableBkUpAccess
                0x08004950       0x1c output\obj\debug\core\src\main.o
 .text.LL_RTC_SetAsynchPrescaler
                0x0800496c       0x28 output\obj\debug\core\src\main.o
 .text.LL_RTC_SetSynchPrescaler
                0x08004994       0x24 output\obj\debug\core\src\main.o
 .text.LL_RTC_BAK_SetRegister
                0x080049b8       0x28 output\obj\debug\core\src\main.o
 .text.LL_RTC_BAK_GetRegister
                0x080049e0       0x24 output\obj\debug\core\src\main.o
 .text.LL_TIM_SetOnePulseMode
                0x08004a04       0x24 output\obj\debug\core\src\main.o
 .text.LL_TIM_DisableARRPreload
                0x08004a28       0x20 output\obj\debug\core\src\main.o
 .text.LL_TIM_OC_DisableFast
                0x08004a48       0x88 output\obj\debug\core\src\main.o
 .text.LL_TIM_OC_EnablePreload
                0x08004ad0       0x84 output\obj\debug\core\src\main.o
 .text.LL_TIM_SetTriggerOutput
                0x08004b54       0x24 output\obj\debug\core\src\main.o
 .text.LL_TIM_DisableMasterSlaveMode
                0x08004b78       0x20 output\obj\debug\core\src\main.o
 .text.LL_USART_Enable
                0x08004b98       0x1c output\obj\debug\core\src\main.o
 .text.LL_USART_DisableOverrunDetect
                0x08004bb4       0x20 output\obj\debug\core\src\main.o
 .text.LL_USART_SetDEDeassertionTime
                0x08004bd4       0x28 output\obj\debug\core\src\main.o
 .text.LL_USART_SetDEAssertionTime
                0x08004bfc       0x28 output\obj\debug\core\src\main.o
 .text.LL_USART_EnableDEMode
                0x08004c24       0x20 output\obj\debug\core\src\main.o
 .text.LL_USART_SetDESignalPolarity
                0x08004c44       0x28 output\obj\debug\core\src\main.o
 .text.LL_USART_ConfigAsyncMode
                0x08004c6c       0x30 output\obj\debug\core\src\main.o
 .text.LL_GPIO_SetPinMode
                0x08004c9c       0x3c output\obj\debug\core\src\main.o
 .text.LL_GPIO_SetPinPull
                0x08004cd8       0x3c output\obj\debug\core\src\main.o
 .text.LL_GPIO_ResetOutputPin
                0x08004d14       0x18 output\obj\debug\core\src\main.o
 .text.main     0x08004d2c      0x154 output\obj\debug\core\src\main.o
                0x08004d2c                main
 .text.SystemClock_Config
                0x08004e80       0xd0 output\obj\debug\core\src\main.o
                0x08004e80                SystemClock_Config
 .text.MX_ADC_Init
                0x08004f50      0x178 output\obj\debug\core\src\main.o
 .text.MX_I2C1_Init
                0x080050c8      0x120 output\obj\debug\core\src\main.o
 .text.MX_RTC_Init
                0x080051e8       0xd4 output\obj\debug\core\src\main.o
 .text.MX_TIM6_Init
                0x080052bc       0x78 output\obj\debug\core\src\main.o
 .text.MX_TIM15_Init
                0x08005334      0x1fc output\obj\debug\core\src\main.o
 .text.MX_TIM16_Init
                0x08005530      0x180 output\obj\debug\core\src\main.o
 .text.MX_USART1_UART_Init
                0x080056b0      0x174 output\obj\debug\core\src\main.o
 .text.MX_USART2_UART_Init
                0x08005824      0x1c8 output\obj\debug\core\src\main.o
 .text.MX_DMA_Init
                0x080059ec       0x20 output\obj\debug\core\src\main.o
 .text.MX_GPIO_Init
                0x08005a0c      0x1d0 output\obj\debug\core\src\main.o
 .text.Error_Handler
                0x08005bdc        0xc output\obj\debug\core\src\main.o
                0x08005bdc                Error_Handler
 .text.LL_DMA_DisableChannel
                0x08005be8       0x3c output\obj\debug\core\src\stm32f0xx_it.o
 .text.LL_DMA_IsActiveFlag_TC4
                0x08005c24       0x20 output\obj\debug\core\src\stm32f0xx_it.o
 .text.LL_DMA_ClearFlag_TC4
                0x08005c44       0x18 output\obj\debug\core\src\stm32f0xx_it.o
 .text.LL_TIM_ClearFlag_UPDATE
                0x08005c5c       0x18 output\obj\debug\core\src\stm32f0xx_it.o
 .text.LL_TIM_IsActiveFlag_UPDATE
                0x08005c74       0x20 output\obj\debug\core\src\stm32f0xx_it.o
 .text.NMI_Handler
                0x08005c94        0xc output\obj\debug\core\src\stm32f0xx_it.o
                0x08005c94                NMI_Handler
 .text.HardFault_Handler
                0x08005ca0        0x8 output\obj\debug\core\src\stm32f0xx_it.o
                0x08005ca0                HardFault_Handler
 .text.SVC_Handler
                0x08005ca8        0xc output\obj\debug\core\src\stm32f0xx_it.o
                0x08005ca8                SVC_Handler
 .text.PendSV_Handler
                0x08005cb4        0xc output\obj\debug\core\src\stm32f0xx_it.o
                0x08005cb4                PendSV_Handler
 .text.SysTick_Handler
                0x08005cc0       0x1c output\obj\debug\core\src\stm32f0xx_it.o
                0x08005cc0                SysTick_Handler
 .text.DMA1_Channel4_5_IRQHandler
                0x08005cdc       0x38 output\obj\debug\core\src\stm32f0xx_it.o
                0x08005cdc                DMA1_Channel4_5_IRQHandler
 .text.TIM6_DAC_IRQHandler
                0x08005d14       0x2c output\obj\debug\core\src\stm32f0xx_it.o
                0x08005d14                TIM6_DAC_IRQHandler
 .text.USART1_IRQHandler
                0x08005d40       0x10 output\obj\debug\core\src\stm32f0xx_it.o
                0x08005d40                USART1_IRQHandler
 .text.USART2_IRQHandler
                0x08005d50       0x10 output\obj\debug\core\src\stm32f0xx_it.o
                0x08005d50                USART2_IRQHandler
 .text.SystemInit
                0x08005d60       0x88 output\obj\debug\core\src\system_stm32f0xx.o
                0x08005d60                SystemInit
 .text.LL_ADC_IsEnabled
                0x08005de8       0x20 output\obj\debug\drivers\stm32f0xx_hal_driver\src\stm32f0xx_ll_adc.o
 .text.LL_ADC_Init
                0x08005e08       0x58 output\obj\debug\drivers\stm32f0xx_hal_driver\src\stm32f0xx_ll_adc.o
                0x08005e08                LL_ADC_Init
 .text.LL_ADC_REG_Init
                0x08005e60       0x64 output\obj\debug\drivers\stm32f0xx_hal_driver\src\stm32f0xx_ll_adc.o
                0x08005e60                LL_ADC_REG_Init
 .text.LL_EXTI_EnableIT_0_31
                0x08005ec4       0x20 output\obj\debug\drivers\stm32f0xx_hal_driver\src\stm32f0xx_ll_exti.o
 .text.LL_EXTI_DisableIT_0_31
                0x08005ee4       0x24 output\obj\debug\drivers\stm32f0xx_hal_driver\src\stm32f0xx_ll_exti.o
 .text.LL_EXTI_EnableEvent_0_31
                0x08005f08       0x20 output\obj\debug\drivers\stm32f0xx_hal_driver\src\stm32f0xx_ll_exti.o
 .text.LL_EXTI_DisableEvent_0_31
                0x08005f28       0x24 output\obj\debug\drivers\stm32f0xx_hal_driver\src\stm32f0xx_ll_exti.o
 .text.LL_EXTI_EnableRisingTrig_0_31
                0x08005f4c       0x20 output\obj\debug\drivers\stm32f0xx_hal_driver\src\stm32f0xx_ll_exti.o
 .text.LL_EXTI_DisableRisingTrig_0_31
                0x08005f6c       0x24 output\obj\debug\drivers\stm32f0xx_hal_driver\src\stm32f0xx_ll_exti.o
 .text.LL_EXTI_EnableFallingTrig_0_31
                0x08005f90       0x20 output\obj\debug\drivers\stm32f0xx_hal_driver\src\stm32f0xx_ll_exti.o
 .text.LL_EXTI_DisableFallingTrig_0_31
                0x08005fb0       0x24 output\obj\debug\drivers\stm32f0xx_hal_driver\src\stm32f0xx_ll_exti.o
 .text.LL_EXTI_Init
                0x08005fd4      0x104 output\obj\debug\drivers\stm32f0xx_hal_driver\src\stm32f0xx_ll_exti.o
                0x08005fd4                LL_EXTI_Init
 .text.LL_GPIO_SetPinMode
                0x080060d8       0x3c output\obj\debug\drivers\stm32f0xx_hal_driver\src\stm32f0xx_ll_gpio.o
 .text.LL_GPIO_SetPinOutputType
                0x08006114       0x2c output\obj\debug\drivers\stm32f0xx_hal_driver\src\stm32f0xx_ll_gpio.o
 .text.LL_GPIO_SetPinSpeed
                0x08006140       0x3c output\obj\debug\drivers\stm32f0xx_hal_driver\src\stm32f0xx_ll_gpio.o
 .text.LL_GPIO_SetPinPull
                0x0800617c       0x3c output\obj\debug\drivers\stm32f0xx_hal_driver\src\stm32f0xx_ll_gpio.o
 .text.LL_GPIO_SetAFPin_0_7
                0x080061b8       0x4c output\obj\debug\drivers\stm32f0xx_hal_driver\src\stm32f0xx_ll_gpio.o
 .text.LL_GPIO_SetAFPin_8_15
                0x08006204       0x5c output\obj\debug\drivers\stm32f0xx_hal_driver\src\stm32f0xx_ll_gpio.o
 .text.LL_GPIO_Init
                0x08006260       0xcc output\obj\debug\drivers\stm32f0xx_hal_driver\src\stm32f0xx_ll_gpio.o
                0x08006260                LL_GPIO_Init
 .text.LL_I2C_Enable
                0x0800632c       0x1c output\obj\debug\drivers\stm32f0xx_hal_driver\src\stm32f0xx_ll_i2c.o
 .text.LL_I2C_Disable
                0x08006348       0x20 output\obj\debug\drivers\stm32f0xx_hal_driver\src\stm32f0xx_ll_i2c.o
 .text.LL_I2C_ConfigFilters
                0x08006368       0x30 output\obj\debug\drivers\stm32f0xx_hal_driver\src\stm32f0xx_ll_i2c.o
 .text.LL_I2C_SetOwnAddress1
                0x08006398       0x28 output\obj\debug\drivers\stm32f0xx_hal_driver\src\stm32f0xx_ll_i2c.o
 .text.LL_I2C_EnableOwnAddress1
                0x080063c0       0x20 output\obj\debug\drivers\stm32f0xx_hal_driver\src\stm32f0xx_ll_i2c.o
 .text.LL_I2C_DisableOwnAddress1
                0x080063e0       0x20 output\obj\debug\drivers\stm32f0xx_hal_driver\src\stm32f0xx_ll_i2c.o
 .text.LL_I2C_SetTiming
                0x08006400       0x18 output\obj\debug\drivers\stm32f0xx_hal_driver\src\stm32f0xx_ll_i2c.o
 .text.LL_I2C_SetMode
                0x08006418       0x28 output\obj\debug\drivers\stm32f0xx_hal_driver\src\stm32f0xx_ll_i2c.o
 .text.LL_I2C_AcknowledgeNextData
                0x08006440       0x28 output\obj\debug\drivers\stm32f0xx_hal_driver\src\stm32f0xx_ll_i2c.o
 .text.LL_I2C_Init
                0x08006468       0x88 output\obj\debug\drivers\stm32f0xx_hal_driver\src\stm32f0xx_ll_i2c.o
                0x08006468                LL_I2C_Init
 .text.LL_RCC_HSI_IsReady
                0x080064f0       0x1c output\obj\debug\drivers\stm32f0xx_hal_driver\src\stm32f0xx_ll_rcc.o
 .text.LL_RCC_LSE_IsReady
                0x0800650c       0x1c output\obj\debug\drivers\stm32f0xx_hal_driver\src\stm32f0xx_ll_rcc.o
 .text.LL_RCC_GetSysClkSource
                0x08006528       0x18 output\obj\debug\drivers\stm32f0xx_hal_driver\src\stm32f0xx_ll_rcc.o
 .text.LL_RCC_GetAHBPrescaler
                0x08006540       0x18 output\obj\debug\drivers\stm32f0xx_hal_driver\src\stm32f0xx_ll_rcc.o
 .text.LL_RCC_GetAPB1Prescaler
                0x08006558       0x18 output\obj\debug\drivers\stm32f0xx_hal_driver\src\stm32f0xx_ll_rcc.o
 .text.LL_RCC_GetUSARTClockSource
                0x08006570       0x28 output\obj\debug\drivers\stm32f0xx_hal_driver\src\stm32f0xx_ll_rcc.o
 .text.LL_RCC_PLL_GetMainSource
                0x08006598       0x18 output\obj\debug\drivers\stm32f0xx_hal_driver\src\stm32f0xx_ll_rcc.o
 .text.LL_RCC_PLL_GetMultiplicator
                0x080065b0       0x18 output\obj\debug\drivers\stm32f0xx_hal_driver\src\stm32f0xx_ll_rcc.o
 .text.LL_RCC_PLL_GetPrediv
                0x080065c8       0x18 output\obj\debug\drivers\stm32f0xx_hal_driver\src\stm32f0xx_ll_rcc.o
 .text.LL_RCC_GetSystemClocksFreq
                0x080065e0       0x3c output\obj\debug\drivers\stm32f0xx_hal_driver\src\stm32f0xx_ll_rcc.o
                0x080065e0                LL_RCC_GetSystemClocksFreq
 .text.LL_RCC_GetUSARTClockFreq
                0x0800661c       0x80 output\obj\debug\drivers\stm32f0xx_hal_driver\src\stm32f0xx_ll_rcc.o
                0x0800661c                LL_RCC_GetUSARTClockFreq
 .text.RCC_GetSystemClockFreq
                0x0800669c       0x48 output\obj\debug\drivers\stm32f0xx_hal_driver\src\stm32f0xx_ll_rcc.o
                0x0800669c                RCC_GetSystemClockFreq
 .text.RCC_GetHCLKClockFreq
                0x080066e4       0x2c output\obj\debug\drivers\stm32f0xx_hal_driver\src\stm32f0xx_ll_rcc.o
                0x080066e4                RCC_GetHCLKClockFreq
 .text.RCC_GetPCLK1ClockFreq
                0x08006710       0x28 output\obj\debug\drivers\stm32f0xx_hal_driver\src\stm32f0xx_ll_rcc.o
                0x08006710                RCC_GetPCLK1ClockFreq
 .text.RCC_PLL_GetFreqDomain_SYS
                0x08006738       0x70 output\obj\debug\drivers\stm32f0xx_hal_driver\src\stm32f0xx_ll_rcc.o
                0x08006738                RCC_PLL_GetFreqDomain_SYS
 .text.LL_RTC_SetHourFormat
                0x080067a8       0x24 output\obj\debug\drivers\stm32f0xx_hal_driver\src\stm32f0xx_ll_rtc.o
 .text.LL_RTC_GetHourFormat
                0x080067cc       0x18 output\obj\debug\drivers\stm32f0xx_hal_driver\src\stm32f0xx_ll_rtc.o
 .text.LL_RTC_EnableInitMode
                0x080067e4       0x18 output\obj\debug\drivers\stm32f0xx_hal_driver\src\stm32f0xx_ll_rtc.o
 .text.LL_RTC_DisableInitMode
                0x080067fc       0x18 output\obj\debug\drivers\stm32f0xx_hal_driver\src\stm32f0xx_ll_rtc.o
 .text.LL_RTC_IsShadowRegBypassEnabled
                0x08006814       0x20 output\obj\debug\drivers\stm32f0xx_hal_driver\src\stm32f0xx_ll_rtc.o
 .text.LL_RTC_SetAsynchPrescaler
                0x08006834       0x28 output\obj\debug\drivers\stm32f0xx_hal_driver\src\stm32f0xx_ll_rtc.o
 .text.LL_RTC_SetSynchPrescaler
                0x0800685c       0x24 output\obj\debug\drivers\stm32f0xx_hal_driver\src\stm32f0xx_ll_rtc.o
 .text.LL_RTC_EnableWriteProtection
                0x08006880       0x18 output\obj\debug\drivers\stm32f0xx_hal_driver\src\stm32f0xx_ll_rtc.o
 .text.LL_RTC_DisableWriteProtection
                0x08006898       0x1c output\obj\debug\drivers\stm32f0xx_hal_driver\src\stm32f0xx_ll_rtc.o
 .text.LL_RTC_TIME_Config
                0x080068b4       0x50 output\obj\debug\drivers\stm32f0xx_hal_driver\src\stm32f0xx_ll_rtc.o
 .text.LL_RTC_DATE_Config
                0x08006904       0x50 output\obj\debug\drivers\stm32f0xx_hal_driver\src\stm32f0xx_ll_rtc.o
 .text.LL_RTC_IsActiveFlag_INIT
                0x08006954       0x20 output\obj\debug\drivers\stm32f0xx_hal_driver\src\stm32f0xx_ll_rtc.o
 .text.LL_RTC_IsActiveFlag_RS
                0x08006974       0x20 output\obj\debug\drivers\stm32f0xx_hal_driver\src\stm32f0xx_ll_rtc.o
 .text.LL_RTC_ClearFlag_RS
                0x08006994       0x24 output\obj\debug\drivers\stm32f0xx_hal_driver\src\stm32f0xx_ll_rtc.o
 .text.LL_SYSTICK_IsActiveCounterFlag
                0x080069b8       0x20 output\obj\debug\drivers\stm32f0xx_hal_driver\src\stm32f0xx_ll_rtc.o
 .text.LL_RTC_Init
                0x080069d8       0x78 output\obj\debug\drivers\stm32f0xx_hal_driver\src\stm32f0xx_ll_rtc.o
                0x080069d8                LL_RTC_Init
 .text.LL_RTC_TIME_Init
                0x08006a50      0x150 output\obj\debug\drivers\stm32f0xx_hal_driver\src\stm32f0xx_ll_rtc.o
                0x08006a50                LL_RTC_TIME_Init
 .text.LL_RTC_DATE_Init
                0x08006ba0      0x14c output\obj\debug\drivers\stm32f0xx_hal_driver\src\stm32f0xx_ll_rtc.o
                0x08006ba0                LL_RTC_DATE_Init
 .text.LL_RTC_EnterInitMode
                0x08006cec       0x8c output\obj\debug\drivers\stm32f0xx_hal_driver\src\stm32f0xx_ll_rtc.o
                0x08006cec                LL_RTC_EnterInitMode
 .text.LL_RTC_WaitForSynchro
                0x08006d78       0xe0 output\obj\debug\drivers\stm32f0xx_hal_driver\src\stm32f0xx_ll_rtc.o
                0x08006d78                LL_RTC_WaitForSynchro
 .text.LL_TIM_SetPrescaler
                0x08006e58       0x18 output\obj\debug\drivers\stm32f0xx_hal_driver\src\stm32f0xx_ll_tim.o
 .text.LL_TIM_SetAutoReload
                0x08006e70       0x18 output\obj\debug\drivers\stm32f0xx_hal_driver\src\stm32f0xx_ll_tim.o
 .text.LL_TIM_SetRepetitionCounter
                0x08006e88       0x18 output\obj\debug\drivers\stm32f0xx_hal_driver\src\stm32f0xx_ll_tim.o
 .text.LL_TIM_OC_SetCompareCH1
                0x08006ea0       0x18 output\obj\debug\drivers\stm32f0xx_hal_driver\src\stm32f0xx_ll_tim.o
 .text.LL_TIM_OC_SetCompareCH2
                0x08006eb8       0x18 output\obj\debug\drivers\stm32f0xx_hal_driver\src\stm32f0xx_ll_tim.o
 .text.LL_TIM_OC_SetCompareCH3
                0x08006ed0       0x18 output\obj\debug\drivers\stm32f0xx_hal_driver\src\stm32f0xx_ll_tim.o
 .text.LL_TIM_OC_SetCompareCH4
                0x08006ee8       0x18 output\obj\debug\drivers\stm32f0xx_hal_driver\src\stm32f0xx_ll_tim.o
 .text.LL_TIM_GenerateEvent_UPDATE
                0x08006f00       0x1c output\obj\debug\drivers\stm32f0xx_hal_driver\src\stm32f0xx_ll_tim.o
 .text.LL_TIM_Init
                0x08006f1c      0x108 output\obj\debug\drivers\stm32f0xx_hal_driver\src\stm32f0xx_ll_tim.o
                0x08006f1c                LL_TIM_Init
 .text.LL_TIM_OC_Init
                0x08007024       0x9c output\obj\debug\drivers\stm32f0xx_hal_driver\src\stm32f0xx_ll_tim.o
                0x08007024                LL_TIM_OC_Init
 .text.LL_TIM_BDTR_Init
                0x080070c0       0xac output\obj\debug\drivers\stm32f0xx_hal_driver\src\stm32f0xx_ll_tim.o
                0x080070c0                LL_TIM_BDTR_Init
 .text.OC1Config
                0x0800716c      0x114 output\obj\debug\drivers\stm32f0xx_hal_driver\src\stm32f0xx_ll_tim.o
 .text.OC2Config
                0x08007280      0x120 output\obj\debug\drivers\stm32f0xx_hal_driver\src\stm32f0xx_ll_tim.o
 .text.OC3Config
                0x080073a0      0x120 output\obj\debug\drivers\stm32f0xx_hal_driver\src\stm32f0xx_ll_tim.o
 .text.OC4Config
                0x080074c0       0xec output\obj\debug\drivers\stm32f0xx_hal_driver\src\stm32f0xx_ll_tim.o
 .text.LL_USART_IsEnabled
                0x080075ac       0x20 output\obj\debug\drivers\stm32f0xx_hal_driver\src\stm32f0xx_ll_usart.o
 .text.LL_USART_SetStopBitsLength
                0x080075cc       0x28 output\obj\debug\drivers\stm32f0xx_hal_driver\src\stm32f0xx_ll_usart.o
 .text.LL_USART_SetHWFlowCtrl
                0x080075f4       0x28 output\obj\debug\drivers\stm32f0xx_hal_driver\src\stm32f0xx_ll_usart.o
 .text.LL_USART_SetBaudRate
                0x0800761c       0x70 output\obj\debug\drivers\stm32f0xx_hal_driver\src\stm32f0xx_ll_usart.o
 .text.LL_USART_Init
                0x0800768c       0xd0 output\obj\debug\drivers\stm32f0xx_hal_driver\src\stm32f0xx_ll_usart.o
                0x0800768c                LL_USART_Init
 .text.LL_InitTick
                0x0800775c       0x34 output\obj\debug\drivers\stm32f0xx_hal_driver\src\stm32f0xx_ll_utils.o
 .text.LL_Init1msTick
                0x08007790       0x20 output\obj\debug\drivers\stm32f0xx_hal_driver\src\stm32f0xx_ll_utils.o
                0x08007790                LL_Init1msTick
 .text.LL_mDelay
                0x080077b0       0x44 output\obj\debug\drivers\stm32f0xx_hal_driver\src\stm32f0xx_ll_utils.o
                0x080077b0                LL_mDelay
 .text.LL_SetSystemCoreClock
                0x080077f4       0x1c output\obj\debug\drivers\stm32f0xx_hal_driver\src\stm32f0xx_ll_utils.o
                0x080077f4                LL_SetSystemCoreClock
 .text          0x08007810       0xa0 output\obj\debug\startup\startup_stm32f0xx.o
                0x08007810                Reset_Handler
                0x08007844                _start
                0x08007864                Default_Handler
                0x08007866                WWDG_IRQHandler
                0x08007868                PVD_IRQHandler
                0x0800786a                RTC_IRQHandler
                0x0800786c                FLASH_IRQHandler
                0x0800786e                RCC_IRQHandler
                0x08007870                EXTI0_1_IRQHandler
                0x08007872                EXTI2_3_IRQHandler
                0x08007874                EXTI4_15_IRQHandler
                0x08007876                TS_IRQHandler
                0x08007878                DMA1_Channel1_IRQHandler
                0x0800787a                DMA1_Channel2_3_IRQHandler
                0x0800787e                ADC1_COMP_IRQHandler
                0x08007880                TIM1_BRK_UP_TRG_COM_IRQHandler
                0x08007882                TIM1_CC_IRQHandler
                0x08007884                TIM2_IRQHandler
                0x08007886                TIM3_IRQHandler
                0x0800788a                TIM7_IRQHandler
                0x0800788c                TIM14_IRQHandler
                0x0800788e                TIM15_IRQHandler
                0x08007890                TIM16_IRQHandler
                0x08007892                TIM17_IRQHandler
                0x08007894                I2C1_IRQHandler
                0x08007896                I2C2_IRQHandler
                0x08007898                SPI1_IRQHandler
                0x0800789a                SPI2_IRQHandler
                0x080078a0                USART3_4_IRQHandler
                0x080078a2                CEC_IRQHandler
                0x080078a4                USB_IRQHandler
                0x080078a6                BootRAM
 .text          0x080078b0      0x114 c:/program files (x86)/embitz/1.11/share/em_armgcc/bin/../lib/gcc/arm-none-eabi/5.4.1/armv6-m\libgcc.a(_udivsi3.o)
                0x080078b0                __aeabi_uidiv
                0x080078b0                __udivsi3
                0x080079bc                __aeabi_uidivmod
 .text          0x080079c4      0x1d4 c:/program files (x86)/embitz/1.11/share/em_armgcc/bin/../lib/gcc/arm-none-eabi/5.4.1/armv6-m\libgcc.a(_divsi3.o)
                0x080079c4                __divsi3
                0x080079c4                __aeabi_idiv
                0x08007b90                __aeabi_idivmod
 .text          0x08007b98        0x4 c:/program files (x86)/embitz/1.11/share/em_armgcc/bin/../lib/gcc/arm-none-eabi/5.4.1/armv6-m\libgcc.a(_dvmd_tls.o)
                0x08007b98                __aeabi_idiv0
                0x08007b98                __aeabi_ldiv0
 .text.malloc   0x08007b9c       0x14 c:/program files (x86)/embitz/1.11/share/em_armgcc/bin/../lib/gcc/arm-none-eabi/5.4.1/../../../../arm-none-eabi/lib/armv6-m\libg.a(lib_a-malloc.o)
                0x08007b9c                malloc
 .text.free     0x08007bb0       0x14 c:/program files (x86)/embitz/1.11/share/em_armgcc/bin/../lib/gcc/arm-none-eabi/5.4.1/../../../../arm-none-eabi/lib/armv6-m\libg.a(lib_a-malloc.o)
                0x08007bb0                free
 .text._malloc_r
                0x08007bc4      0x554 c:/program files (x86)/embitz/1.11/share/em_armgcc/bin/../lib/gcc/arm-none-eabi/5.4.1/../../../../arm-none-eabi/lib/armv6-m\libg.a(lib_a-mallocr.o)
                0x08007bc4                _malloc_r
 .text.memcpy   0x08008118       0x7c c:/program files (x86)/embitz/1.11/share/em_armgcc/bin/../lib/gcc/arm-none-eabi/5.4.1/../../../../arm-none-eabi/lib/armv6-m\libg.a(lib_a-memcpy-stub.o)
                0x08008118                memcpy
 .text.memset   0x08008194       0x8c c:/program files (x86)/embitz/1.11/share/em_armgcc/bin/../lib/gcc/arm-none-eabi/5.4.1/../../../../arm-none-eabi/lib/armv6-m\libg.a(lib_a-memset.o)
                0x08008194                memset
 .text.__malloc_lock
                0x08008220        0x4 c:/program files (x86)/embitz/1.11/share/em_armgcc/bin/../lib/gcc/arm-none-eabi/5.4.1/../../../../arm-none-eabi/lib/armv6-m\libg.a(lib_a-mlock.o)
                0x08008220                __malloc_lock
 .text.__malloc_unlock
                0x08008224        0x4 c:/program files (x86)/embitz/1.11/share/em_armgcc/bin/../lib/gcc/arm-none-eabi/5.4.1/../../../../arm-none-eabi/lib/armv6-m\libg.a(lib_a-mlock.o)
                0x08008224                __malloc_unlock
 .text._sbrk_r  0x08008228       0x24 c:/program files (x86)/embitz/1.11/share/em_armgcc/bin/../lib/gcc/arm-none-eabi/5.4.1/../../../../arm-none-eabi/lib/armv6-m\libg.a(lib_a-sbrkr.o)
                0x08008228                _sbrk_r
 .text._malloc_trim_r
                0x0800824c       0xa0 c:/program files (x86)/embitz/1.11/share/em_armgcc/bin/../lib/gcc/arm-none-eabi/5.4.1/../../../../arm-none-eabi/lib/armv6-m\libg.a(lib_a-freer.o)
                0x0800824c                _malloc_trim_r
 .text._free_r  0x080082ec      0x1c4 c:/program files (x86)/embitz/1.11/share/em_armgcc/bin/../lib/gcc/arm-none-eabi/5.4.1/../../../../arm-none-eabi/lib/armv6-m\libg.a(lib_a-freer.o)
                0x080082ec                _free_r
 .text._sbrk    0x080084b0       0x1c c:/program files (x86)/embitz/1.11/share/em_armgcc/bin/../lib/gcc/arm-none-eabi/5.4.1/../../../../arm-none-eabi/lib/armv6-m\libnosys.a(sbrk.o)
                0x080084b0                _sbrk
 *(.init)
 *(.fini)
 *crtbegin.o(.ctors)
 *crtbegin?.o(.ctors)
 *(EXCLUDE_FILE(*crtend.o *crtend?.o) .ctors)
 *(SORT(.ctors.*))
 *(.ctors)
 *crtbegin.o(.dtors)
 *crtbegin?.o(.dtors)
 *(EXCLUDE_FILE(*crtend.o *crtend?.o) .dtors)
 *(SORT(.dtors.*))
 *(.dtors)
 *(.rodata*)
 .rodata.CHANNEL_OFFSET_TAB
                0x080084cc        0x5 output\obj\debug\core\bsp\unicon\drivers\dma.o
 *fill*         0x080084d1        0x3 
 .rodata.baudrates
                0x080084d4       0x18 output\obj\debug\core\bsp\unicon\drivers\usart.o
                0x080084d4                baudrates
 .rodata        0x080084ec       0x1c output\obj\debug\core\bsp\unicon\drivers\usart.o
 .rodata.aucCRCHi
                0x08008508      0x100 output\obj\debug\core\libs\freemodbus\modbus\rtu\mbcrc.o
 .rodata.aucCRCLo
                0x08008608      0x100 output\obj\debug\core\libs\freemodbus\modbus\rtu\mbcrc.o
 .rodata.CHANNEL_OFFSET_TAB
                0x08008708        0x5 output\obj\debug\core\src\main.o
 *fill*         0x0800870d        0x3 
 .rodata.OFFSET_TAB_CCMRx
                0x08008710        0x7 output\obj\debug\core\src\main.o
 *fill*         0x08008717        0x1 
 .rodata.SHIFT_TAB_OCxx
                0x08008718        0x7 output\obj\debug\core\src\main.o
 *fill*         0x0800871f        0x1 
 .rodata.CHANNEL_OFFSET_TAB
                0x08008720        0x5 output\obj\debug\core\src\stm32f0xx_it.o
 *fill*         0x08008725        0x3 
 .rodata.AHBPrescTable
                0x08008728       0x10 output\obj\debug\core\src\system_stm32f0xx.o
                0x08008728                AHBPrescTable
 .rodata.APBPrescTable
                0x08008738        0x8 output\obj\debug\core\src\system_stm32f0xx.o
                0x08008738                APBPrescTable
 .rodata.str1.4
                0x08008740        0x4 c:/program files (x86)/embitz/1.11/share/em_armgcc/bin/../lib/gcc/arm-none-eabi/5.4.1/../../../../arm-none-eabi/lib/armv6-m\libg.a(lib_a-impure.o)
                                  0x2 (size before relaxing)
 *(.eh_frame*)

.glue_7         0x08008744        0x0
 .glue_7        0x08008744        0x0 linker stubs

.glue_7t        0x08008744        0x0
 .glue_7t       0x08008744        0x0 linker stubs

.vfp11_veneer   0x08008744        0x0
 .vfp11_veneer  0x08008744        0x0 linker stubs

.v4_bx          0x08008744        0x0
 .v4_bx         0x08008744        0x0 linker stubs

.iplt           0x08008744        0x0
 .iplt          0x08008744        0x0 output\obj\debug\core\bsp\unicon\drivers\adc.o

.rel.dyn        0x08008744        0x0
 .rel.iplt      0x08008744        0x0 output\obj\debug\core\bsp\unicon\drivers\adc.o

.ARM.extab
 *(.ARM.extab* .gnu.linkonce.armextab.*)
                0x08008744                __exidx_start = .

.ARM.exidx
 *(.ARM.exidx* .gnu.linkonce.armexidx.*)
                0x08008744                __exidx_end = .
                0x08008744                __etext = .

.data           0x20000000      0x8e4 load address 0x08008744
                0x20000000                __data_start__ = .
 *(vtable)
 *(.data*)
 .data.usart_handle
                0x20000000        0x8 output\obj\debug\core\bsp\unicon\drivers\usart.o
                0x20000000                usart_handle
 .data.ptrPrimaryRxBuffer
                0x20000008        0x4 output\obj\debug\core\bsp\unicon\drivers\usart.o
                0x20000008                ptrPrimaryRxBuffer
 .data.ptrSecondaryRxBuffer
                0x2000000c        0x4 output\obj\debug\core\bsp\unicon\drivers\usart.o
                0x2000000c                ptrSecondaryRxBuffer
 .data.ptrSecondaryTxBuffer
                0x20000010        0x4 output\obj\debug\core\bsp\unicon\drivers\usart.o
                0x20000010                ptrSecondaryTxBuffer
 .data.eMBState
                0x20000014        0x1 output\obj\debug\core\libs\freemodbus\modbus\mb.o
 *fill*         0x20000015        0x3 
 .data.xFuncHandlers
                0x20000018       0x80 output\obj\debug\core\libs\freemodbus\modbus\mb.o
 .data.ptrInputRegs
                0x20000098        0x4 output\obj\debug\core\libs\freemodbus\user_mb_app.o
                0x20000098                ptrInputRegs
 .data.ptrHoldingRegs
                0x2000009c        0x4 output\obj\debug\core\libs\freemodbus\user_mb_app.o
                0x2000009c                ptrHoldingRegs
 .data.SystemCoreClock
                0x200000a0        0x4 output\obj\debug\core\src\system_stm32f0xx.o
                0x200000a0                SystemCoreClock
 .data.__malloc_av_
                0x200000a4      0x408 c:/program files (x86)/embitz/1.11/share/em_armgcc/bin/../lib/gcc/arm-none-eabi/5.4.1/../../../../arm-none-eabi/lib/armv6-m\libg.a(lib_a-mallocr.o)
                0x200000a4                __malloc_av_
 .data.__malloc_trim_threshold
                0x200004ac        0x4 c:/program files (x86)/embitz/1.11/share/em_armgcc/bin/../lib/gcc/arm-none-eabi/5.4.1/../../../../arm-none-eabi/lib/armv6-m\libg.a(lib_a-mallocr.o)
                0x200004ac                __malloc_trim_threshold
 .data.__malloc_sbrk_base
                0x200004b0        0x4 c:/program files (x86)/embitz/1.11/share/em_armgcc/bin/../lib/gcc/arm-none-eabi/5.4.1/../../../../arm-none-eabi/lib/armv6-m\libg.a(lib_a-mallocr.o)
                0x200004b0                __malloc_sbrk_base
 *fill*         0x200004b4        0x4 
 .data.impure_data
                0x200004b8      0x428 c:/program files (x86)/embitz/1.11/share/em_armgcc/bin/../lib/gcc/arm-none-eabi/5.4.1/../../../../arm-none-eabi/lib/armv6-m\libg.a(lib_a-impure.o)
 .data._impure_ptr
                0x200008e0        0x4 c:/program files (x86)/embitz/1.11/share/em_armgcc/bin/../lib/gcc/arm-none-eabi/5.4.1/../../../../arm-none-eabi/lib/armv6-m\libg.a(lib_a-impure.o)
                0x200008e0                _impure_ptr
                0x200008e4                . = ALIGN (0x4)
                [!provide]                PROVIDE (__preinit_array_start, .)
 *(.preinit_array)
                [!provide]                PROVIDE (__preinit_array_end, .)
                0x200008e4                . = ALIGN (0x4)
                [!provide]                PROVIDE (__init_array_start, .)
 *(SORT(.init_array.*))
 *(.init_array)
                [!provide]                PROVIDE (__init_array_end, .)
                0x200008e4                . = ALIGN (0x4)
                [!provide]                PROVIDE (__fini_array_start, .)
 *(SORT(.fini_array.*))
 *(.fini_array)
                [!provide]                PROVIDE (__fini_array_end, .)
                0x200008e4                . = ALIGN (0x4)
                0x200008e4                __data_end__ = .

.igot.plt       0x200008e4        0x0 load address 0x08009028
 .igot.plt      0x200008e4        0x0 output\obj\debug\core\bsp\unicon\drivers\adc.o

.bss            0x200008e4      0x3a8 load address 0x08009028
                0x200008e4                __bss_start__ = .
 *(.bss*)
 .bss.TxState   0x200008e4        0x1 output\obj\debug\core\bsp\unicon\drivers\usart.o
                0x200008e4                TxState
 *fill*         0x200008e5        0x3 
 .bss.delay.10652
                0x200008e8        0x4 output\obj\debug\core\bsp\unicon\unicon.o
 .bss.delay.10676
                0x200008ec        0x4 output\obj\debug\core\bsp\unicon\unicon.o
 .bss.ucMBSlaveID
                0x200008f0       0x20 output\obj\debug\core\libs\freemodbus\modbus\functions\mbfuncother.o
 .bss.usMBSlaveIDLen
                0x20000910        0x2 output\obj\debug\core\libs\freemodbus\modbus\functions\mbfuncother.o
 .bss.ucMBAddress
                0x20000912        0x1 output\obj\debug\core\libs\freemodbus\modbus\mb.o
 .bss.eMBCurrentMode
                0x20000913        0x1 output\obj\debug\core\libs\freemodbus\modbus\mb.o
 .bss.peMBFrameSendCur
                0x20000914        0x4 output\obj\debug\core\libs\freemodbus\modbus\mb.o
 .bss.pvMBFrameStartCur
                0x20000918        0x4 output\obj\debug\core\libs\freemodbus\modbus\mb.o
 .bss.pvMBFrameStopCur
                0x2000091c        0x4 output\obj\debug\core\libs\freemodbus\modbus\mb.o
 .bss.peMBFrameReceiveCur
                0x20000920        0x4 output\obj\debug\core\libs\freemodbus\modbus\mb.o
 .bss.pvMBFrameCloseCur
                0x20000924        0x4 output\obj\debug\core\libs\freemodbus\modbus\mb.o
 .bss.ucRcvAddress.9597
                0x20000928        0x1 output\obj\debug\core\libs\freemodbus\modbus\mb.o
 *fill*         0x20000929        0x3 
 .bss.ucMBFrame.9596
                0x2000092c        0x4 output\obj\debug\core\libs\freemodbus\modbus\mb.o
 .bss.usLength.9599
                0x20000930        0x2 output\obj\debug\core\libs\freemodbus\modbus\mb.o
 .bss.ucFunctionCode.9598
                0x20000932        0x1 output\obj\debug\core\libs\freemodbus\modbus\mb.o
 .bss.eException.9600
                0x20000933        0x1 output\obj\debug\core\libs\freemodbus\modbus\mb.o
 .bss.eSndState
                0x20000934        0x1 output\obj\debug\core\libs\freemodbus\modbus\rtu\mbrtu.o
 .bss.eRcvState
                0x20000935        0x1 output\obj\debug\core\libs\freemodbus\modbus\rtu\mbrtu.o
 *fill*         0x20000936        0x2 
 .bss.pucSndBufferCur
                0x20000938        0x4 output\obj\debug\core\libs\freemodbus\modbus\rtu\mbrtu.o
 .bss.usSndBufferCount
                0x2000093c        0x2 output\obj\debug\core\libs\freemodbus\modbus\rtu\mbrtu.o
 .bss.usRcvBufferPos
                0x2000093e        0x2 output\obj\debug\core\libs\freemodbus\modbus\rtu\mbrtu.o
 .bss.eQueuedEvent
                0x20000940        0x1 output\obj\debug\core\libs\freemodbus\port\portevent.o
 .bss.xEventInQueue
                0x20000941        0x1 output\obj\debug\core\libs\freemodbus\port\portevent.o
 .bss.usT35TimeOut50us
                0x20000942        0x2 output\obj\debug\core\libs\freemodbus\port\porttimer.o
 .bss.usDiscInputStart
                0x20000944        0x2 output\obj\debug\core\libs\freemodbus\user_mb_app.o
                0x20000944                usDiscInputStart
 .bss.usCoilStart
                0x20000946        0x2 output\obj\debug\core\libs\freemodbus\user_mb_app.o
                0x20000946                usCoilStart
 .bss.usRegInputStart
                0x20000948        0x2 output\obj\debug\core\libs\freemodbus\user_mb_app.o
                0x20000948                usRegInputStart
 .bss.usRegHoldingStart
                0x2000094a        0x2 output\obj\debug\core\libs\freemodbus\user_mb_app.o
                0x2000094a                usRegHoldingStart
 .bss.MCP23017_Flag
                0x2000094c        0x1 output\obj\debug\core\libs\mcp23017\mcp23017.o
                0x2000094c                MCP23017_Flag
 .bss.PCF8523_NeedInit
                0x2000094d        0x1 output\obj\debug\core\libs\pcf8523\pcf8523.o
                0x2000094d                PCF8523_NeedInit
 .bss.PCF8523_BatteryStatus
                0x2000094e        0x1 output\obj\debug\core\libs\pcf8523\pcf8523.o
                0x2000094e                PCF8523_BatteryStatus
 .bss.PCF8523_Flag
                0x2000094f        0x1 output\obj\debug\core\libs\pcf8523\pcf8523.o
 .bss.PCF8523_Registers
                0x20000950       0x14 output\obj\debug\core\libs\pcf8523\pcf8523.o
 .bss.delay.10714
                0x20000964        0x4 output\obj\debug\core\src\main.o
 .bss.delay_sec.10715
                0x20000968        0x4 output\obj\debug\core\src\main.o
 .bss.delay_minute.10716
                0x2000096c        0x4 output\obj\debug\core\src\main.o
 .bss.timestamp
                0x20000970        0x4 output\obj\debug\core\src\stm32f0xx_it.o
                0x20000970                timestamp
 .bss.__malloc_max_total_mem
                0x20000974        0x4 c:/program files (x86)/embitz/1.11/share/em_armgcc/bin/../lib/gcc/arm-none-eabi/5.4.1/../../../../arm-none-eabi/lib/armv6-m\libg.a(lib_a-mallocr.o)
                0x20000974                __malloc_max_total_mem
 .bss.__malloc_max_sbrked_mem
                0x20000978        0x4 c:/program files (x86)/embitz/1.11/share/em_armgcc/bin/../lib/gcc/arm-none-eabi/5.4.1/../../../../arm-none-eabi/lib/armv6-m\libg.a(lib_a-mallocr.o)
                0x20000978                __malloc_max_sbrked_mem
 .bss.__malloc_top_pad
                0x2000097c        0x4 c:/program files (x86)/embitz/1.11/share/em_armgcc/bin/../lib/gcc/arm-none-eabi/5.4.1/../../../../arm-none-eabi/lib/armv6-m\libg.a(lib_a-mallocr.o)
                0x2000097c                __malloc_top_pad
 .bss.__malloc_current_mallinfo
                0x20000980       0x28 c:/program files (x86)/embitz/1.11/share/em_armgcc/bin/../lib/gcc/arm-none-eabi/5.4.1/../../../../arm-none-eabi/lib/armv6-m\libg.a(lib_a-mallocr.o)
                0x20000980                __malloc_current_mallinfo
 .bss.heap_end.4167
                0x200009a8        0x4 c:/program files (x86)/embitz/1.11/share/em_armgcc/bin/../lib/gcc/arm-none-eabi/5.4.1/../../../../arm-none-eabi/lib/armv6-m\libnosys.a(sbrk.o)
 *(COMMON)
 COMMON         0x200009ac       0x2c output\obj\debug\core\bsp\unicon\drivers\adc.o
                0x200009ac                ADC_InternalRegisters
                0x200009d0                AnalogInputs
 COMMON         0x200009d8        0xc output\obj\debug\core\bsp\unicon\drivers\rtc.o
                0x200009d8                RTC_Date
                0x200009dc                RTC_Time
 COMMON         0x200009e4        0x2 output\obj\debug\core\bsp\unicon\drivers\tim.o
                0x200009e4                BeeperCounter
 *fill*         0x200009e6        0x2 
 COMMON         0x200009e8       0xb0 output\obj\debug\core\bsp\unicon\drivers\usart.o
                0x200009e8                port_register
                0x20000a88                port_config
 COMMON         0x20000a98       0x38 output\obj\debug\core\bsp\unicon\unicon.o
                0x20000a98                SysData
                0x20000ac4                UnitID
 COMMON         0x20000ad0       0x14 output\obj\debug\core\libs\freemodbus\modbus\mb.o
                0x20000ad0                pxMBFrameCBTransmitterEmpty
                0x20000ad4                pxMBPortCBTimerExpired
                0x20000ad8                pxMBFrameCBByteReceived
                0x20000adc                pxMBFrameCBTransmitFSMCur
                0x20000ae0                pxMBFrameCBReceiveFSMCur
 COMMON         0x20000ae4      0x100 output\obj\debug\core\libs\freemodbus\modbus\rtu\mbrtu.o
                0x20000ae4                ucRTUBuf
 COMMON         0x20000be4       0x68 output\obj\debug\core\libs\freemodbus\user_mb_app.o
                0x20000be4                ucSlaveIdBuf
                0x20000c04                ucDiscInputBuf
                0x20000c08                usRegInputBuf
                0x20000c28                usRegHoldingBuf
                0x20000c48                ucCoilBuf
 COMMON         0x20000c4c       0x16 output\obj\debug\core\libs\mcp23017\mcp23017.o
                0x20000c4c                MCP23017_Registers
 *fill*         0x20000c62        0x2 
 COMMON         0x20000c64       0x24 output\obj\debug\core\libs\nextion\nextion.o
                0x20000c64                Nextion
                0x20000c68                cmd_buf
 COMMON         0x20000c88        0x4 c:/program files (x86)/embitz/1.11/share/em_armgcc/bin/../lib/gcc/arm-none-eabi/5.4.1/../../../../arm-none-eabi/lib/armv6-m\libg.a(lib_a-reent.o)
                0x20000c88                errno
                0x20000c8c                __bss_end__ = .

.heap           0x20000c90      0x400
                0x20000c90                __end__ = .
                0x20000c90                end = __end__
 *(.heap*)
 .heap          0x20000c90      0x400 output\obj\debug\startup\startup_stm32f0xx.o
                0x20000c90                __HeapBase
                0x20001090                __HeapLimit = .

.stack_dummy    0x20000c90      0x100
 *(.stack)
 .stack         0x20000c90      0x100 output\obj\debug\startup\startup_stm32f0xx.o
                0x20002000                __StackTop = (ORIGIN (RAM) + LENGTH (RAM))
                0x20001f00                __StackLimit = (__StackTop - SIZEOF (.stack_dummy))
                [!provide]                PROVIDE (__stack, __StackTop)
                0x00000001                ASSERT ((__StackLimit >= __HeapLimit), region RAM overflowed with stack)
LOAD output\obj\debug\core\bsp\unicon\drivers\adc.o
LOAD output\obj\debug\core\bsp\unicon\drivers\dma.o
LOAD output\obj\debug\core\bsp\unicon\drivers\iic.o
LOAD output\obj\debug\core\bsp\unicon\drivers\io.o
LOAD output\obj\debug\core\bsp\unicon\drivers\pwm.o
LOAD output\obj\debug\core\bsp\unicon\drivers\rtc.o
LOAD output\obj\debug\core\bsp\unicon\drivers\tim.o
LOAD output\obj\debug\core\bsp\unicon\drivers\usart.o
LOAD output\obj\debug\core\bsp\unicon\unicon.o
LOAD output\obj\debug\core\libs\freemodbus\modbus\ascii\mbascii.o
LOAD output\obj\debug\core\libs\freemodbus\modbus\functions\mbfunccoils.o
LOAD output\obj\debug\core\libs\freemodbus\modbus\functions\mbfuncdiag.o
LOAD output\obj\debug\core\libs\freemodbus\modbus\functions\mbfuncdisc.o
LOAD output\obj\debug\core\libs\freemodbus\modbus\functions\mbfuncholding.o
LOAD output\obj\debug\core\libs\freemodbus\modbus\functions\mbfuncinput.o
LOAD output\obj\debug\core\libs\freemodbus\modbus\functions\mbfuncother.o
LOAD output\obj\debug\core\libs\freemodbus\modbus\functions\mbutils.o
LOAD output\obj\debug\core\libs\freemodbus\modbus\mb.o
LOAD output\obj\debug\core\libs\freemodbus\modbus\rtu\mbcrc.o
LOAD output\obj\debug\core\libs\freemodbus\modbus\rtu\mbrtu.o
LOAD output\obj\debug\core\libs\freemodbus\modbus\tcp\mbtcp.o
LOAD output\obj\debug\core\libs\freemodbus\port\port.o
LOAD output\obj\debug\core\libs\freemodbus\port\portevent.o
LOAD output\obj\debug\core\libs\freemodbus\port\portserial.o
LOAD output\obj\debug\core\libs\freemodbus\port\porttimer.o
LOAD output\obj\debug\core\libs\freemodbus\user_mb_app.o
LOAD output\obj\debug\core\libs\iic_eeprom\iic_eeprom.o
LOAD output\obj\debug\core\libs\mcp23017\mcp23017.o
LOAD output\obj\debug\core\libs\nextion\nextion.o
LOAD output\obj\debug\core\libs\pcf8523\pcf8523.o
LOAD output\obj\debug\core\libs\pcf8574\pcf8574.o
LOAD output\obj\debug\core\src\main.o
LOAD output\obj\debug\core\src\stm32f0xx_it.o
LOAD output\obj\debug\core\src\system_stm32f0xx.o
LOAD output\obj\debug\drivers\stm32f0xx_hal_driver\src\stm32f0xx_ll_adc.o
LOAD output\obj\debug\drivers\stm32f0xx_hal_driver\src\stm32f0xx_ll_dma.o
LOAD output\obj\debug\drivers\stm32f0xx_hal_driver\src\stm32f0xx_ll_exti.o
LOAD output\obj\debug\drivers\stm32f0xx_hal_driver\src\stm32f0xx_ll_gpio.o
LOAD output\obj\debug\drivers\stm32f0xx_hal_driver\src\stm32f0xx_ll_i2c.o
LOAD output\obj\debug\drivers\stm32f0xx_hal_driver\src\stm32f0xx_ll_pwr.o
LOAD output\obj\debug\drivers\stm32f0xx_hal_driver\src\stm32f0xx_ll_rcc.o
LOAD output\obj\debug\drivers\stm32f0xx_hal_driver\src\stm32f0xx_ll_rtc.o
LOAD output\obj\debug\drivers\stm32f0xx_hal_driver\src\stm32f0xx_ll_tim.o
LOAD output\obj\debug\drivers\stm32f0xx_hal_driver\src\stm32f0xx_ll_usart.o
LOAD output\obj\debug\drivers\stm32f0xx_hal_driver\src\stm32f0xx_ll_utils.o
LOAD output\obj\debug\startup\startup_stm32f0xx.o
LOAD c:/program files (x86)/embitz/1.11/share/em_armgcc/bin/../lib/gcc/arm-none-eabi/5.4.1/../../../../arm-none-eabi/lib/armv6-m\libm.a
START GROUP
LOAD c:/program files (x86)/embitz/1.11/share/em_armgcc/bin/../lib/gcc/arm-none-eabi/5.4.1/armv6-m\libgcc.a
LOAD c:/program files (x86)/embitz/1.11/share/em_armgcc/bin/../lib/gcc/arm-none-eabi/5.4.1/../../../../arm-none-eabi/lib/armv6-m\libg.a
LOAD c:/program files (x86)/embitz/1.11/share/em_armgcc/bin/../lib/gcc/arm-none-eabi/5.4.1/../../../../arm-none-eabi/lib/armv6-m\libc.a
END GROUP
START GROUP
LOAD c:/program files (x86)/embitz/1.11/share/em_armgcc/bin/../lib/gcc/arm-none-eabi/5.4.1/armv6-m\libgcc.a
LOAD c:/program files (x86)/embitz/1.11/share/em_armgcc/bin/../lib/gcc/arm-none-eabi/5.4.1/../../../../arm-none-eabi/lib/armv6-m\libc.a
LOAD c:/program files (x86)/embitz/1.11/share/em_armgcc/bin/../lib/gcc/arm-none-eabi/5.4.1/../../../../arm-none-eabi/lib/armv6-m\libnosys.a
END GROUP
OUTPUT(Output\bin\Debug\ihouse.elf elf32-littlearm)

.debug_info     0x00000000     0xeba6
 .debug_info    0x00000000      0x6b5 output\obj\debug\core\bsp\unicon\drivers\adc.o
 .debug_info    0x000006b5      0x543 output\obj\debug\core\bsp\unicon\drivers\dma.o
 .debug_info    0x00000bf8      0x5c6 output\obj\debug\core\bsp\unicon\drivers\iic.o
 .debug_info    0x000011be      0x325 output\obj\debug\core\bsp\unicon\drivers\pwm.o
 .debug_info    0x000014e3      0x692 output\obj\debug\core\bsp\unicon\drivers\rtc.o
 .debug_info    0x00001b75      0x56d output\obj\debug\core\bsp\unicon\drivers\tim.o
 .debug_info    0x000020e2      0x950 output\obj\debug\core\bsp\unicon\drivers\usart.o
 .debug_info    0x00002a32      0x8fb output\obj\debug\core\bsp\unicon\unicon.o
 .debug_info    0x0000332d      0x3d9 output\obj\debug\core\libs\freemodbus\modbus\functions\mbfunccoils.o
 .debug_info    0x00003706      0x2b8 output\obj\debug\core\libs\freemodbus\modbus\functions\mbfuncdisc.o
 .debug_info    0x000039be      0x445 output\obj\debug\core\libs\freemodbus\modbus\functions\mbfuncholding.o
 .debug_info    0x00003e03      0x2aa output\obj\debug\core\libs\freemodbus\modbus\functions\mbfuncinput.o
 .debug_info    0x000040ad      0x317 output\obj\debug\core\libs\freemodbus\modbus\functions\mbfuncother.o
 .debug_info    0x000043c4      0x36e output\obj\debug\core\libs\freemodbus\modbus\functions\mbutils.o
 .debug_info    0x00004732      0x74b output\obj\debug\core\libs\freemodbus\modbus\mb.o
 .debug_info    0x00004e7d      0x22d output\obj\debug\core\libs\freemodbus\modbus\rtu\mbcrc.o
 .debug_info    0x000050aa      0x707 output\obj\debug\core\libs\freemodbus\modbus\rtu\mbrtu.o
 .debug_info    0x000057b1      0x230 output\obj\debug\core\libs\freemodbus\port\portevent.o
 .debug_info    0x000059e1      0x4a7 output\obj\debug\core\libs\freemodbus\port\portserial.o
 .debug_info    0x00005e88      0x447 output\obj\debug\core\libs\freemodbus\port\porttimer.o
 .debug_info    0x000062cf      0x6d9 output\obj\debug\core\libs\freemodbus\user_mb_app.o
 .debug_info    0x000069a8      0x528 output\obj\debug\core\libs\iic_eeprom\iic_eeprom.o
 .debug_info    0x00006ed0      0x38f output\obj\debug\core\libs\mcp23017\mcp23017.o
 .debug_info    0x0000725f      0xdb9 output\obj\debug\core\libs\nextion\nextion.o
 .debug_info    0x00008018      0x35e output\obj\debug\core\libs\pcf8523\pcf8523.o
 .debug_info    0x00008376     0x2144 output\obj\debug\core\src\main.o
 .debug_info    0x0000a4ba      0x551 output\obj\debug\core\src\stm32f0xx_it.o
 .debug_info    0x0000aa0b      0x239 output\obj\debug\core\src\system_stm32f0xx.o
 .debug_info    0x0000ac44      0x5ce output\obj\debug\drivers\stm32f0xx_hal_driver\src\stm32f0xx_ll_adc.o
 .debug_info    0x0000b212      0x338 output\obj\debug\drivers\stm32f0xx_hal_driver\src\stm32f0xx_ll_exti.o
 .debug_info    0x0000b54a      0x522 output\obj\debug\drivers\stm32f0xx_hal_driver\src\stm32f0xx_ll_gpio.o
 .debug_info    0x0000ba6c      0x531 output\obj\debug\drivers\stm32f0xx_hal_driver\src\stm32f0xx_ll_i2c.o
 .debug_info    0x0000bf9d      0x587 output\obj\debug\drivers\stm32f0xx_hal_driver\src\stm32f0xx_ll_rcc.o
 .debug_info    0x0000c524      0xac4 output\obj\debug\drivers\stm32f0xx_hal_driver\src\stm32f0xx_ll_rtc.o
 .debug_info    0x0000cfe8      0xdde output\obj\debug\drivers\stm32f0xx_hal_driver\src\stm32f0xx_ll_tim.o
 .debug_info    0x0000ddc6      0x63e output\obj\debug\drivers\stm32f0xx_hal_driver\src\stm32f0xx_ll_usart.o
 .debug_info    0x0000e404      0x734 output\obj\debug\drivers\stm32f0xx_hal_driver\src\stm32f0xx_ll_utils.o
 .debug_info    0x0000eb38       0x6e output\obj\debug\startup\startup_stm32f0xx.o

.debug_abbrev   0x00000000     0x3335
 .debug_abbrev  0x00000000      0x15b output\obj\debug\core\bsp\unicon\drivers\adc.o
 .debug_abbrev  0x0000015b      0x125 output\obj\debug\core\bsp\unicon\drivers\dma.o
 .debug_abbrev  0x00000280      0x187 output\obj\debug\core\bsp\unicon\drivers\iic.o
 .debug_abbrev  0x00000407      0x109 output\obj\debug\core\bsp\unicon\drivers\pwm.o
 .debug_abbrev  0x00000510      0x195 output\obj\debug\core\bsp\unicon\drivers\rtc.o
 .debug_abbrev  0x000006a5      0x145 output\obj\debug\core\bsp\unicon\drivers\tim.o
 .debug_abbrev  0x000007ea      0x1f5 output\obj\debug\core\bsp\unicon\drivers\usart.o
 .debug_abbrev  0x000009df      0x268 output\obj\debug\core\bsp\unicon\unicon.o
 .debug_abbrev  0x00000c47       0xae output\obj\debug\core\libs\freemodbus\modbus\functions\mbfunccoils.o
 .debug_abbrev  0x00000cf5       0xae output\obj\debug\core\libs\freemodbus\modbus\functions\mbfuncdisc.o
 .debug_abbrev  0x00000da3       0xae output\obj\debug\core\libs\freemodbus\modbus\functions\mbfuncholding.o
 .debug_abbrev  0x00000e51       0xae output\obj\debug\core\libs\freemodbus\modbus\functions\mbfuncinput.o
 .debug_abbrev  0x00000eff       0xae output\obj\debug\core\libs\freemodbus\modbus\functions\mbfuncother.o
 .debug_abbrev  0x00000fad       0xc8 output\obj\debug\core\libs\freemodbus\modbus\functions\mbutils.o
 .debug_abbrev  0x00001075      0x1f5 output\obj\debug\core\libs\freemodbus\modbus\mb.o
 .debug_abbrev  0x0000126a       0x96 output\obj\debug\core\libs\freemodbus\modbus\rtu\mbcrc.o
 .debug_abbrev  0x00001300      0x1a4 output\obj\debug\core\libs\freemodbus\modbus\rtu\mbrtu.o
 .debug_abbrev  0x000014a4       0xc8 output\obj\debug\core\libs\freemodbus\port\portevent.o
 .debug_abbrev  0x0000156c      0x159 output\obj\debug\core\libs\freemodbus\port\portserial.o
 .debug_abbrev  0x000016c5      0x141 output\obj\debug\core\libs\freemodbus\port\porttimer.o
 .debug_abbrev  0x00001806      0x13f output\obj\debug\core\libs\freemodbus\user_mb_app.o
 .debug_abbrev  0x00001945      0x118 output\obj\debug\core\libs\iic_eeprom\iic_eeprom.o
 .debug_abbrev  0x00001a5d      0x113 output\obj\debug\core\libs\mcp23017\mcp23017.o
 .debug_abbrev  0x00001b70      0x244 output\obj\debug\core\libs\nextion\nextion.o
 .debug_abbrev  0x00001db4      0x15f output\obj\debug\core\libs\pcf8523\pcf8523.o
 .debug_abbrev  0x00001f13      0x2ce output\obj\debug\core\src\main.o
 .debug_abbrev  0x000021e1      0x198 output\obj\debug\core\src\stm32f0xx_it.o
 .debug_abbrev  0x00002379       0xf3 output\obj\debug\core\src\system_stm32f0xx.o
 .debug_abbrev  0x0000246c      0x1af output\obj\debug\drivers\stm32f0xx_hal_driver\src\stm32f0xx_ll_adc.o
 .debug_abbrev  0x0000261b      0x149 output\obj\debug\drivers\stm32f0xx_hal_driver\src\stm32f0xx_ll_exti.o
 .debug_abbrev  0x00002764      0x15f output\obj\debug\drivers\stm32f0xx_hal_driver\src\stm32f0xx_ll_gpio.o
 .debug_abbrev  0x000028c3      0x12f output\obj\debug\drivers\stm32f0xx_hal_driver\src\stm32f0xx_ll_i2c.o
 .debug_abbrev  0x000029f2      0x1ce output\obj\debug\drivers\stm32f0xx_hal_driver\src\stm32f0xx_ll_rcc.o
 .debug_abbrev  0x00002bc0      0x1f6 output\obj\debug\drivers\stm32f0xx_hal_driver\src\stm32f0xx_ll_rtc.o
 .debug_abbrev  0x00002db6      0x1c5 output\obj\debug\drivers\stm32f0xx_hal_driver\src\stm32f0xx_ll_tim.o
 .debug_abbrev  0x00002f7b      0x1a6 output\obj\debug\drivers\stm32f0xx_hal_driver\src\stm32f0xx_ll_usart.o
 .debug_abbrev  0x00003121      0x200 output\obj\debug\drivers\stm32f0xx_hal_driver\src\stm32f0xx_ll_utils.o
 .debug_abbrev  0x00003321       0x14 output\obj\debug\startup\startup_stm32f0xx.o

.debug_aranges  0x00000000     0x1328
 .debug_aranges
                0x00000000       0xc8 output\obj\debug\core\bsp\unicon\drivers\adc.o
 .debug_aranges
                0x000000c8       0x70 output\obj\debug\core\bsp\unicon\drivers\dma.o
 .debug_aranges
                0x00000138       0x88 output\obj\debug\core\bsp\unicon\drivers\iic.o
 .debug_aranges
                0x000001c0       0x30 output\obj\debug\core\bsp\unicon\drivers\pwm.o
 .debug_aranges
                0x000001f0       0x80 output\obj\debug\core\bsp\unicon\drivers\rtc.o
 .debug_aranges
                0x00000270       0x78 output\obj\debug\core\bsp\unicon\drivers\tim.o
 .debug_aranges
                0x000002e8       0xc0 output\obj\debug\core\bsp\unicon\drivers\usart.o
 .debug_aranges
                0x000003a8       0xa0 output\obj\debug\core\bsp\unicon\unicon.o
 .debug_aranges
                0x00000448       0x30 output\obj\debug\core\libs\freemodbus\modbus\functions\mbfunccoils.o
 .debug_aranges
                0x00000478       0x20 output\obj\debug\core\libs\freemodbus\modbus\functions\mbfuncdisc.o
 .debug_aranges
                0x00000498       0x38 output\obj\debug\core\libs\freemodbus\modbus\functions\mbfuncholding.o
 .debug_aranges
                0x000004d0       0x20 output\obj\debug\core\libs\freemodbus\modbus\functions\mbfuncinput.o
 .debug_aranges
                0x000004f0       0x28 output\obj\debug\core\libs\freemodbus\modbus\functions\mbfuncother.o
 .debug_aranges
                0x00000518       0x30 output\obj\debug\core\libs\freemodbus\modbus\functions\mbutils.o
 .debug_aranges
                0x00000548       0x50 output\obj\debug\core\libs\freemodbus\modbus\mb.o
 .debug_aranges
                0x00000598       0x20 output\obj\debug\core\libs\freemodbus\modbus\rtu\mbcrc.o
 .debug_aranges
                0x000005b8       0x58 output\obj\debug\core\libs\freemodbus\modbus\rtu\mbrtu.o
 .debug_aranges
                0x00000610       0x30 output\obj\debug\core\libs\freemodbus\port\portevent.o
 .debug_aranges
                0x00000640       0x70 output\obj\debug\core\libs\freemodbus\port\portserial.o
 .debug_aranges
                0x000006b0       0x58 output\obj\debug\core\libs\freemodbus\port\porttimer.o
 .debug_aranges
                0x00000708       0x78 output\obj\debug\core\libs\freemodbus\user_mb_app.o
 .debug_aranges
                0x00000780       0x70 output\obj\debug\core\libs\iic_eeprom\iic_eeprom.o
 .debug_aranges
                0x000007f0       0x40 output\obj\debug\core\libs\mcp23017\mcp23017.o
 .debug_aranges
                0x00000830       0x80 output\obj\debug\core\libs\nextion\nextion.o
 .debug_aranges
                0x000008b0       0x58 output\obj\debug\core\libs\pcf8523\pcf8523.o
 .debug_aranges
                0x00000908      0x2b8 output\obj\debug\core\src\main.o
 .debug_aranges
                0x00000bc0       0x88 output\obj\debug\core\src\stm32f0xx_it.o
 .debug_aranges
                0x00000c48       0x28 output\obj\debug\core\src\system_stm32f0xx.o
 .debug_aranges
                0x00000c70       0x90 output\obj\debug\drivers\stm32f0xx_hal_driver\src\stm32f0xx_ll_adc.o
 .debug_aranges
                0x00000d00       0x70 output\obj\debug\drivers\stm32f0xx_hal_driver\src\stm32f0xx_ll_exti.o
 .debug_aranges
                0x00000d70       0x70 output\obj\debug\drivers\stm32f0xx_hal_driver\src\stm32f0xx_ll_gpio.o
 .debug_aranges
                0x00000de0       0x88 output\obj\debug\drivers\stm32f0xx_hal_driver\src\stm32f0xx_ll_i2c.o
 .debug_aranges
                0x00000e68       0xe8 output\obj\debug\drivers\stm32f0xx_hal_driver\src\stm32f0xx_ll_rcc.o
 .debug_aranges
                0x00000f50      0x120 output\obj\debug\drivers\stm32f0xx_hal_driver\src\stm32f0xx_ll_rtc.o
 .debug_aranges
                0x00001070      0x128 output\obj\debug\drivers\stm32f0xx_hal_driver\src\stm32f0xx_ll_tim.o
 .debug_aranges
                0x00001198       0x88 output\obj\debug\drivers\stm32f0xx_hal_driver\src\stm32f0xx_ll_usart.o
 .debug_aranges
                0x00001220       0xe8 output\obj\debug\drivers\stm32f0xx_hal_driver\src\stm32f0xx_ll_utils.o
 .debug_aranges
                0x00001308       0x20 output\obj\debug\startup\startup_stm32f0xx.o

.debug_ranges   0x00000000     0x10d0
 .debug_ranges  0x00000000       0xb8 output\obj\debug\core\bsp\unicon\drivers\adc.o
 .debug_ranges  0x000000b8       0x60 output\obj\debug\core\bsp\unicon\drivers\dma.o
 .debug_ranges  0x00000118       0x78 output\obj\debug\core\bsp\unicon\drivers\iic.o
 .debug_ranges  0x00000190       0x20 output\obj\debug\core\bsp\unicon\drivers\pwm.o
 .debug_ranges  0x000001b0       0x70 output\obj\debug\core\bsp\unicon\drivers\rtc.o
 .debug_ranges  0x00000220       0x68 output\obj\debug\core\bsp\unicon\drivers\tim.o
 .debug_ranges  0x00000288       0xb0 output\obj\debug\core\bsp\unicon\drivers\usart.o
 .debug_ranges  0x00000338       0x90 output\obj\debug\core\bsp\unicon\unicon.o
 .debug_ranges  0x000003c8       0x20 output\obj\debug\core\libs\freemodbus\modbus\functions\mbfunccoils.o
 .debug_ranges  0x000003e8       0x10 output\obj\debug\core\libs\freemodbus\modbus\functions\mbfuncdisc.o
 .debug_ranges  0x000003f8       0x28 output\obj\debug\core\libs\freemodbus\modbus\functions\mbfuncholding.o
 .debug_ranges  0x00000420       0x10 output\obj\debug\core\libs\freemodbus\modbus\functions\mbfuncinput.o
 .debug_ranges  0x00000430       0x18 output\obj\debug\core\libs\freemodbus\modbus\functions\mbfuncother.o
 .debug_ranges  0x00000448       0x20 output\obj\debug\core\libs\freemodbus\modbus\functions\mbutils.o
 .debug_ranges  0x00000468       0x40 output\obj\debug\core\libs\freemodbus\modbus\mb.o
 .debug_ranges  0x000004a8       0x10 output\obj\debug\core\libs\freemodbus\modbus\rtu\mbcrc.o
 .debug_ranges  0x000004b8       0x48 output\obj\debug\core\libs\freemodbus\modbus\rtu\mbrtu.o
 .debug_ranges  0x00000500       0x20 output\obj\debug\core\libs\freemodbus\port\portevent.o
 .debug_ranges  0x00000520       0x60 output\obj\debug\core\libs\freemodbus\port\portserial.o
 .debug_ranges  0x00000580       0x48 output\obj\debug\core\libs\freemodbus\port\porttimer.o
 .debug_ranges  0x000005c8       0x80 output\obj\debug\core\libs\freemodbus\user_mb_app.o
 .debug_ranges  0x00000648       0x60 output\obj\debug\core\libs\iic_eeprom\iic_eeprom.o
 .debug_ranges  0x000006a8       0x30 output\obj\debug\core\libs\mcp23017\mcp23017.o
 .debug_ranges  0x000006d8       0x70 output\obj\debug\core\libs\nextion\nextion.o
 .debug_ranges  0x00000748       0x48 output\obj\debug\core\libs\pcf8523\pcf8523.o
 .debug_ranges  0x00000790      0x2a8 output\obj\debug\core\src\main.o
 .debug_ranges  0x00000a38       0x78 output\obj\debug\core\src\stm32f0xx_it.o
 .debug_ranges  0x00000ab0       0x18 output\obj\debug\core\src\system_stm32f0xx.o
 .debug_ranges  0x00000ac8       0x80 output\obj\debug\drivers\stm32f0xx_hal_driver\src\stm32f0xx_ll_adc.o
 .debug_ranges  0x00000b48       0x60 output\obj\debug\drivers\stm32f0xx_hal_driver\src\stm32f0xx_ll_exti.o
 .debug_ranges  0x00000ba8       0x60 output\obj\debug\drivers\stm32f0xx_hal_driver\src\stm32f0xx_ll_gpio.o
 .debug_ranges  0x00000c08       0x78 output\obj\debug\drivers\stm32f0xx_hal_driver\src\stm32f0xx_ll_i2c.o
 .debug_ranges  0x00000c80       0xd8 output\obj\debug\drivers\stm32f0xx_hal_driver\src\stm32f0xx_ll_rcc.o
 .debug_ranges  0x00000d58      0x110 output\obj\debug\drivers\stm32f0xx_hal_driver\src\stm32f0xx_ll_rtc.o
 .debug_ranges  0x00000e68      0x118 output\obj\debug\drivers\stm32f0xx_hal_driver\src\stm32f0xx_ll_tim.o
 .debug_ranges  0x00000f80       0x78 output\obj\debug\drivers\stm32f0xx_hal_driver\src\stm32f0xx_ll_usart.o
 .debug_ranges  0x00000ff8       0xd8 output\obj\debug\drivers\stm32f0xx_hal_driver\src\stm32f0xx_ll_utils.o

.debug_macro    0x00000000    0x1407a
 .debug_macro   0x00000000      0x340 output\obj\debug\core\bsp\unicon\drivers\adc.o
 .debug_macro   0x00000340      0x832 output\obj\debug\core\bsp\unicon\drivers\adc.o
 .debug_macro   0x00000b72       0x22 output\obj\debug\core\bsp\unicon\drivers\adc.o
 .debug_macro   0x00000b94       0x87 output\obj\debug\core\bsp\unicon\drivers\adc.o
 .debug_macro   0x00000c1b       0x44 output\obj\debug\core\bsp\unicon\drivers\adc.o
 .debug_macro   0x00000c5f       0xfd output\obj\debug\core\bsp\unicon\drivers\adc.o
 .debug_macro   0x00000d5c       0x5e output\obj\debug\core\bsp\unicon\drivers\adc.o
 .debug_macro   0x00000dba      0x1df output\obj\debug\core\bsp\unicon\drivers\adc.o
 .debug_macro   0x00000f99       0x22 output\obj\debug\core\bsp\unicon\drivers\adc.o
 .debug_macro   0x00000fbb       0x52 output\obj\debug\core\bsp\unicon\drivers\adc.o
 .debug_macro   0x0000100d       0x35 output\obj\debug\core\bsp\unicon\drivers\adc.o
 .debug_macro   0x00001042       0x9c output\obj\debug\core\bsp\unicon\drivers\adc.o
 .debug_macro   0x000010de      0x174 output\obj\debug\core\bsp\unicon\drivers\adc.o
 .debug_macro   0x00001252       0x52 output\obj\debug\core\bsp\unicon\drivers\adc.o
 .debug_macro   0x000012a4       0x1f output\obj\debug\core\bsp\unicon\drivers\adc.o
 .debug_macro   0x000012c3       0x43 output\obj\debug\core\bsp\unicon\drivers\adc.o
 .debug_macro   0x00001306       0x20 output\obj\debug\core\bsp\unicon\drivers\adc.o
 .debug_macro   0x00001326      0x187 output\obj\debug\core\bsp\unicon\drivers\adc.o
 .debug_macro   0x000014ad      0x30d output\obj\debug\core\bsp\unicon\drivers\adc.o
 .debug_macro   0x000017ba       0x10 output\obj\debug\core\bsp\unicon\drivers\adc.o
 .debug_macro   0x000017ca       0x35 output\obj\debug\core\bsp\unicon\drivers\adc.o
 .debug_macro   0x000017ff       0x16 output\obj\debug\core\bsp\unicon\drivers\adc.o
 .debug_macro   0x00001815       0x16 output\obj\debug\core\bsp\unicon\drivers\adc.o
 .debug_macro   0x0000182b       0x29 output\obj\debug\core\bsp\unicon\drivers\adc.o
 .debug_macro   0x00001854       0x10 output\obj\debug\core\bsp\unicon\drivers\adc.o
 .debug_macro   0x00001864       0x2e output\obj\debug\core\bsp\unicon\drivers\adc.o
 .debug_macro   0x00001892       0x22 output\obj\debug\core\bsp\unicon\drivers\adc.o
 .debug_macro   0x000018b4       0x3a output\obj\debug\core\bsp\unicon\drivers\adc.o
 .debug_macro   0x000018ee       0x26 output\obj\debug\core\bsp\unicon\drivers\adc.o
 .debug_macro   0x00001914      0x30d output\obj\debug\core\bsp\unicon\drivers\adc.o
 .debug_macro   0x00001c21     0x8d15 output\obj\debug\core\bsp\unicon\drivers\adc.o
 .debug_macro   0x0000a936       0x3c output\obj\debug\core\bsp\unicon\drivers\adc.o
 .debug_macro   0x0000a972      0x5d7 output\obj\debug\core\bsp\unicon\drivers\adc.o
 .debug_macro   0x0000af49      0x215 output\obj\debug\core\bsp\unicon\drivers\adc.o
 .debug_macro   0x0000b15e      0x24f output\obj\debug\core\bsp\unicon\drivers\adc.o
 .debug_macro   0x0000b3ad      0x3fe output\obj\debug\core\bsp\unicon\drivers\adc.o
 .debug_macro   0x0000b7ab       0xe9 output\obj\debug\core\bsp\unicon\drivers\adc.o
 .debug_macro   0x0000b894      0x184 output\obj\debug\core\bsp\unicon\drivers\adc.o
 .debug_macro   0x0000ba18       0xf9 output\obj\debug\core\bsp\unicon\drivers\adc.o
 .debug_macro   0x0000bb11       0x16 output\obj\debug\core\bsp\unicon\drivers\adc.o
 .debug_macro   0x0000bb27       0x2a output\obj\debug\core\bsp\unicon\drivers\adc.o
 .debug_macro   0x0000bb51       0xae output\obj\debug\core\bsp\unicon\drivers\adc.o
 .debug_macro   0x0000bbff      0x3aa output\obj\debug\core\bsp\unicon\drivers\adc.o
 .debug_macro   0x0000bfa9      0x5c7 output\obj\debug\core\bsp\unicon\drivers\adc.o
 .debug_macro   0x0000c570      0x2e2 output\obj\debug\core\bsp\unicon\drivers\adc.o
 .debug_macro   0x0000c852      0x12c output\obj\debug\core\bsp\unicon\drivers\adc.o
 .debug_macro   0x0000c97e       0xa8 output\obj\debug\core\bsp\unicon\drivers\adc.o
 .debug_macro   0x0000ca26       0x76 output\obj\debug\core\bsp\unicon\drivers\adc.o
 .debug_macro   0x0000ca9c       0x22 output\obj\debug\core\bsp\unicon\drivers\adc.o
 .debug_macro   0x0000cabe       0x5e output\obj\debug\core\bsp\unicon\drivers\adc.o
 .debug_macro   0x0000cb1c       0x40 output\obj\debug\core\bsp\unicon\drivers\adc.o
 .debug_macro   0x0000cb5c       0x16 output\obj\debug\core\bsp\unicon\drivers\adc.o
 .debug_macro   0x0000cb72       0x22 output\obj\debug\core\bsp\unicon\drivers\adc.o
 .debug_macro   0x0000cb94       0x3a output\obj\debug\core\bsp\unicon\drivers\adc.o
 .debug_macro   0x0000cbce       0x28 output\obj\debug\core\bsp\unicon\drivers\adc.o
 .debug_macro   0x0000cbf6       0x10 output\obj\debug\core\bsp\unicon\drivers\adc.o
 .debug_macro   0x0000cc06       0x9a output\obj\debug\core\bsp\unicon\drivers\adc.o
 .debug_macro   0x0000cca0       0x76 output\obj\debug\core\bsp\unicon\drivers\adc.o
 .debug_macro   0x0000cd16       0x70 output\obj\debug\core\bsp\unicon\drivers\adc.o
 .debug_macro   0x0000cd86       0x6a output\obj\debug\core\bsp\unicon\drivers\adc.o
 .debug_macro   0x0000cdf0       0x22 output\obj\debug\core\bsp\unicon\drivers\adc.o
 .debug_macro   0x0000ce12      0x26c output\obj\debug\core\bsp\unicon\drivers\dma.o
 .debug_macro   0x0000d07e      0x275 output\obj\debug\core\bsp\unicon\drivers\iic.o
 .debug_macro   0x0000d2f3      0x262 output\obj\debug\core\bsp\unicon\drivers\pwm.o
 .debug_macro   0x0000d555      0x263 output\obj\debug\core\bsp\unicon\drivers\rtc.o
 .debug_macro   0x0000d7b8      0x340 output\obj\debug\core\bsp\unicon\drivers\tim.o
 .debug_macro   0x0000daf8      0x288 output\obj\debug\core\bsp\unicon\drivers\usart.o
 .debug_macro   0x0000dd80       0x2e output\obj\debug\core\bsp\unicon\drivers\usart.o
 .debug_macro   0x0000ddae      0x3e5 output\obj\debug\core\bsp\unicon\unicon.o
 .debug_macro   0x0000e193       0x4c output\obj\debug\core\bsp\unicon\unicon.o
 .debug_macro   0x0000e1df       0x8d output\obj\debug\core\bsp\unicon\unicon.o
 .debug_macro   0x0000e26c       0x16 output\obj\debug\core\bsp\unicon\unicon.o
 .debug_macro   0x0000e282       0x4a output\obj\debug\core\bsp\unicon\unicon.o
 .debug_macro   0x0000e2cc       0x97 output\obj\debug\core\bsp\unicon\unicon.o
 .debug_macro   0x0000e363       0xfd output\obj\debug\core\bsp\unicon\unicon.o
 .debug_macro   0x0000e460       0x10 output\obj\debug\core\bsp\unicon\unicon.o
 .debug_macro   0x0000e470       0x10 output\obj\debug\core\bsp\unicon\unicon.o
 .debug_macro   0x0000e480       0x1c output\obj\debug\core\bsp\unicon\unicon.o
 .debug_macro   0x0000e49c       0x52 output\obj\debug\core\bsp\unicon\unicon.o
 .debug_macro   0x0000e4ee       0x40 output\obj\debug\core\bsp\unicon\unicon.o
 .debug_macro   0x0000e52e       0x10 output\obj\debug\core\bsp\unicon\unicon.o
 .debug_macro   0x0000e53e       0x40 output\obj\debug\core\bsp\unicon\unicon.o