Archive member included to satisfy reference by file (symbol)

c:/program files (x86)/embitz/1.11/share/em_armgcc/bin/../lib/gcc/arm-none-eabi/5.4.1/armv6-m\libgcc.a(_udivsi3.o)
                              output\obj\debug\core\bsp\unicon\drivers\adc.o (__aeabi_uidiv)
c:/program files (x86)/embitz/1.11/share/em_armgcc/bin/../lib/gcc/arm-none-eabi/5.4.1/armv6-m\libgcc.a(_divsi3.o)
                              output\obj\debug\core\bsp\unicon\drivers\adc.o (__aeabi_idiv)
c:/program files (x86)/embitz/1.11/share/em_armgcc/bin/../lib/gcc/arm-none-eabi/5.4.1/armv6-m\libgcc.a(_dvmd_tls.o)
                              c:/program files (x86)/embitz/1.11/share/em_armgcc/bin/../lib/gcc/arm-none-eabi/5.4.1/armv6-m\libgcc.a(_udivsi3.o) (__aeabi_idiv0)
c:/program files (x86)/embitz/1.11/share/em_armgcc/bin/../lib/gcc/arm-none-eabi/5.4.1/../../../../arm-none-eabi/lib/armv6-m\libg.a(lib_a-malloc.o)
                              output\obj\debug\core\libs\iic_eeprom\iic_eeprom.o (malloc)
c:/program files (x86)/embitz/1.11/share/em_armgcc/bin/../lib/gcc/arm-none-eabi/5.4.1/../../../../arm-none-eabi/lib/armv6-m\libg.a(lib_a-mallocr.o)
                              c:/program files (x86)/embitz/1.11/share/em_armgcc/bin/../lib/gcc/arm-none-eabi/5.4.1/../../../../arm-none-eabi/lib/armv6-m\libg.a(lib_a-malloc.o) (_malloc_r)
c:/program files (x86)/embitz/1.11/share/em_armgcc/bin/../lib/gcc/arm-none-eabi/5.4.1/../../../../arm-none-eabi/lib/armv6-m\libg.a(lib_a-memcpy-stub.o)
                              output\obj\debug\core\libs\freemodbus\modbus\functions\mbfuncother.o (memcpy)
c:/program files (x86)/embitz/1.11/share/em_armgcc/bin/../lib/gcc/arm-none-eabi/5.4.1/../../../../arm-none-eabi/lib/armv6-m\libg.a(lib_a-memset.o)
                              output\obj\debug\core\src\main.o (memset)
c:/program files (x86)/embitz/1.11/share/em_armgcc/bin/../lib/gcc/arm-none-eabi/5.4.1/../../../../arm-none-eabi/lib/armv6-m\libg.a(lib_a-mlock.o)
                              c:/program files (x86)/embitz/1.11/share/em_armgcc/bin/../lib/gcc/arm-none-eabi/5.4.1/../../../../arm-none-eabi/lib/armv6-m\libg.a(lib_a-mallocr.o) (__malloc_lock)
c:/program files (x86)/embitz/1.11/share/em_armgcc/bin/../lib/gcc/arm-none-eabi/5.4.1/../../../../arm-none-eabi/lib/armv6-m\libg.a(lib_a-sbrkr.o)
                              c:/program files (x86)/embitz/1.11/share/em_armgcc/bin/../lib/gcc/arm-none-eabi/5.4.1/../../../../arm-none-eabi/lib/armv6-m\libg.a(lib_a-mallocr.o) (_sbrk_r)
c:/program files (x86)/embitz/1.11/share/em_armgcc/bin/../lib/gcc/arm-none-eabi/5.4.1/../../../../arm-none-eabi/lib/armv6-m\libg.a(lib_a-freer.o)
                              c:/program files (x86)/embitz/1.11/share/em_armgcc/bin/../lib/gcc/arm-none-eabi/5.4.1/../../../../arm-none-eabi/lib/armv6-m\libg.a(lib_a-malloc.o) (_free_r)
c:/program files (x86)/embitz/1.11/share/em_armgcc/bin/../lib/gcc/arm-none-eabi/5.4.1/../../../../arm-none-eabi/lib/armv6-m\libg.a(lib_a-impure.o)
                              c:/program files (x86)/embitz/1.11/share/em_armgcc/bin/../lib/gcc/arm-none-eabi/5.4.1/../../../../arm-none-eabi/lib/armv6-m\libg.a(lib_a-malloc.o) (_impure_ptr)
c:/program files (x86)/embitz/1.11/share/em_armgcc/bin/../lib/gcc/arm-none-eabi/5.4.1/../../../../arm-none-eabi/lib/armv6-m\libg.a(lib_a-reent.o)
                              c:/program files (x86)/embitz/1.11/share/em_armgcc/bin/../lib/gcc/arm-none-eabi/5.4.1/../../../../arm-none-eabi/lib/armv6-m\libg.a(lib_a-sbrkr.o) (errno)
c:/program files (x86)/embitz/1.11/share/em_armgcc/bin/../lib/gcc/arm-none-eabi/5.4.1/../../../../arm-none-eabi/lib/armv6-m\libnosys.a(sbrk.o)
                              c:/program files (x86)/embitz/1.11/share/em_armgcc/bin/../lib/gcc/arm-none-eabi/5.4.1/../../../../arm-none-eabi/lib/armv6-m\libg.a(lib_a-sbrkr.o) (_sbrk)

Allocating common symbols
Common symbol       size              file

pxMBFrameCBTransmitterEmpty
                    0x4               output\obj\debug\core\libs\freemodbus\modbus\mb.o
ADC_InternalRegisters
                    0x24              output\obj\debug\core\bsp\unicon\drivers\adc.o
pxMBPortCBTimerExpired
                    0x4               output\obj\debug\core\libs\freemodbus\modbus\mb.o
errno               0x4               c:/program files (x86)/embitz/1.11/share/em_armgcc/bin/../lib/gcc/arm-none-eabi/5.4.1/../../../../arm-none-eabi/lib/armv6-m\libg.a(lib_a-reent.o)
SysData             0x2a              output\obj\debug\core\bsp\unicon\unicon.o
ucSlaveIdBuf        0x20              output\obj\debug\core\libs\freemodbus\user_mb_app.o
ucRTUBuf            0x100             output\obj\debug\core\libs\freemodbus\modbus\rtu\mbrtu.o
SystemErrors        0x1               output\obj\debug\core\bsp\unicon\drivers\tim.o
pxMBFrameCBByteReceived
                    0x4               output\obj\debug\core\libs\freemodbus\modbus\mb.o
pxMBFrameCBTransmitFSMCur
                    0x4               output\obj\debug\core\libs\freemodbus\modbus\mb.o
[...]
Memory Configuration

Name             Origin             Length             Attributes
ROM              0x08000000         0x00010000         xr
RAM              0x20000000         0x00002000         xrw
*default*        0x00000000         0xffffffff

Linker script and memory map

                0x00000400                __HEAP_SIZE = 0x400
                0x00000200                __STACK_SIZE = 0x200

.text           0x08000000     0x4968
 *(.isr_vector)
 .isr_vector    0x08000000       0xc4 output\obj\debug\startup\startup_stm32f0xx.o
                0x08000000                __isr_vector
 *(.text*)
 .text.LL_I2C_IsActiveFlag_TXE
                0x080000c4       0x20 output\obj\debug\core\bsp\unicon\drivers\iic.o
 .text.LL_I2C_IsActiveFlag_RXNE
                0x080000e4       0x20 output\obj\debug\core\bsp\unicon\drivers\iic.o
 .text.LL_I2C_IsActiveFlag_ADDR
                0x08000104       0x20 output\obj\debug\core\bsp\unicon\drivers\iic.o
 .text.LL_I2C_IsActiveFlag_NACK
                0x08000124       0x20 output\obj\debug\core\bsp\unicon\drivers\iic.o
 .text.LL_I2C_ClearFlag_STOP
                0x08000144       0x1c output\obj\debug\core\bsp\unicon\drivers\iic.o
 .text.LL_I2C_HandleTransfer
                0x08000160       0x3c output\obj\debug\core\bsp\unicon\drivers\iic.o
 .text.LL_I2C_ReceiveData8
                0x0800019c       0x18 output\obj\debug\core\bsp\unicon\drivers\iic.o
 .text.LL_I2C_TransmitData8
                0x080001b4       0x20 output\obj\debug\core\bsp\unicon\drivers\iic.o
 .text.LL_SYSTICK_IsActiveCounterFlag
                0x080001d4       0x20 output\obj\debug\core\bsp\unicon\drivers\iic.o
 .text.IIC_Check
                0x080001f4       0x6c output\obj\debug\core\bsp\unicon\drivers\iic.o
                0x080001f4                IIC_Check
 .text.IIC_Write
                0x08000260      0x12c output\obj\debug\core\bsp\unicon\drivers\iic.o
                0x08000260                IIC_Write
 .text.IIC_Read
                0x0800038c       0xe0 output\obj\debug\core\bsp\unicon\drivers\iic.o
                0x0800038c                IIC_Read
 .text.IIC_ReadByte
                0x0800046c       0xa8 output\obj\debug\core\bsp\unicon\drivers\iic.o
                0x0800046c                IIC_ReadByte
 .text.IIC_WriteByte
                0x08000514       0x8c output\obj\debug\core\bsp\unicon\drivers\iic.o
                0x08000514                IIC_WriteByte
 .text.LL_TIM_EnableCounter
                0x080005a0       0x1c output\obj\debug\core\bsp\unicon\drivers\tim.o
 .text.LL_TIM_CC_EnableChannel
                0x080005bc       0x20 output\obj\debug\core\bsp\unicon\drivers\tim.o
 .text.LL_TIM_CC_DisableChannel
                0x080005dc       0x20 output\obj\debug\core\bsp\unicon\drivers\tim.o
 .text.LL_TIM_OC_SetCompareCH1
                0x080005fc       0x18 output\obj\debug\core\bsp\unicon\drivers\tim.o
 .text.LL_TIM_EnableAllOutputs
                0x08000614       0x20 output\obj\debug\core\bsp\unicon\drivers\tim.o
 .text.BeeperHandler
                0x08000634       0x58 output\obj\debug\core\bsp\unicon\drivers\tim.o
                0x08000634                BeeperHandler
 .text.StartPWM
                0x0800068c       0x34 output\obj\debug\core\bsp\unicon\drivers\tim.o
                0x0800068c                StartPWM
 .text.StartBeeper
                0x080006c0       0x28 output\obj\debug\core\bsp\unicon\drivers\tim.o
                0x080006c0                StartBeeper
 .text.LL_USART_Enable
                0x080006e8       0x1c output\obj\debug\core\bsp\unicon\drivers\usart.o
 .text.LL_USART_Disable
                0x08000704       0x20 output\obj\debug\core\bsp\unicon\drivers\usart.o
 .text.LL_USART_IsEnabled
                0x08000724       0x20 output\obj\debug\core\bsp\unicon\drivers\usart.o
 .text.LL_USART_IsActiveFlag_RXNE
                0x08000744       0x20 output\obj\debug\core\bsp\unicon\drivers\usart.o
 .text.LL_USART_IsActiveFlag_TC
                0x08000764       0x20 output\obj\debug\core\bsp\unicon\drivers\usart.o
 .text.LL_USART_EnableIT_RXNE
                0x08000784       0x1c output\obj\debug\core\bsp\unicon\drivers\usart.o
 .text.LL_USART_DisableIT_TC
                0x080007a0       0x20 output\obj\debug\core\bsp\unicon\drivers\usart.o
 .text.LL_USART_IsEnabledIT_RXNE
                0x080007c0       0x20 output\obj\debug\core\bsp\unicon\drivers\usart.o
 .text.LL_USART_ReceiveData8
                0x080007e0       0x18 output\obj\debug\core\bsp\unicon\drivers\usart.o
 .text.LL_USART_TransmitData8
                0x080007f8       0x20 output\obj\debug\core\bsp\unicon\drivers\usart.o
 .text.USART_Config
                0x08000818      0x114 output\obj\debug\core\bsp\unicon\drivers\usart.o
                0x08000818                USART_Config
 .text.USART_Send
                0x0800092c       0x5c output\obj\debug\core\bsp\unicon\drivers\usart.o
                0x0800092c                USART_Send
 .text.USART_ClearRxBuffer
                0x08000988       0x78 output\obj\debug\core\bsp\unicon\drivers\usart.o
                0x08000988                USART_ClearRxBuffer
 .text.USART_IRQ_Handler
                0x08000a00      0x11c output\obj\debug\core\bsp\unicon\drivers\usart.o
                0x08000a00                USART_IRQ_Handler
 .text.LL_TIM_OC_SetCompareCH1
                0x08000b1c       0x18 output\obj\debug\core\bsp\unicon\unicon.o
 .text.LL_TIM_OC_SetCompareCH2
                0x08000b34       0x18 output\obj\debug\core\bsp\unicon\unicon.o
 .text.LL_GPIO_SetOutputPin
                0x08000b4c       0x18 output\obj\debug\core\bsp\unicon\unicon.o
 .text.LL_GPIO_ResetOutputPin
                0x08000b64       0x18 output\obj\debug\core\bsp\unicon\unicon.o
 .text.UNI_Start
                0x08000b7c       0xb4 output\obj\debug\core\bsp\unicon\unicon.o
                0x08000b7c                UNI_Start
 .text.UNI_Process
                0x08000c30        0xc output\obj\debug\core\bsp\unicon\unicon.o
                0x08000c30                UNI_Process
 .text.UNI_SaveDataToEEPROM
                0x08000c3c       0x2c output\obj\debug\core\bsp\unicon\unicon.o
                0x08000c3c                UNI_SaveDataToEEPROM
 .text.UNI_ReadDataFromEEPROM
                0x08000c68       0x2c output\obj\debug\core\bsp\unicon\unicon.o
                0x08000c68                UNI_ReadDataFromEEPROM
 .text.UNI_ErrorHandler
                0x08000c94       0xa0 output\obj\debug\core\bsp\unicon\unicon.o
                0x08000c94                UNI_ErrorHandler
 .text.UNI_RestoreEE
                0x08000d34       0x5c output\obj\debug\core\bsp\unicon\unicon.o
 .text.UNI_SetDefaults
                0x08000d90       0xc0 output\obj\debug\core\bsp\unicon\unicon.o
 .text.HMI_Reboot
                0x08000e50       0x20 output\obj\debug\core\bsp\unicon\unicon.o
                0x08000e50                HMI_Reboot
 .text.HMI_InvalidInstruction
                0x08000e70        0xc output\obj\debug\core\bsp\unicon\unicon.o
                0x08000e70                HMI_InvalidInstruction
 .text.EEP24XX_Write
                0x08000e7c       0x50 output\obj\debug\core\libs\iic_eeprom\iic_eeprom.o
                0x08000e7c                EEP24XX_Write
 .text.EEP24XX_Read
                0x08000ecc       0x50 output\obj\debug\core\libs\iic_eeprom\iic_eeprom.o
                0x08000ecc                EEP24XX_Read
 .text.EEP24XX_ReadByte
                0x08000f1c       0x20 output\obj\debug\core\libs\iic_eeprom\iic_eeprom.o
                0x08000f1c                EEP24XX_ReadByte
 .text.EEP24XX_WriteByte
                0x08000f3c       0x2c output\obj\debug\core\libs\iic_eeprom\iic_eeprom.o
                0x08000f3c                EEP24XX_WriteByte
 .text.EEP24XX_Clear
                0x08000f68       0xac output\obj\debug\core\libs\iic_eeprom\iic_eeprom.o
                0x08000f68                EEP24XX_Clear
 .text.EEP24XX_Process
                0x08001014      0x1f8 output\obj\debug\core\libs\iic_eeprom\iic_eeprom.o
 .text.Nextion_DataProcess
                0x0800120c        0xc output\obj\debug\core\libs\nextion\nextion.o
                0x0800120c                Nextion_DataProcess
 .text.Nextion_Decoder
                0x08001218       0x30 output\obj\debug\core\libs\nextion\nextion.o
                0x08001218                Nextion_Decoder
 .text.Nextion_CommandSend
                0x08001248       0xa0 output\obj\debug\core\libs\nextion\nextion.o
                0x08001248                Nextion_CommandSend
 .text.NVIC_EnableIRQ
                0x080012e8       0x2c output\obj\debug\core\src\main.o
 .text.NVIC_SetPriority
                0x08001314       0xdc output\obj\debug\core\src\main.o
 .text.SysTick_Config
                0x080013f0       0x48 output\obj\debug\core\src\main.o
 .text.LL_ADC_SetCommonPathInternalCh
                0x08001438       0x28 output\obj\debug\core\src\main.o
 .text.LL_ADC_SetSamplingTimeCommonChannels
                0x08001460       0x24 output\obj\debug\core\src\main.o
 .text.LL_ADC_REG_SetSequencerScanDirection
                0x08001484       0x24 output\obj\debug\core\src\main.o
 .text.LL_ADC_REG_SetSequencerChAdd
                0x080014a8       0x24 output\obj\debug\core\src\main.o
 .text.LL_ADC_DisableIT_EOC
                0x080014cc       0x20 output\obj\debug\core\src\main.o
 .text.LL_ADC_DisableIT_EOS
                0x080014ec       0x20 output\obj\debug\core\src\main.o
 .text.LL_I2C_EnableClockStretching
                0x0800150c       0x20 output\obj\debug\core\src\main.o
 .text.LL_I2C_DisableGeneralCall
                0x0800152c       0x20 output\obj\debug\core\src\main.o
 .text.LL_I2C_SetOwnAddress2
                0x0800154c       0x2c output\obj\debug\core\src\main.o
 .text.LL_I2C_DisableOwnAddress2
                0x08001578       0x20 output\obj\debug\core\src\main.o
 .text.LL_I2C_EnableAutoEndMode
                0x08001598       0x20 output\obj\debug\core\src\main.o
 .text.LL_RCC_HSE_Enable
                0x080015b8       0x1c output\obj\debug\core\src\main.o
 .text.LL_RCC_HSE_IsReady
                0x080015d4       0x20 output\obj\debug\core\src\main.o
 .text.LL_RCC_HSI_Enable
                0x080015f4       0x1c output\obj\debug\core\src\main.o
 .text.LL_RCC_HSI_IsReady
                0x08001610       0x1c output\obj\debug\core\src\main.o
 .text.LL_RCC_HSI_SetCalibTrimming
                0x0800162c       0x28 output\obj\debug\core\src\main.o
 .text.LL_RCC_HSI14_Enable
                0x08001654       0x1c output\obj\debug\core\src\main.o
 .text.LL_RCC_HSI14_IsReady
                0x08001670       0x1c output\obj\debug\core\src\main.o
 .text.LL_RCC_HSI14_EnableADCControl
                0x0800168c       0x1c output\obj\debug\core\src\main.o
 .text.LL_RCC_HSI14_SetCalibTrimming
                0x080016a8       0x28 output\obj\debug\core\src\main.o
 .text.LL_RCC_SetSysClkSource
                0x080016d0       0x28 output\obj\debug\core\src\main.o
 .text.LL_RCC_GetSysClkSource
                0x080016f8       0x18 output\obj\debug\core\src\main.o
 .text.LL_RCC_SetAHBPrescaler
                0x08001710       0x28 output\obj\debug\core\src\main.o
 .text.LL_RCC_SetAPB1Prescaler
                0x08001738       0x28 output\obj\debug\core\src\main.o
 .text.LL_RCC_SetUSARTClockSource
                0x08001760       0x34 output\obj\debug\core\src\main.o
 .text.LL_RCC_SetI2CClockSource
                0x08001794       0x28 output\obj\debug\core\src\main.o
 .text.LL_RCC_PLL_Enable
                0x080017bc       0x1c output\obj\debug\core\src\main.o
 .text.LL_RCC_PLL_IsReady
                0x080017d8       0x20 output\obj\debug\core\src\main.o
 .text.LL_RCC_PLL_ConfigDomain_SYS
                0x080017f8       0x4c output\obj\debug\core\src\main.o
 .text.LL_AHB1_GRP1_EnableClock
                0x08001844       0x2c output\obj\debug\core\src\main.o
 .text.LL_APB1_GRP1_EnableClock
                0x08001870       0x2c output\obj\debug\core\src\main.o
 .text.LL_APB1_GRP2_EnableClock
                0x0800189c       0x2c output\obj\debug\core\src\main.o
 .text.LL_SYSCFG_SetEXTISource
                0x080018c8       0x4c output\obj\debug\core\src\main.o
 .text.LL_FLASH_SetLatency
                0x08001914       0x28 output\obj\debug\core\src\main.o
 .text.LL_FLASH_GetLatency
                0x0800193c       0x18 output\obj\debug\core\src\main.o
 .text.LL_SYSTICK_SetClkSource
                0x08001954       0x34 output\obj\debug\core\src\main.o
 .text.LL_TIM_SetOnePulseMode
                0x08001988       0x24 output\obj\debug\core\src\main.o
 .text.LL_TIM_DisableARRPreload
                0x080019ac       0x20 output\obj\debug\core\src\main.o
 .text.LL_TIM_OC_DisableFast
                0x080019cc       0x88 output\obj\debug\core\src\main.o
 .text.LL_TIM_OC_EnablePreload
                0x08001a54       0x84 output\obj\debug\core\src\main.o
 .text.LL_TIM_SetTriggerOutput
                0x08001ad8       0x24 output\obj\debug\core\src\main.o
 .text.LL_TIM_DisableMasterSlaveMode
                0x08001afc       0x20 output\obj\debug\core\src\main.o
 .text.LL_USART_Enable
                0x08001b1c       0x1c output\obj\debug\core\src\main.o
 .text.LL_USART_DisableOverrunDetect
                0x08001b38       0x20 output\obj\debug\core\src\main.o
 .text.LL_USART_SetDEDeassertionTime
                0x08001b58       0x28 output\obj\debug\core\src\main.o
 .text.LL_USART_SetDEAssertionTime
                0x08001b80       0x28 output\obj\debug\core\src\main.o
 .text.LL_USART_EnableDEMode
                0x08001ba8       0x20 output\obj\debug\core\src\main.o
 .text.LL_USART_SetDESignalPolarity
                0x08001bc8       0x28 output\obj\debug\core\src\main.o
 .text.LL_USART_ConfigAsyncMode
                0x08001bf0       0x30 output\obj\debug\core\src\main.o
 .text.LL_GPIO_SetPinMode
                0x08001c20       0x3c output\obj\debug\core\src\main.o
 .text.LL_GPIO_SetPinPull
                0x08001c5c       0x3c output\obj\debug\core\src\main.o
 .text.LL_GPIO_ResetOutputPin
                0x08001c98       0x18 output\obj\debug\core\src\main.o
 .text.main     0x08001cb0       0xcc output\obj\debug\core\src\main.o
                0x08001cb0                main
 .text.SystemClock_Config
                0x08001d7c       0xc4 output\obj\debug\core\src\main.o
                0x08001d7c                SystemClock_Config
 .text.MX_ADC_Init
                0x08001e40      0x178 output\obj\debug\core\src\main.o
 .text.MX_I2C1_Init
                0x08001fb8      0x120 output\obj\debug\core\src\main.o
 .text.MX_TIM6_Init
                0x080020d8       0x78 output\obj\debug\core\src\main.o
 .text.MX_TIM15_Init
                0x08002150      0x1fc output\obj\debug\core\src\main.o
 .text.MX_TIM16_Init
                0x0800234c      0x180 output\obj\debug\core\src\main.o
 .text.MX_USART1_UART_Init
                0x080024cc      0x174 output\obj\debug\core\src\main.o
 .text.MX_USART2_UART_Init
                0x08002640      0x170 output\obj\debug\core\src\main.o
 .text.MX_GPIO_Init
                0x080027b0      0x1b8 output\obj\debug\core\src\main.o
 .text.Error_Handler
                0x08002968        0xc output\obj\debug\core\src\main.o
                0x08002968                Error_Handler
 .text.LL_EXTI_IsActiveFlag_0_31
                0x08002974       0x28 output\obj\debug\core\src\stm32f0xx_it.o
 .text.LL_EXTI_ClearFlag_0_31
                0x0800299c       0x1c output\obj\debug\core\src\stm32f0xx_it.o
 .text.NMI_Handler
                0x080029b8        0xc output\obj\debug\core\src\stm32f0xx_it.o
                0x080029b8                NMI_Handler
 .text.HardFault_Handler
                0x080029c4        0x8 output\obj\debug\core\src\stm32f0xx_it.o
                0x080029c4                HardFault_Handler
 .text.SVC_Handler
                0x080029cc        0xc output\obj\debug\core\src\stm32f0xx_it.o
                0x080029cc                SVC_Handler
 .text.PendSV_Handler
                0x080029d8        0xc output\obj\debug\core\src\stm32f0xx_it.o
                0x080029d8                PendSV_Handler
 .text.SysTick_Handler
                0x080029e4       0x84 output\obj\debug\core\src\stm32f0xx_it.o
                0x080029e4                SysTick_Handler
 .text.EXTI4_15_IRQHandler
                0x08002a68       0x1c output\obj\debug\core\src\stm32f0xx_it.o
                0x08002a68                EXTI4_15_IRQHandler
 .text.TIM6_DAC_IRQHandler
                0x08002a84        0xc output\obj\debug\core\src\stm32f0xx_it.o
                0x08002a84                TIM6_DAC_IRQHandler
 .text.USART1_IRQHandler
                0x08002a90       0x10 output\obj\debug\core\src\stm32f0xx_it.o
                0x08002a90                USART1_IRQHandler
 .text.USART2_IRQHandler
                0x08002aa0       0x10 output\obj\debug\core\src\stm32f0xx_it.o
                0x08002aa0                USART2_IRQHandler
 .text.SystemInit
                0x08002ab0       0x88 output\obj\debug\core\src\system_stm32f0xx.o
                0x08002ab0                SystemInit
 .text.LL_ADC_IsEnabled
                0x08002b38       0x20 output\obj\debug\drivers\stm32f0xx_hal_driver\src\stm32f0xx_ll_adc.o
 .text.LL_ADC_Init
                0x08002b58       0x58 output\obj\debug\drivers\stm32f0xx_hal_driver\src\stm32f0xx_ll_adc.o
                0x08002b58                LL_ADC_Init
 .text.LL_ADC_REG_Init
                0x08002bb0       0x64 output\obj\debug\drivers\stm32f0xx_hal_driver\src\stm32f0xx_ll_adc.o
                0x08002bb0                LL_ADC_REG_Init
 .text.LL_EXTI_EnableIT_0_31
                0x08002c14       0x20 output\obj\debug\drivers\stm32f0xx_hal_driver\src\stm32f0xx_ll_exti.o
 .text.LL_EXTI_DisableIT_0_31
                0x08002c34       0x24 output\obj\debug\drivers\stm32f0xx_hal_driver\src\stm32f0xx_ll_exti.o
 .text.LL_EXTI_EnableEvent_0_31
                0x08002c58       0x20 output\obj\debug\drivers\stm32f0xx_hal_driver\src\stm32f0xx_ll_exti.o
 .text.LL_EXTI_DisableEvent_0_31
                0x08002c78       0x24 output\obj\debug\drivers\stm32f0xx_hal_driver\src\stm32f0xx_ll_exti.o
 .text.LL_EXTI_EnableRisingTrig_0_31
                0x08002c9c       0x20 output\obj\debug\drivers\stm32f0xx_hal_driver\src\stm32f0xx_ll_exti.o
 .text.LL_EXTI_DisableRisingTrig_0_31
                0x08002cbc       0x24 output\obj\debug\drivers\stm32f0xx_hal_driver\src\stm32f0xx_ll_exti.o
 .text.LL_EXTI_EnableFallingTrig_0_31
                0x08002ce0       0x20 output\obj\debug\drivers\stm32f0xx_hal_driver\src\stm32f0xx_ll_exti.o
 .text.LL_EXTI_DisableFallingTrig_0_31
                0x08002d00       0x24 output\obj\debug\drivers\stm32f0xx_hal_driver\src\stm32f0xx_ll_exti.o
 .text.LL_EXTI_Init
                0x08002d24      0x104 output\obj\debug\drivers\stm32f0xx_hal_driver\src\stm32f0xx_ll_exti.o
                0x08002d24                LL_EXTI_Init
 .text.LL_GPIO_SetPinMode
                0x08002e28       0x3c output\obj\debug\drivers\stm32f0xx_hal_driver\src\stm32f0xx_ll_gpio.o
 .text.LL_GPIO_SetPinOutputType
                0x08002e64       0x2c output\obj\debug\drivers\stm32f0xx_hal_driver\src\stm32f0xx_ll_gpio.o
 .text.LL_GPIO_SetPinSpeed
                0x08002e90       0x3c output\obj\debug\drivers\stm32f0xx_hal_driver\src\stm32f0xx_ll_gpio.o
 .text.LL_GPIO_SetPinPull
                0x08002ecc       0x3c output\obj\debug\drivers\stm32f0xx_hal_driver\src\stm32f0xx_ll_gpio.o
 .text.LL_GPIO_SetAFPin_0_7
                0x08002f08       0x4c output\obj\debug\drivers\stm32f0xx_hal_driver\src\stm32f0xx_ll_gpio.o
 .text.LL_GPIO_SetAFPin_8_15
                0x08002f54       0x5c output\obj\debug\drivers\stm32f0xx_hal_driver\src\stm32f0xx_ll_gpio.o
 .text.LL_GPIO_Init
                0x08002fb0       0xcc output\obj\debug\drivers\stm32f0xx_hal_driver\src\stm32f0xx_ll_gpio.o
                0x08002fb0                LL_GPIO_Init
 .text.LL_I2C_Enable
                0x0800307c       0x1c output\obj\debug\drivers\stm32f0xx_hal_driver\src\stm32f0xx_ll_i2c.o
 .text.LL_I2C_Disable
                0x08003098       0x20 output\obj\debug\drivers\stm32f0xx_hal_driver\src\stm32f0xx_ll_i2c.o
 .text.LL_I2C_ConfigFilters
                0x080030b8       0x30 output\obj\debug\drivers\stm32f0xx_hal_driver\src\stm32f0xx_ll_i2c.o
 .text.LL_I2C_SetOwnAddress1
                0x080030e8       0x28 output\obj\debug\drivers\stm32f0xx_hal_driver\src\stm32f0xx_ll_i2c.o
 .text.LL_I2C_EnableOwnAddress1
                0x08003110       0x20 output\obj\debug\drivers\stm32f0xx_hal_driver\src\stm32f0xx_ll_i2c.o
 .text.LL_I2C_DisableOwnAddress1
                0x08003130       0x20 output\obj\debug\drivers\stm32f0xx_hal_driver\src\stm32f0xx_ll_i2c.o
 .text.LL_I2C_SetTiming
                0x08003150       0x18 output\obj\debug\drivers\stm32f0xx_hal_driver\src\stm32f0xx_ll_i2c.o
 .text.LL_I2C_SetMode
                0x08003168       0x28 output\obj\debug\drivers\stm32f0xx_hal_driver\src\stm32f0xx_ll_i2c.o
 .text.LL_I2C_AcknowledgeNextData
                0x08003190       0x28 output\obj\debug\drivers\stm32f0xx_hal_driver\src\stm32f0xx_ll_i2c.o
 .text.LL_I2C_Init
                0x080031b8       0x88 output\obj\debug\drivers\stm32f0xx_hal_driver\src\stm32f0xx_ll_i2c.o
                0x080031b8                LL_I2C_Init
 .text.LL_RCC_HSI_IsReady
                0x08003240       0x1c output\obj\debug\drivers\stm32f0xx_hal_driver\src\stm32f0xx_ll_rcc.o
 .text.LL_RCC_LSE_IsReady
                0x0800325c       0x1c output\obj\debug\drivers\stm32f0xx_hal_driver\src\stm32f0xx_ll_rcc.o
 .text.LL_RCC_GetSysClkSource
                0x08003278       0x18 output\obj\debug\drivers\stm32f0xx_hal_driver\src\stm32f0xx_ll_rcc.o
 .text.LL_RCC_GetAHBPrescaler
                0x08003290       0x18 output\obj\debug\drivers\stm32f0xx_hal_driver\src\stm32f0xx_ll_rcc.o
 .text.LL_RCC_GetAPB1Prescaler
                0x080032a8       0x18 output\obj\debug\drivers\stm32f0xx_hal_driver\src\stm32f0xx_ll_rcc.o
 .text.LL_RCC_GetUSARTClockSource
                0x080032c0       0x28 output\obj\debug\drivers\stm32f0xx_hal_driver\src\stm32f0xx_ll_rcc.o
 .text.LL_RCC_PLL_GetMainSource
                0x080032e8       0x18 output\obj\debug\drivers\stm32f0xx_hal_driver\src\stm32f0xx_ll_rcc.o
 .text.LL_RCC_PLL_GetMultiplicator
                0x08003300       0x18 output\obj\debug\drivers\stm32f0xx_hal_driver\src\stm32f0xx_ll_rcc.o
 .text.LL_RCC_PLL_GetPrediv
                0x08003318       0x18 output\obj\debug\drivers\stm32f0xx_hal_driver\src\stm32f0xx_ll_rcc.o
 .text.LL_RCC_GetSystemClocksFreq
                0x08003330       0x3c output\obj\debug\drivers\stm32f0xx_hal_driver\src\stm32f0xx_ll_rcc.o
                0x08003330                LL_RCC_GetSystemClocksFreq
 .text.LL_RCC_GetUSARTClockFreq
                0x0800336c       0x80 output\obj\debug\drivers\stm32f0xx_hal_driver\src\stm32f0xx_ll_rcc.o
                0x0800336c                LL_RCC_GetUSARTClockFreq
 .text.RCC_GetSystemClockFreq
                0x080033ec       0x48 output\obj\debug\drivers\stm32f0xx_hal_driver\src\stm32f0xx_ll_rcc.o
                0x080033ec                RCC_GetSystemClockFreq
 .text.RCC_GetHCLKClockFreq
                0x08003434       0x2c output\obj\debug\drivers\stm32f0xx_hal_driver\src\stm32f0xx_ll_rcc.o
                0x08003434                RCC_GetHCLKClockFreq
 .text.RCC_GetPCLK1ClockFreq
                0x08003460       0x28 output\obj\debug\drivers\stm32f0xx_hal_driver\src\stm32f0xx_ll_rcc.o
                0x08003460                RCC_GetPCLK1ClockFreq
 .text.RCC_PLL_GetFreqDomain_SYS
                0x08003488       0x70 output\obj\debug\drivers\stm32f0xx_hal_driver\src\stm32f0xx_ll_rcc.o
                0x08003488                RCC_PLL_GetFreqDomain_SYS
 .text.LL_TIM_SetPrescaler
                0x080034f8       0x18 output\obj\debug\drivers\stm32f0xx_hal_driver\src\stm32f0xx_ll_tim.o
 .text.LL_TIM_SetAutoReload
                0x08003510       0x18 output\obj\debug\drivers\stm32f0xx_hal_driver\src\stm32f0xx_ll_tim.o
 .text.LL_TIM_SetRepetitionCounter
                0x08003528       0x18 output\obj\debug\drivers\stm32f0xx_hal_driver\src\stm32f0xx_ll_tim.o
 .text.LL_TIM_OC_SetCompareCH1
                0x08003540       0x18 output\obj\debug\drivers\stm32f0xx_hal_driver\src\stm32f0xx_ll_tim.o
 .text.LL_TIM_OC_SetCompareCH2
                0x08003558       0x18 output\obj\debug\drivers\stm32f0xx_hal_driver\src\stm32f0xx_ll_tim.o
 .text.LL_TIM_OC_SetCompareCH3
                0x08003570       0x18 output\obj\debug\drivers\stm32f0xx_hal_driver\src\stm32f0xx_ll_tim.o
 .text.LL_TIM_OC_SetCompareCH4
                0x08003588       0x18 output\obj\debug\drivers\stm32f0xx_hal_driver\src\stm32f0xx_ll_tim.o
 .text.LL_TIM_GenerateEvent_UPDATE
                0x080035a0       0x1c output\obj\debug\drivers\stm32f0xx_hal_driver\src\stm32f0xx_ll_tim.o
 .text.LL_TIM_Init
                0x080035bc      0x108 output\obj\debug\drivers\stm32f0xx_hal_driver\src\stm32f0xx_ll_tim.o
                0x080035bc                LL_TIM_Init
 .text.LL_TIM_OC_Init
                0x080036c4       0x9c output\obj\debug\drivers\stm32f0xx_hal_driver\src\stm32f0xx_ll_tim.o
                0x080036c4                LL_TIM_OC_Init
 .text.LL_TIM_BDTR_Init
                0x08003760       0xac output\obj\debug\drivers\stm32f0xx_hal_driver\src\stm32f0xx_ll_tim.o
                0x08003760                LL_TIM_BDTR_Init
 .text.OC1Config
                0x0800380c      0x114 output\obj\debug\drivers\stm32f0xx_hal_driver\src\stm32f0xx_ll_tim.o
 .text.OC2Config
                0x08003920      0x120 output\obj\debug\drivers\stm32f0xx_hal_driver\src\stm32f0xx_ll_tim.o
 .text.OC3Config
                0x08003a40      0x120 output\obj\debug\drivers\stm32f0xx_hal_driver\src\stm32f0xx_ll_tim.o
 .text.OC4Config
                0x08003b60       0xec output\obj\debug\drivers\stm32f0xx_hal_driver\src\stm32f0xx_ll_tim.o
 .text.LL_USART_IsEnabled
                0x08003c4c       0x20 output\obj\debug\drivers\stm32f0xx_hal_driver\src\stm32f0xx_ll_usart.o
 .text.LL_USART_SetStopBitsLength
                0x08003c6c       0x28 output\obj\debug\drivers\stm32f0xx_hal_driver\src\stm32f0xx_ll_usart.o
 .text.LL_USART_SetHWFlowCtrl
                0x08003c94       0x28 output\obj\debug\drivers\stm32f0xx_hal_driver\src\stm32f0xx_ll_usart.o
 .text.LL_USART_SetBaudRate
                0x08003cbc       0x70 output\obj\debug\drivers\stm32f0xx_hal_driver\src\stm32f0xx_ll_usart.o
 .text.LL_USART_Init
                0x08003d2c       0xd0 output\obj\debug\drivers\stm32f0xx_hal_driver\src\stm32f0xx_ll_usart.o
                0x08003d2c                LL_USART_Init
 .text.LL_InitTick
                0x08003dfc       0x34 output\obj\debug\drivers\stm32f0xx_hal_driver\src\stm32f0xx_ll_utils.o
 .text.LL_Init1msTick
                0x08003e30       0x20 output\obj\debug\drivers\stm32f0xx_hal_driver\src\stm32f0xx_ll_utils.o
                0x08003e30                LL_Init1msTick
 .text.LL_mDelay
                0x08003e50       0x44 output\obj\debug\drivers\stm32f0xx_hal_driver\src\stm32f0xx_ll_utils.o
                0x08003e50                LL_mDelay
 .text.LL_SetSystemCoreClock
                0x08003e94       0x1c output\obj\debug\drivers\stm32f0xx_hal_driver\src\stm32f0xx_ll_utils.o
                0x08003e94                LL_SetSystemCoreClock
 .text          0x08003eb0       0xa0 output\obj\debug\startup\startup_stm32f0xx.o
                0x08003eb0                Reset_Handler
                0x08003ee4                _start
                0x08003f04                Default_Handler
                0x08003f06                WWDG_IRQHandler
                0x08003f08                PVD_IRQHandler
                0x08003f0a                RTC_IRQHandler
                0x08003f0c                FLASH_IRQHandler
                0x08003f0e                RCC_IRQHandler
                0x08003f10                EXTI0_1_IRQHandler
                0x08003f12                EXTI2_3_IRQHandler
                0x08003f16                TS_IRQHandler
                0x08003f18                DMA1_Channel1_IRQHandler
                0x08003f1a                DMA1_Channel2_3_IRQHandler
                0x08003f1c                DMA1_Channel4_5_IRQHandler
                0x08003f1e                ADC1_COMP_IRQHandler
                0x08003f20                TIM1_BRK_UP_TRG_COM_IRQHandler
                0x08003f22                TIM1_CC_IRQHandler
                0x08003f24                TIM2_IRQHandler
                0x08003f26                TIM3_IRQHandler
                0x08003f2a                TIM7_IRQHandler
                0x08003f2c                TIM14_IRQHandler
                0x08003f2e                TIM15_IRQHandler
                0x08003f30                TIM16_IRQHandler
                0x08003f32                TIM17_IRQHandler
                0x08003f34                I2C1_IRQHandler
                0x08003f36                I2C2_IRQHandler
                0x08003f38                SPI1_IRQHandler
                0x08003f3a                SPI2_IRQHandler
                0x08003f40                USART3_4_IRQHandler
                0x08003f42                CEC_IRQHandler
                0x08003f44                USB_IRQHandler
                0x08003f46                BootRAM
 .text          0x08003f50      0x114 c:/program files (x86)/embitz/1.11/share/em_armgcc/bin/../lib/gcc/arm-none-eabi/5.4.1/armv6-m\libgcc.a(_udivsi3.o)
                0x08003f50                __aeabi_uidiv
                0x08003f50                __udivsi3
                0x0800405c                __aeabi_uidivmod
 .text          0x08004064        0x4 c:/program files (x86)/embitz/1.11/share/em_armgcc/bin/../lib/gcc/arm-none-eabi/5.4.1/armv6-m\libgcc.a(_dvmd_tls.o)
                0x08004064                __aeabi_idiv0
                0x08004064                __aeabi_ldiv0
 .text.malloc   0x08004068       0x14 c:/program files (x86)/embitz/1.11/share/em_armgcc/bin/../lib/gcc/arm-none-eabi/5.4.1/../../../../arm-none-eabi/lib/armv6-m\libg.a(lib_a-malloc.o)
                0x08004068                malloc
 .text.free     0x0800407c       0x14 c:/program files (x86)/embitz/1.11/share/em_armgcc/bin/../lib/gcc/arm-none-eabi/5.4.1/../../../../arm-none-eabi/lib/armv6-m\libg.a(lib_a-malloc.o)
                0x0800407c                free
 .text._malloc_r
                0x08004090      0x554 c:/program files (x86)/embitz/1.11/share/em_armgcc/bin/../lib/gcc/arm-none-eabi/5.4.1/../../../../arm-none-eabi/lib/armv6-m\libg.a(lib_a-mallocr.o)
                0x08004090                _malloc_r
 .text.memset   0x080045e4       0x8c c:/program files (x86)/embitz/1.11/share/em_armgcc/bin/../lib/gcc/arm-none-eabi/5.4.1/../../../../arm-none-eabi/lib/armv6-m\libg.a(lib_a-memset.o)
                0x080045e4                memset
 .text.__malloc_lock
                0x08004670        0x4 c:/program files (x86)/embitz/1.11/share/em_armgcc/bin/../lib/gcc/arm-none-eabi/5.4.1/../../../../arm-none-eabi/lib/armv6-m\libg.a(lib_a-mlock.o)
                0x08004670                __malloc_lock
 .text.__malloc_unlock
                0x08004674        0x4 c:/program files (x86)/embitz/1.11/share/em_armgcc/bin/../lib/gcc/arm-none-eabi/5.4.1/../../../../arm-none-eabi/lib/armv6-m\libg.a(lib_a-mlock.o)
                0x08004674                __malloc_unlock
 .text._sbrk_r  0x08004678       0x24 c:/program files (x86)/embitz/1.11/share/em_armgcc/bin/../lib/gcc/arm-none-eabi/5.4.1/../../../../arm-none-eabi/lib/armv6-m\libg.a(lib_a-sbrkr.o)
                0x08004678                _sbrk_r
 .text._malloc_trim_r
                0x0800469c       0xa0 c:/program files (x86)/embitz/1.11/share/em_armgcc/bin/../lib/gcc/arm-none-eabi/5.4.1/../../../../arm-none-eabi/lib/armv6-m\libg.a(lib_a-freer.o)
                0x0800469c                _malloc_trim_r
 .text._free_r  0x0800473c      0x1c4 c:/program files (x86)/embitz/1.11/share/em_armgcc/bin/../lib/gcc/arm-none-eabi/5.4.1/../../../../arm-none-eabi/lib/armv6-m\libg.a(lib_a-freer.o)
                0x0800473c                _free_r
 .text._sbrk    0x08004900       0x1c c:/program files (x86)/embitz/1.11/share/em_armgcc/bin/../lib/gcc/arm-none-eabi/5.4.1/../../../../arm-none-eabi/lib/armv6-m\libnosys.a(sbrk.o)
                0x08004900                _sbrk
 *(.init)
 *(.fini)
 *crtbegin.o(.ctors)
 *crtbegin?.o(.ctors)
 *(EXCLUDE_FILE(*crtend.o *crtend?.o) .ctors)
 *(SORT(.ctors.*))
 *(.ctors)
 *crtbegin.o(.dtors)
 *crtbegin?.o(.dtors)
 *(EXCLUDE_FILE(*crtend.o *crtend?.o) .dtors)
 *(SORT(.dtors.*))
 *(.dtors)
 *(.rodata*)
 .rodata        0x0800491c       0x1c output\obj\debug\core\bsp\unicon\drivers\usart.o
 .rodata.cmd_rest
                0x08004938        0x4 output\obj\debug\core\libs\nextion\nextion.o
                0x08004938                cmd_rest
 .rodata.OFFSET_TAB_CCMRx
                0x0800493c        0x7 output\obj\debug\core\src\main.o
 *fill*         0x08004943        0x1 
 .rodata.SHIFT_TAB_OCxx
                0x08004944        0x7 output\obj\debug\core\src\main.o
 *fill*         0x0800494b        0x1 
 .rodata.AHBPrescTable
                0x0800494c       0x10 output\obj\debug\core\src\system_stm32f0xx.o
                0x0800494c                AHBPrescTable
 .rodata.APBPrescTable
                0x0800495c        0x8 output\obj\debug\core\src\system_stm32f0xx.o
                0x0800495c                APBPrescTable
 .rodata.str1.4
                0x08004964        0x4 c:/program files (x86)/embitz/1.11/share/em_armgcc/bin/../lib/gcc/arm-none-eabi/5.4.1/../../../../arm-none-eabi/lib/armv6-m\libg.a(lib_a-impure.o)
                                  0x2 (size before relaxing)
 *(.eh_frame*)

.glue_7         0x08004968        0x0
 .glue_7        0x08004968        0x0 linker stubs

.glue_7t        0x08004968        0x0
 .glue_7t       0x08004968        0x0 linker stubs

.vfp11_veneer   0x08004968        0x0
 .vfp11_veneer  0x08004968        0x0 linker stubs

.v4_bx          0x08004968        0x0
 .v4_bx         0x08004968        0x0 linker stubs

.iplt           0x08004968        0x0
 .iplt          0x08004968        0x0 output\obj\debug\core\bsp\unicon\drivers\adc.o

.rel.dyn        0x08004968        0x0
 .rel.iplt      0x08004968        0x0 output\obj\debug\core\bsp\unicon\drivers\adc.o

.ARM.extab
 *(.ARM.extab* .gnu.linkonce.armextab.*)
                0x08004968                __exidx_start = .

.ARM.exidx
 *(.ARM.exidx* .gnu.linkonce.armexidx.*)
                0x08004968                __exidx_end = .
                0x08004968                __etext = .

.data           0x20000000      0x84c load address 0x08004968
                0x20000000                __data_start__ = .
 *(vtable)
 *(.data*)
 .data.usart_handle
                0x20000000        0x8 output\obj\debug\core\bsp\unicon\drivers\usart.o
                0x20000000                usart_handle
 .data.SystemCoreClock
                0x20000008        0x4 output\obj\debug\core\src\system_stm32f0xx.o
                0x20000008                SystemCoreClock
 .data.__malloc_av_
                0x2000000c      0x408 c:/program files (x86)/embitz/1.11/share/em_armgcc/bin/../lib/gcc/arm-none-eabi/5.4.1/../../../../arm-none-eabi/lib/armv6-m\libg.a(lib_a-mallocr.o)
                0x2000000c                __malloc_av_
 .data.__malloc_trim_threshold
                0x20000414        0x4 c:/program files (x86)/embitz/1.11/share/em_armgcc/bin/../lib/gcc/arm-none-eabi/5.4.1/../../../../arm-none-eabi/lib/armv6-m\libg.a(lib_a-mallocr.o)
                0x20000414                __malloc_trim_threshold
 .data.__malloc_sbrk_base
                0x20000418        0x4 c:/program files (x86)/embitz/1.11/share/em_armgcc/bin/../lib/gcc/arm-none-eabi/5.4.1/../../../../arm-none-eabi/lib/armv6-m\libg.a(lib_a-mallocr.o)
                0x20000418                __malloc_sbrk_base
 *fill*         0x2000041c        0x4 
 .data.impure_data
                0x20000420      0x428 c:/program files (x86)/embitz/1.11/share/em_armgcc/bin/../lib/gcc/arm-none-eabi/5.4.1/../../../../arm-none-eabi/lib/armv6-m\libg.a(lib_a-impure.o)
 .data._impure_ptr
                0x20000848        0x4 c:/program files (x86)/embitz/1.11/share/em_armgcc/bin/../lib/gcc/arm-none-eabi/5.4.1/../../../../arm-none-eabi/lib/armv6-m\libg.a(lib_a-impure.o)
                0x20000848                _impure_ptr
                0x2000084c                . = ALIGN (0x4)
                [!provide]                PROVIDE (__preinit_array_start, .)
 *(.preinit_array)
                [!provide]                PROVIDE (__preinit_array_end, .)
                0x2000084c                . = ALIGN (0x4)
                [!provide]                PROVIDE (__init_array_start, .)
 *(SORT(.init_array.*))
 *(.init_array)
                [!provide]                PROVIDE (__init_array_end, .)
                0x2000084c                . = ALIGN (0x4)
                [!provide]                PROVIDE (__fini_array_start, .)
 *(SORT(.fini_array.*))
 *(.fini_array)
                [!provide]                PROVIDE (__fini_array_end, .)
                0x2000084c                . = ALIGN (0x4)
                0x2000084c                __data_end__ = .

.igot.plt       0x2000084c        0x0 load address 0x080051b4
 .igot.plt      0x2000084c        0x0 output\obj\debug\core\bsp\unicon\drivers\adc.o

.bss            0x2000084c       0xd0 load address 0x080051b4
                0x2000084c                __bss_start__ = .
 *(.bss*)
 .bss.NextionDataReceived
                0x2000084c        0x1 output\obj\debug\core\libs\nextion\nextion.o
                0x2000084c                NextionDataReceived
 *fill*         0x2000084d        0x3 
 .bss.delay.8970
                0x20000850        0x4 output\obj\debug\core\src\main.o
 .bss.timestamp
                0x20000854        0x4 output\obj\debug\core\src\stm32f0xx_it.o
                0x20000854                timestamp
 .bss.__malloc_max_total_mem
                0x20000858        0x4 c:/program files (x86)/embitz/1.11/share/em_armgcc/bin/../lib/gcc/arm-none-eabi/5.4.1/../../../../arm-none-eabi/lib/armv6-m\libg.a(lib_a-mallocr.o)
                0x20000858                __malloc_max_total_mem
 .bss.__malloc_max_sbrked_mem
                0x2000085c        0x4 c:/program files (x86)/embitz/1.11/share/em_armgcc/bin/../lib/gcc/arm-none-eabi/5.4.1/../../../../arm-none-eabi/lib/armv6-m\libg.a(lib_a-mallocr.o)
                0x2000085c                __malloc_max_sbrked_mem
 .bss.__malloc_top_pad
                0x20000860        0x4 c:/program files (x86)/embitz/1.11/share/em_armgcc/bin/../lib/gcc/arm-none-eabi/5.4.1/../../../../arm-none-eabi/lib/armv6-m\libg.a(lib_a-mallocr.o)
                0x20000860                __malloc_top_pad
 .bss.__malloc_current_mallinfo
                0x20000864       0x28 c:/program files (x86)/embitz/1.11/share/em_armgcc/bin/../lib/gcc/arm-none-eabi/5.4.1/../../../../arm-none-eabi/lib/armv6-m\libg.a(lib_a-mallocr.o)
                0x20000864                __malloc_current_mallinfo
 .bss.heap_end.4167
                0x2000088c        0x4 c:/program files (x86)/embitz/1.11/share/em_armgcc/bin/../lib/gcc/arm-none-eabi/5.4.1/../../../../arm-none-eabi/lib/armv6-m\libnosys.a(sbrk.o)
 *(COMMON)
 COMMON         0x20000890       0x5c output\obj\debug\core\bsp\unicon\drivers\usart.o
                0x20000890                port_register
                0x200008dc                port_config
 COMMON         0x200008ec       0x2a output\obj\debug\core\bsp\unicon\unicon.o
                0x200008ec                SysData
 *fill*         0x20000916        0x2 
 COMMON         0x20000918        0x4 c:/program files (x86)/embitz/1.11/share/em_armgcc/bin/../lib/gcc/arm-none-eabi/5.4.1/../../../../arm-none-eabi/lib/armv6-m\libg.a(lib_a-reent.o)
                0x20000918                errno
                0x2000091c                __bss_end__ = .

.heap           0x20000920      0x400
                0x20000920                __end__ = .
                0x20000920                end = __end__
 *(.heap*)
 .heap          0x20000920      0x400 output\obj\debug\startup\startup_stm32f0xx.o
                0x20000920                __HeapBase
                0x20000d20                __HeapLimit = .

.stack_dummy    0x20000920      0x200
 *(.stack)
 .stack         0x20000920      0x200 output\obj\debug\startup\startup_stm32f0xx.o
                0x20002000                __StackTop = (ORIGIN (RAM) + LENGTH (RAM))
                0x20001e00                __StackLimit = (__StackTop - SIZEOF (.stack_dummy))
                [!provide]                PROVIDE (__stack, __StackTop)
                0x00000001                ASSERT ((__StackLimit >= __HeapLimit), region RAM overflowed with stack)
LOAD output\obj\debug\core\bsp\unicon\drivers\adc.o
LOAD output\obj\debug\core\bsp\unicon\drivers\iic.o
LOAD output\obj\debug\core\bsp\unicon\drivers\io.o
LOAD output\obj\debug\core\bsp\unicon\drivers\pwm.o
LOAD output\obj\debug\core\bsp\unicon\drivers\rtc.o
LOAD output\obj\debug\core\bsp\unicon\drivers\tim.o
LOAD output\obj\debug\core\bsp\unicon\drivers\usart.o
LOAD output\obj\debug\core\bsp\unicon\unicon.o
LOAD output\obj\debug\core\libs\freemodbus\modbus\ascii\mbascii.o
LOAD output\obj\debug\core\libs\freemodbus\modbus\functions\mbfunccoils.o
LOAD output\obj\debug\core\libs\freemodbus\modbus\functions\mbfuncdiag.o
LOAD output\obj\debug\core\libs\freemodbus\modbus\functions\mbfuncdisc.o
LOAD output\obj\debug\core\libs\freemodbus\modbus\functions\mbfuncholding.o
LOAD output\obj\debug\core\libs\freemodbus\modbus\functions\mbfuncinput.o
LOAD output\obj\debug\core\libs\freemodbus\modbus\functions\mbfuncother.o
LOAD output\obj\debug\core\libs\freemodbus\modbus\functions\mbutils.o
LOAD output\obj\debug\core\libs\freemodbus\modbus\mb.o
LOAD output\obj\debug\core\libs\freemodbus\modbus\rtu\mbcrc.o
LOAD output\obj\debug\core\libs\freemodbus\modbus\rtu\mbrtu.o
LOAD output\obj\debug\core\libs\freemodbus\modbus\tcp\mbtcp.o
LOAD output\obj\debug\core\libs\freemodbus\port\port.o
LOAD output\obj\debug\core\libs\freemodbus\port\portevent.o
LOAD output\obj\debug\core\libs\freemodbus\port\portserial.o
LOAD output\obj\debug\core\libs\freemodbus\port\porttimer.o
LOAD output\obj\debug\core\libs\freemodbus\user_mb_app.o
LOAD output\obj\debug\core\libs\iic_eeprom\iic_eeprom.o
LOAD output\obj\debug\core\libs\mcp23017\mcp23017.o
LOAD output\obj\debug\core\libs\nextion\nextion.o
LOAD output\obj\debug\core\src\main.o
LOAD output\obj\debug\core\src\stm32f0xx_it.o
LOAD output\obj\debug\core\src\system_stm32f0xx.o
LOAD output\obj\debug\drivers\stm32f0xx_hal_driver\src\stm32f0xx_ll_adc.o
LOAD output\obj\debug\drivers\stm32f0xx_hal_driver\src\stm32f0xx_ll_dma.o
LOAD output\obj\debug\drivers\stm32f0xx_hal_driver\src\stm32f0xx_ll_exti.o
LOAD output\obj\debug\drivers\stm32f0xx_hal_driver\src\stm32f0xx_ll_gpio.o
LOAD output\obj\debug\drivers\stm32f0xx_hal_driver\src\stm32f0xx_ll_i2c.o
LOAD output\obj\debug\drivers\stm32f0xx_hal_driver\src\stm32f0xx_ll_pwr.o
LOAD output\obj\debug\drivers\stm32f0xx_hal_driver\src\stm32f0xx_ll_rcc.o
LOAD output\obj\debug\drivers\stm32f0xx_hal_driver\src\stm32f0xx_ll_tim.o
LOAD output\obj\debug\drivers\stm32f0xx_hal_driver\src\stm32f0xx_ll_usart.o
LOAD output\obj\debug\drivers\stm32f0xx_hal_driver\src\stm32f0xx_ll_utils.o
LOAD output\obj\debug\startup\startup_stm32f0xx.o
LOAD c:/program files (x86)/embitz/1.11/share/em_armgcc/bin/../lib/gcc/arm-none-eabi/5.4.1/../../../../arm-none-eabi/lib/armv6-m\libm.a
START GROUP
LOAD c:/program files (x86)/embitz/1.11/share/em_armgcc/bin/../lib/gcc/arm-none-eabi/5.4.1/armv6-m\libgcc.a
LOAD c:/program files (x86)/embitz/1.11/share/em_armgcc/bin/../lib/gcc/arm-none-eabi/5.4.1/../../../../arm-none-eabi/lib/armv6-m\libg.a
LOAD c:/program files (x86)/embitz/1.11/share/em_armgcc/bin/../lib/gcc/arm-none-eabi/5.4.1/../../../../arm-none-eabi/lib/armv6-m\libc.a
END GROUP
START GROUP
LOAD c:/program files (x86)/embitz/1.11/share/em_armgcc/bin/../lib/gcc/arm-none-eabi/5.4.1/armv6-m\libgcc.a
LOAD c:/program files (x86)/embitz/1.11/share/em_armgcc/bin/../lib/gcc/arm-none-eabi/5.4.1/../../../../arm-none-eabi/lib/armv6-m\libc.a
LOAD c:/program files (x86)/embitz/1.11/share/em_armgcc/bin/../lib/gcc/arm-none-eabi/5.4.1/../../../../arm-none-eabi/lib/armv6-m\libnosys.a
END GROUP
OUTPUT(Output\bin\Debug\ihouse.elf elf32-littlearm)

.debug_info     0x00000000     0x7cc7
 .debug_info    0x00000000      0x591 output\obj\debug\core\bsp\unicon\drivers\iic.o
 .debug_info    0x00000591      0x54a output\obj\debug\core\bsp\unicon\drivers\tim.o
 .debug_info    0x00000adb      0x772 output\obj\debug\core\bsp\unicon\drivers\usart.o
 .debug_info    0x0000124d      0x753 output\obj\debug\core\bsp\unicon\unicon.o
 .debug_info    0x000019a0      0x4ca output\obj\debug\core\libs\iic_eeprom\iic_eeprom.o
 .debug_info    0x00001e6a      0x9a2 output\obj\debug\core\libs\nextion\nextion.o
 .debug_info    0x0000280c     0x1a5b output\obj\debug\core\src\main.o
 .debug_info    0x00004267      0x397 output\obj\debug\core\src\stm32f0xx_it.o
 .debug_info    0x000045fe      0x239 output\obj\debug\core\src\system_stm32f0xx.o
 .debug_info    0x00004837      0x5ce output\obj\debug\drivers\stm32f0xx_hal_driver\src\stm32f0xx_ll_adc.o
 .debug_info    0x00004e05      0x338 output\obj\debug\drivers\stm32f0xx_hal_driver\src\stm32f0xx_ll_exti.o
 .debug_info    0x0000513d      0x522 output\obj\debug\drivers\stm32f0xx_hal_driver\src\stm32f0xx_ll_gpio.o
 .debug_info    0x0000565f      0x531 output\obj\debug\drivers\stm32f0xx_hal_driver\src\stm32f0xx_ll_i2c.o
 .debug_info    0x00005b90      0x587 output\obj\debug\drivers\stm32f0xx_hal_driver\src\stm32f0xx_ll_rcc.o
 .debug_info    0x00006117      0xdde output\obj\debug\drivers\stm32f0xx_hal_driver\src\stm32f0xx_ll_tim.o
 .debug_info    0x00006ef5      0x63e output\obj\debug\drivers\stm32f0xx_hal_driver\src\stm32f0xx_ll_usart.o
 .debug_info    0x00007533      0x734 output\obj\debug\drivers\stm32f0xx_hal_driver\src\stm32f0xx_ll_utils.o
 .debug_info    0x00007c67       0x60 output\obj\debug\startup\startup_stm32f0xx.o

.debug_abbrev   0x00000000     0x1a48
 .debug_abbrev  0x00000000      0x187 output\obj\debug\core\bsp\unicon\drivers\iic.o
 .debug_abbrev  0x00000187      0x15d output\obj\debug\core\bsp\unicon\drivers\tim.o
 .debug_abbrev  0x000002e4      0x1b4 output\obj\debug\core\bsp\unicon\drivers\usart.o
 .debug_abbrev  0x00000498      0x1ea output\obj\debug\core\bsp\unicon\unicon.o
 .debug_abbrev  0x00000682      0x118 output\obj\debug\core\libs\iic_eeprom\iic_eeprom.o
 .debug_abbrev  0x0000079a       0xe4 output\obj\debug\core\libs\nextion\nextion.o
 .debug_abbrev  0x0000087e      0x293 output\obj\debug\core\src\main.o
 .debug_abbrev  0x00000b11      0x171 output\obj\debug\core\src\stm32f0xx_it.o
 .debug_abbrev  0x00000c82       0xf3 output\obj\debug\core\src\system_stm32f0xx.o
 .debug_abbrev  0x00000d75      0x1af output\obj\debug\drivers\stm32f0xx_hal_driver\src\stm32f0xx_ll_adc.o
 .debug_abbrev  0x00000f24      0x149 output\obj\debug\drivers\stm32f0xx_hal_driver\src\stm32f0xx_ll_exti.o
 .debug_abbrev  0x0000106d      0x15f output\obj\debug\drivers\stm32f0xx_hal_driver\src\stm32f0xx_ll_gpio.o
 .debug_abbrev  0x000011cc      0x12f output\obj\debug\drivers\stm32f0xx_hal_driver\src\stm32f0xx_ll_i2c.o
 .debug_abbrev  0x000012fb      0x1ce output\obj\debug\drivers\stm32f0xx_hal_driver\src\stm32f0xx_ll_rcc.o
 .debug_abbrev  0x000014c9      0x1c5 output\obj\debug\drivers\stm32f0xx_hal_driver\src\stm32f0xx_ll_tim.o
 .debug_abbrev  0x0000168e      0x1a6 output\obj\debug\drivers\stm32f0xx_hal_driver\src\stm32f0xx_ll_usart.o
 .debug_abbrev  0x00001834      0x200 output\obj\debug\drivers\stm32f0xx_hal_driver\src\stm32f0xx_ll_utils.o
 .debug_abbrev  0x00001a34       0x14 output\obj\debug\startup\startup_stm32f0xx.o

.debug_aranges  0x00000000      0xb10
 .debug_aranges
                0x00000000       0x88 output\obj\debug\core\bsp\unicon\drivers\iic.o
 .debug_aranges
                0x00000088       0x78 output\obj\debug\core\bsp\unicon\drivers\tim.o
 .debug_aranges
                0x00000100       0xa0 output\obj\debug\core\bsp\unicon\drivers\usart.o
 .debug_aranges
                0x000001a0       0x80 output\obj\debug\core\bsp\unicon\unicon.o
 .debug_aranges
                0x00000220       0x68 output\obj\debug\core\libs\iic_eeprom\iic_eeprom.o
 .debug_aranges
                0x00000288       0x30 output\obj\debug\core\libs\nextion\nextion.o
 .debug_aranges
                0x000002b8      0x228 output\obj\debug\core\src\main.o
 .debug_aranges
                0x000004e0       0x70 output\obj\debug\core\src\stm32f0xx_it.o
 .debug_aranges
                0x00000550       0x28 output\obj\debug\core\src\system_stm32f0xx.o
 .debug_aranges
                0x00000578       0x90 output\obj\debug\drivers\stm32f0xx_hal_driver\src\stm32f0xx_ll_adc.o
 .debug_aranges
                0x00000608       0x70 output\obj\debug\drivers\stm32f0xx_hal_driver\src\stm32f0xx_ll_exti.o
 .debug_aranges
                0x00000678       0x70 output\obj\debug\drivers\stm32f0xx_hal_driver\src\stm32f0xx_ll_gpio.o
 .debug_aranges
                0x000006e8       0x88 output\obj\debug\drivers\stm32f0xx_hal_driver\src\stm32f0xx_ll_i2c.o
 .debug_aranges
                0x00000770       0xe8 output\obj\debug\drivers\stm32f0xx_hal_driver\src\stm32f0xx_ll_rcc.o
 .debug_aranges
                0x00000858      0x128 output\obj\debug\drivers\stm32f0xx_hal_driver\src\stm32f0xx_ll_tim.o
 .debug_aranges
                0x00000980       0x88 output\obj\debug\drivers\stm32f0xx_hal_driver\src\stm32f0xx_ll_usart.o
 .debug_aranges
                0x00000a08       0xe8 output\obj\debug\drivers\stm32f0xx_hal_driver\src\stm32f0xx_ll_utils.o
 .debug_aranges
                0x00000af0       0x20 output\obj\debug\startup\startup_stm32f0xx.o

.debug_ranges   0x00000000      0x9e0
 .debug_ranges  0x00000000       0x78 output\obj\debug\core\bsp\unicon\drivers\iic.o
 .debug_ranges  0x00000078       0x68 output\obj\debug\core\bsp\unicon\drivers\tim.o
 .debug_ranges  0x000000e0       0x90 output\obj\debug\core\bsp\unicon\drivers\usart.o
 .debug_ranges  0x00000170       0x70 output\obj\debug\core\bsp\unicon\unicon.o
 .debug_ranges  0x000001e0       0x58 output\obj\debug\core\libs\iic_eeprom\iic_eeprom.o
 .debug_ranges  0x00000238       0x20 output\obj\debug\core\libs\nextion\nextion.o
 .debug_ranges  0x00000258      0x218 output\obj\debug\core\src\main.o
 .debug_ranges  0x00000470       0x60 output\obj\debug\core\src\stm32f0xx_it.o
 .debug_ranges  0x000004d0       0x18 output\obj\debug\core\src\system_stm32f0xx.o
 .debug_ranges  0x000004e8       0x80 output\obj\debug\drivers\stm32f0xx_hal_driver\src\stm32f0xx_ll_adc.o
 .debug_ranges  0x00000568       0x60 output\obj\debug\drivers\stm32f0xx_hal_driver\src\stm32f0xx_ll_exti.o
 .debug_ranges  0x000005c8       0x60 output\obj\debug\drivers\stm32f0xx_hal_driver\src\stm32f0xx_ll_gpio.o
 .debug_ranges  0x00000628       0x78 output\obj\debug\drivers\stm32f0xx_hal_driver\src\stm32f0xx_ll_i2c.o
 .debug_ranges  0x000006a0       0xd8 output\obj\debug\drivers\stm32f0xx_hal_driver\src\stm32f0xx_ll_rcc.o
 .debug_ranges  0x00000778      0x118 output\obj\debug\drivers\stm32f0xx_hal_driver\src\stm32f0xx_ll_tim.o
 .debug_ranges  0x00000890       0x78 output\obj\debug\drivers\stm32f0xx_hal_driver\src\stm32f0xx_ll_usart.o
 .debug_ranges  0x00000908       0xd8 output\obj\debug\drivers\stm32f0xx_hal_driver\src\stm32f0xx_ll_utils.o

.debug_macro    0x00000000     0x310f
 .debug_macro   0x00000000      0x272 output\obj\debug\core\bsp\unicon\drivers\iic.o
 .debug_macro   0x00000272      0x2a4 output\obj\debug\core\bsp\unicon\drivers\tim.o
 .debug_macro   0x00000516       0x46 output\obj\debug\core\bsp\unicon\drivers\tim.o
 .debug_macro   0x0000055c       0x16 output\obj\debug\core\bsp\unicon\drivers\tim.o
 .debug_macro   0x00000572       0x2e output\obj\debug\core\bsp\unicon\drivers\tim.o
 .debug_macro   0x000005a0       0x3a output\obj\debug\core\bsp\unicon\drivers\tim.o
 .debug_macro   0x000005da       0x22 output\obj\debug\core\bsp\unicon\drivers\tim.o
 .debug_macro   0x000005fc      0x263 output\obj\debug\core\bsp\unicon\drivers\usart.o
 .debug_macro   0x0000085f      0x2a0 output\obj\debug\core\bsp\unicon\unicon.o
 .debug_macro   0x00000aff      0x25d output\obj\debug\core\libs\iic_eeprom\iic_eeprom.o
 .debug_macro   0x00000d5c       0x34 output\obj\debug\core\libs\iic_eeprom\iic_eeprom.o
 .debug_macro   0x00000d90      0x382 output\obj\debug\core\libs\nextion\nextion.o
 .debug_macro   0x00001112      0x2aa output\obj\debug\core\src\main.o
 .debug_macro   0x000013bc       0x34 output\obj\debug\core\src\main.o
 .debug_macro   0x000013f0      0x286 output\obj\debug\core\src\stm32f0xx_it.o
 .debug_macro   0x00001676       0x28 output\obj\debug\core\src\stm32f0xx_it.o
 .debug_macro   0x0000169e       0xd1 output\obj\debug\core\src\system_stm32f0xx.o
 .debug_macro   0x0000176f      0x12a output\obj\debug\drivers\stm32f0xx_hal_driver\src\stm32f0xx_ll_adc.o
 .debug_macro   0x00001899       0xe6 output\obj\debug\drivers\stm32f0xx_hal_driver\src\stm32f0xx_ll_exti.o
 .debug_macro   0x0000197f       0xf3 output\obj\debug\drivers\stm32f0xx_hal_driver\src\stm32f0xx_ll_exti.o
 .debug_macro   0x00001a72      0x101 output\obj\debug\drivers\stm32f0xx_hal_driver\src\stm32f0xx_ll_gpio.o
 .debug_macro   0x00001b73      0x126 output\obj\debug\drivers\stm32f0xx_hal_driver\src\stm32f0xx_ll_gpio.o
 .debug_macro   0x00001c99      0x101 output\obj\debug\drivers\stm32f0xx_hal_driver\src\stm32f0xx_ll_i2c.o
 .debug_macro   0x00001d9a      0x249 output\obj\debug\drivers\stm32f0xx_hal_driver\src\stm32f0xx_ll_i2c.o
 .debug_macro   0x00001fe3       0xe6 output\obj\debug\drivers\stm32f0xx_hal_driver\src\stm32f0xx_ll_rcc.o
 .debug_macro   0x000020c9      0x3f8 output\obj\debug\drivers\stm32f0xx_hal_driver\src\stm32f0xx_ll_rcc.o
 .debug_macro   0x000024c1      0x14f output\obj\debug\drivers\stm32f0xx_hal_driver\src\stm32f0xx_ll_tim.o
 .debug_macro   0x00002610      0x5c1 output\obj\debug\drivers\stm32f0xx_hal_driver\src\stm32f0xx_ll_tim.o
 .debug_macro   0x00002bd1      0x134 output\obj\debug\drivers\stm32f0xx_hal_driver\src\stm32f0xx_ll_usart.o
 .debug_macro   0x00002d05      0x2dc output\obj\debug\drivers\stm32f0xx_hal_driver\src\stm32f0xx_ll_usart.o
 .debug_macro   0x00002fe1      0x12e output\obj\debug\drivers\stm32f0xx_hal_driver\src\stm32f0xx_ll_utils.o

.debug_line     0x00000000     0x64b3
 .debug_line    0x00000000      0x6ac output\obj\debug\core\bsp\unicon\drivers\iic.o
 .debug_line    0x000006ac      0x69d output\obj\debug\core\bsp\unicon\drivers\tim.o
 .debug_line    0x00000d49      0x6cf output\obj\debug\core\bsp\unicon\drivers\usart.o
 .debug_line    0x00001418      0x6cc output\obj\debug\core\bsp\unicon\unicon.o
 .debug_line    0x00001ae4      0x644 output\obj\debug\core\libs\iic_eeprom\iic_eeprom.o
 .debug_line    0x00002128      0x605 output\obj\debug\core\libs\nextion\nextion.o
 .debug_line    0x0000272d      0xcf8 output\obj\debug\core\src\main.o
 .debug_line    0x00003425      0x645 output\obj\debug\core\src\stm32f0xx_it.o
 .debug_line    0x00003a6a      0x2e2 output\obj\debug\core\src\system_stm32f0xx.o
 .debug_line    0x00003d4c      0x465 output\obj\debug\drivers\stm32f0xx_hal_driver\src\stm32f0xx_ll_adc.o
 .debug_line    0x000041b1      0x3e5 output\obj\debug\drivers\stm32f0xx_hal_driver\src\stm32f0xx_ll_exti.o
 .debug_line    0x00004596      0x419 output\obj\debug\drivers\stm32f0xx_hal_driver\src\stm32f0xx_ll_gpio.o
 .debug_line    0x000049af      0x424 output\obj\debug\drivers\stm32f0xx_hal_driver\src\stm32f0xx_ll_i2c.o
 .debug_line    0x00004dd3      0x52b output\obj\debug\drivers\stm32f0xx_hal_driver\src\stm32f0xx_ll_rcc.o
 .debug_line    0x000052fe      0x738 output\obj\debug\drivers\stm32f0xx_hal_driver\src\stm32f0xx_ll_tim.o
 .debug_line    0x00005a36      0x46e output\obj\debug\drivers\stm32f0xx_hal_driver\src\stm32f0xx_ll_usart.o
 .debug_line    0x00005ea4      0x572 output\obj\debug\drivers\stm32f0xx_hal_driver\src\stm32f0xx_ll_utils.o
 .debug_line    0x00006416       0x9d output\obj\debug\startup\startup_stm32f0xx.o

.debug_str      0x00000000    0x4bf8b
 .debug_str     0x00000000    0x45cf3 output\obj\debug\core\bsp\unicon\drivers\iic.o
                              0x45f4c (size before relaxing)
 .debug_str     0x00045cf3      0x96b output\obj\debug\core\bsp\unicon\drivers\tim.o
                              0x466b3 (size before relaxing)
 .debug_str     0x0004665e      0x328 output\obj\debug\core\bsp\unicon\drivers\usart.o
                              0x46121 (size before relaxing)
 .debug_str     0x00046986      0x13c output\obj\debug\core\bsp\unicon\unicon.o
                              0x467fb (size before relaxing)
 .debug_str     0x00046ac2      0x170 output\obj\debug\core\libs\iic_eeprom\iic_eeprom.o
                              0x45f79 (size before relaxing)
 .debug_str     0x00046c32      0x757 output\obj\debug\core\libs\nextion\nextion.o
                              0x46c3b (size before relaxing)
 .debug_str     0x00047389      0xb8b output\obj\debug\core\src\main.o
                              0x4740f (size before relaxing)
 .debug_str     0x00047f14      0x102 output\obj\debug\core\src\stm32f0xx_it.o
                              0x461e0 (size before relaxing)
 .debug_str     0x00048016       0xd5 output\obj\debug\core\src\system_stm32f0xx.o
                              0x35213 (size before relaxing)
 .debug_str     0x000480eb      0xa16 output\obj\debug\drivers\stm32f0xx_hal_driver\src\stm32f0xx_ll_adc.o
                              0x3a2c0 (size before relaxing)
 .debug_str     0x00048b01      0x2f7 output\obj\debug\drivers\stm32f0xx_hal_driver\src\stm32f0xx_ll_exti.o
                              0x3597d (size before relaxing)
 .debug_str     0x00048df8      0x4ed output\obj\debug\drivers\stm32f0xx_hal_driver\src\stm32f0xx_ll_gpio.o
                              0x363ec (size before relaxing)
 .debug_str     0x000492e5      0x3f8 output\obj\debug\drivers\stm32f0xx_hal_driver\src\stm32f0xx_ll_i2c.o
                              0x36b61 (size before relaxing)
 .debug_str     0x000496dd      0x38d output\obj\debug\drivers\stm32f0xx_hal_driver\src\stm32f0xx_ll_rcc.o
                              0x3710a (size before relaxing)
 .debug_str     0x00049a6a     0x1196 output\obj\debug\drivers\stm32f0xx_hal_driver\src\stm32f0xx_ll_tim.o
                              0x39af0 (size before relaxing)
 .debug_str     0x0004ac00      0x809 output\obj\debug\drivers\stm32f0xx_hal_driver\src\stm32f0xx_ll_usart.o
                              0x38c75 (size before relaxing)
 .debug_str     0x0004b409      0xb82 output\obj\debug\drivers\stm32f0xx_hal_driver\src\stm32f0xx_ll_utils.o
                              0x38729 (size before relaxing)

.comment        0x00000000       0x6e
 .comment       0x00000000       0x6e output\obj\debug\core\bsp\unicon\drivers\iic.o
                                 0x6f (size before relaxing)
 .comment       0x0000006e       0x6f output\obj\debug\core\bsp\unicon\drivers\tim.o
 .comment       0x0000006e       0x6f output\obj\debug\core\bsp\unicon\drivers\usart.o
 .comment       0x0000006e       0x6f output\obj\debug\core\bsp\unicon\unicon.o
 .comment       0x0000006e       0x6f output\obj\debug\core\libs\iic_eeprom\iic_eeprom.o
 .comment       0x0000006e       0x6f output\obj\debug\core\libs\nextion\nextion.o
 .comment       0x0000006e       0x6f output\obj\debug\core\src\main.o
 .comment       0x0000006e       0x6f output\obj\debug\core\src\stm32f0xx_it.o
 .comment       0x0000006e       0x6f output\obj\debug\core\src\system_stm32f0xx.o
 .comment       0x0000006e       0x6f output\obj\debug\drivers\stm32f0xx_hal_driver\src\stm32f0xx_ll_adc.o
 .comment       0x0000006e       0x6f output\obj\debug\drivers\stm32f0xx_hal_driver\src\stm32f0xx_ll_exti.o
 .comment       0x0000006e       0x6f output\obj\debug\drivers\stm32f0xx_hal_driver\src\stm32f0xx_ll_gpio.o
 .comment       0x0000006e       0x6f output\obj\debug\drivers\stm32f0xx_hal_driver\src\stm32f0xx_ll_i2c.o
 .comment       0x0000006e       0x6f output\obj\debug\drivers\stm32f0xx_hal_driver\src\stm32f0xx_ll_rcc.o
 .comment       0x0000006e       0x6f output\obj\debug\drivers\stm32f0xx_hal_driver\src\stm32f0xx_ll_tim.o
 .comment       0x0000006e       0x6f output\obj\debug\drivers\stm32f0xx_hal_driver\src\stm32f0xx_ll_usart.o
 .comment       0x0000006e       0x6f output\obj\debug\drivers\stm32f0xx_hal_driver\src\stm32f0xx_ll_utils.o

.ARM.attributes
                0x00000000       0x2f
 .ARM.attributes
                0x00000000       0x31 output\obj\debug\core\bsp\unicon\drivers\iic.o
 .ARM.attributes
                0x00000031       0x31 output\obj\debug\core\bsp\unicon\drivers\tim.o
 .ARM.attributes
                0x00000062       0x31 output\obj\debug\core\bsp\unicon\drivers\usart.o
 .ARM.attributes
                0x00000093       0x31 output\obj\debug\core\bsp\unicon\unicon.o
 .ARM.attributes
                0x000000c4       0x31 output\obj\debug\core\libs\iic_eeprom\iic_eeprom.o
 .ARM.attributes
                0x000000f5       0x31 output\obj\debug\core\libs\nextion\nextion.o
 .ARM.attributes
                0x00000126       0x31 output\obj\debug\core\src\main.o
 .ARM.attributes
                0x00000157       0x31 output\obj\debug\core\src\stm32f0xx_it.o
 .ARM.attributes
                0x00000188       0x31 output\obj\debug\core\src\system_stm32f0xx.o
 .ARM.attributes
                0x000001b9       0x31 output\obj\debug\drivers\stm32f0xx_hal_driver\src\stm32f0xx_ll_adc.o
 .ARM.attributes
                0x000001ea       0x31 output\obj\debug\drivers\stm32f0xx_hal_driver\src\stm32f0xx_ll_exti.o
 .ARM.attributes
                0x0000021b       0x31 output\obj\debug\drivers\stm32f0xx_hal_driver\src\stm32f0xx_ll_gpio.o
 .ARM.attributes
                0x0000024c       0x31 output\obj\debug\drivers\stm32f0xx_hal_driver\src\stm32f0xx_ll_i2c.o
 .ARM.attributes
                0x0000027d       0x31 output\obj\debug\drivers\stm32f0xx_hal_driver\src\stm32f0xx_ll_rcc.o
 .ARM.attributes
                0x000002ae       0x31 output\obj\debug\drivers\stm32f0xx_hal_driver\src\stm32f0xx_ll_tim.o
 .ARM.attributes
                0x000002df       0x31 output\obj\debug\drivers\stm32f0xx_hal_driver\src\stm32f0xx_ll_usart.o
 .ARM.attributes
                0x00000310       0x31 output\obj\debug\drivers\stm32f0xx_hal_driver\src\stm32f0xx_ll_utils.o
 .ARM.attributes
                0x00000341       0x1b output\obj\debug\startup\startup_stm32f0xx.o
 .ARM.attributes
                0x0000035c       0x1e c:/program files (x86)/embitz/1.11/share/em_armgcc/bin/../lib/gcc/arm-none-eabi/5.4.1/armv6-m\libgcc.a(_udivsi3.o)
 .ARM.attributes
                0x0000037a       0x1e c:/program files (x86)/embitz/1.11/share/em_armgcc/bin/../lib/gcc/arm-none-eabi/5.4.1/armv6-m\libgcc.a(_dvmd_tls.o)
 .ARM.attributes
                0x00000398       0x2c c:/program files (x86)/embitz/1.11/share/em_armgcc/bin/../lib/gcc/arm-none-eabi/5.4.1/../../../../arm-none-eabi/lib/armv6-m\libg.a(lib_a-malloc.o)
 .ARM.attributes
                0x000003c4       0x2c c:/program files (x86)/embitz/1.11/share/em_armgcc/bin/../lib/gcc/arm-none-eabi/5.4.1/../../../../arm-none-eabi/lib/armv6-m\libg.a(lib_a-mallocr.o)
 .ARM.attributes
                0x000003f0       0x2c c:/program files (x86)/embitz/1.11/share/em_armgcc/bin/../lib/gcc/arm-none-eabi/5.4.1/../../../../arm-none-eabi/lib/armv6-m\libg.a(lib_a-memset.o)
 .ARM.attributes
                0x0000041c       0x2c c:/program files (x86)/embitz/1.11/share/em_armgcc/bin/../lib/gcc/arm-none-eabi/5.4.1/../../../../arm-none-eabi/lib/armv6-m\libg.a(lib_a-mlock.o)
 .ARM.attributes
                0x00000448       0x2c c:/program files (x86)/embitz/1.11/share/em_armgcc/bin/../lib/gcc/arm-none-eabi/5.4.1/../../../../arm-none-eabi/lib/armv6-m\libg.a(lib_a-sbrkr.o)
 .ARM.attributes
                0x00000474       0x2c c:/program files (x86)/embitz/1.11/share/em_armgcc/bin/../lib/gcc/arm-none-eabi/5.4.1/../../../../arm-none-eabi/lib/armv6-m\libg.a(lib_a-freer.o)
 .ARM.attributes
                0x000004a0       0x2c c:/program files (x86)/embitz/1.11/share/em_armgcc/bin/../lib/gcc/arm-none-eabi/5.4.1/../../../../arm-none-eabi/lib/armv6-m\libg.a(lib_a-impure.o)
 .ARM.attributes
                0x000004cc       0x2c c:/program files (x86)/embitz/1.11/share/em_armgcc/bin/../lib/gcc/arm-none-eabi/5.4.1/../../../../arm-none-eabi/lib/armv6-m\libg.a(lib_a-reent.o)
 .ARM.attributes
                0x000004f8       0x2c c:/program files (x86)/embitz/1.11/share/em_armgcc/bin/../lib/gcc/arm-none-eabi/5.4.1/../../../../arm-none-eabi/lib/armv6-m\libnosys.a(sbrk.o)

.debug_frame    0x00000000     0x276c
 .debug_frame   0x00000000      0x1cc output\obj\debug\core\bsp\unicon\drivers\iic.o
 .debug_frame   0x000001cc      0x17c output\obj\debug\core\bsp\unicon\drivers\tim.o
 .debug_frame   0x00000348      0x230 output\obj\debug\core\bsp\unicon\drivers\usart.o
 .debug_frame   0x00000578      0x198 output\obj\debug\core\bsp\unicon\unicon.o
 .debug_frame   0x00000710      0x150 output\obj\debug\core\libs\iic_eeprom\iic_eeprom.o
 .debug_frame   0x00000860       0x6c output\obj\debug\core\libs\nextion\nextion.o
 .debug_frame   0x000008cc      0x824 output\obj\debug\core\src\main.o
 .debug_frame   0x000010f0      0x14c output\obj\debug\core\src\stm32f0xx_it.o
 .debug_frame   0x0000123c       0x4c output\obj\debug\core\src\system_stm32f0xx.o
 .debug_frame   0x00001288      0x1f0 output\obj\debug\drivers\stm32f0xx_hal_driver\src\stm32f0xx_ll_adc.o
 .debug_frame   0x00001478      0x16c output\obj\debug\drivers\stm32f0xx_hal_driver\src\stm32f0xx_ll_exti.o
 .debug_frame   0x000015e4      0x170 output\obj\debug\drivers\stm32f0xx_hal_driver\src\stm32f0xx_ll_gpio.o
 .debug_frame   0x00001754      0x1d0 output\obj\debug\drivers\stm32f0xx_hal_driver\src\stm32f0xx_ll_i2c.o
 .debug_frame   0x00001924      0x320 output\obj\debug\drivers\stm32f0xx_hal_driver\src\stm32f0xx_ll_rcc.o
 .debug_frame   0x00001c44      0x450 output\obj\debug\drivers\stm32f0xx_hal_driver\src\stm32f0xx_ll_tim.o
 .debug_frame   0x00002094      0x1d4 output\obj\debug\drivers\stm32f0xx_hal_driver\src\stm32f0xx_ll_usart.o
 .debug_frame   0x00002268      0x324 output\obj\debug\drivers\stm32f0xx_hal_driver\src\stm32f0xx_ll_utils.o
 .debug_frame   0x0000258c       0x20 c:/program files (x86)/embitz/1.11/share/em_armgcc/bin/../lib/gcc/arm-none-eabi/5.4.1/armv6-m\libgcc.a(_udivsi3.o)
 .debug_frame   0x000025ac       0x40 c:/program files (x86)/embitz/1.11/share/em_armgcc/bin/../lib/gcc/arm-none-eabi/5.4.1/../../../../arm-none-eabi/lib/armv6-m\libg.a(lib_a-malloc.o)
 .debug_frame   0x000025ec       0x3c c:/program files (x86)/embitz/1.11/share/em_armgcc/bin/../lib/gcc/arm-none-eabi/5.4.1/../../../../arm-none-eabi/lib/armv6-m\libg.a(lib_a-mallocr.o)
 .debug_frame   0x00002628       0x2c c:/program files (x86)/embitz/1.11/share/em_armgcc/bin/../lib/gcc/arm-none-eabi/5.4.1/../../../../arm-none-eabi/lib/armv6-m\libg.a(lib_a-memset.o)
 .debug_frame   0x00002654       0x30 c:/program files (x86)/embitz/1.11/share/em_armgcc/bin/../lib/gcc/arm-none-eabi/5.4.1/../../../../arm-none-eabi/lib/armv6-m\libg.a(lib_a-mlock.o)
 .debug_frame   0x00002684       0x2c c:/program files (x86)/embitz/1.11/share/em_armgcc/bin/../lib/gcc/arm-none-eabi/5.4.1/../../../../arm-none-eabi/lib/armv6-m\libg.a(lib_a-sbrkr.o)
 .debug_frame   0x000026b0       0x54 c:/program files (x86)/embitz/1.11/share/em_armgcc/bin/../lib/gcc/arm-none-eabi/5.4.1/../../../../arm-none-eabi/lib/armv6-m\libg.a(lib_a-freer.o)
 .debug_frame   0x00002704       0x48 c:/program files (x86)/embitz/1.11/share/em_armgcc/bin/../lib/gcc/arm-none-eabi/5.4.1/../../../../arm-none-eabi/lib/armv6-m\libg.a(lib_a-reent.o)
 .debug_frame   0x0000274c       0x20 c:/program files (x86)/embitz/1.11/share/em_armgcc/bin/../lib/gcc/arm-none-eabi/5.4.1/../../../../arm-none-eabi/lib/armv6-m\libnosys.a(sbrk.o)
