Archive member included to satisfy reference by file (symbol)

c:/program files (x86)/embitz/1.11/share/em_armgcc/bin/../lib/gcc/arm-none-eabi/5.4.1/armv6-m\libgcc.a(_udivsi3.o)
                              output\obj\debug\core\bsp\unicon\drivers\adc.o (__aeabi_uidiv)
c:/program files (x86)/embitz/1.11/share/em_armgcc/bin/../lib/gcc/arm-none-eabi/5.4.1/armv6-m\libgcc.a(_divsi3.o)
                              output\obj\debug\core\bsp\unicon\drivers\adc.o (__aeabi_idiv)
c:/program files (x86)/embitz/1.11/share/em_armgcc/bin/../lib/gcc/arm-none-eabi/5.4.1/armv6-m\libgcc.a(_dvmd_tls.o)
                              c:/program files (x86)/embitz/1.11/share/em_armgcc/bin/../lib/gcc/arm-none-eabi/5.4.1/armv6-m\libgcc.a(_udivsi3.o) (__aeabi_idiv0)
c:/program files (x86)/embitz/1.11/share/em_armgcc/bin/../lib/gcc/arm-none-eabi/5.4.1/../../../../arm-none-eabi/lib/armv6-m\libg.a(lib_a-malloc.o)
                              output\obj\debug\core\libs\iic_eeprom\iic_eeprom.o (malloc)
c:/program files (x86)/embitz/1.11/share/em_armgcc/bin/../lib/gcc/arm-none-eabi/5.4.1/../../../../arm-none-eabi/lib/armv6-m\libg.a(lib_a-mallocr.o)
                              c:/program files (x86)/embitz/1.11/share/em_armgcc/bin/../lib/gcc/arm-none-eabi/5.4.1/../../../../arm-none-eabi/lib/armv6-m\libg.a(lib_a-malloc.o) (_malloc_r)
c:/program files (x86)/embitz/1.11/share/em_armgcc/bin/../lib/gcc/arm-none-eabi/5.4.1/../../../../arm-none-eabi/lib/armv6-m\libg.a(lib_a-memcpy-stub.o)
                              output\obj\debug\core\libs\freemodbus\modbus\functions\mbfuncother.o (memcpy)
c:/program files (x86)/embitz/1.11/share/em_armgcc/bin/../lib/gcc/arm-none-eabi/5.4.1/../../../../arm-none-eabi/lib/armv6-m\libg.a(lib_a-memset.o)
                              output\obj\debug\core\src\main.o (memset)
c:/program files (x86)/embitz/1.11/share/em_armgcc/bin/../lib/gcc/arm-none-eabi/5.4.1/../../../../arm-none-eabi/lib/armv6-m\libg.a(lib_a-mlock.o)
                              c:/program files (x86)/embitz/1.11/share/em_armgcc/bin/../lib/gcc/arm-none-eabi/5.4.1/../../../../arm-none-eabi/lib/armv6-m\libg.a(lib_a-mallocr.o) (__malloc_lock)
c:/program files (x86)/embitz/1.11/share/em_armgcc/bin/../lib/gcc/arm-none-eabi/5.4.1/../../../../arm-none-eabi/lib/armv6-m\libg.a(lib_a-sbrkr.o)
                              c:/program files (x86)/embitz/1.11/share/em_armgcc/bin/../lib/gcc/arm-none-eabi/5.4.1/../../../../arm-none-eabi/lib/armv6-m\libg.a(lib_a-mallocr.o) (_sbrk_r)
c:/program files (x86)/embitz/1.11/share/em_armgcc/bin/../lib/gcc/arm-none-eabi/5.4.1/../../../../arm-none-eabi/lib/armv6-m\libg.a(lib_a-freer.o)
                              c:/program files (x86)/embitz/1.11/share/em_armgcc/bin/../lib/gcc/arm-none-eabi/5.4.1/../../../../arm-none-eabi/lib/armv6-m\libg.a(lib_a-malloc.o) (_free_r)
c:/program files (x86)/embitz/1.11/share/em_armgcc/bin/../lib/gcc/arm-none-eabi/5.4.1/../../../../arm-none-eabi/lib/armv6-m\libg.a(lib_a-impure.o)
                              c:/program files (x86)/embitz/1.11/share/em_armgcc/bin/../lib/gcc/arm-none-eabi/5.4.1/../../../../arm-none-eabi/lib/armv6-m\libg.a(lib_a-malloc.o) (_impure_ptr)
c:/program files (x86)/embitz/1.11/share/em_armgcc/bin/../lib/gcc/arm-none-eabi/5.4.1/../../../../arm-none-eabi/lib/armv6-m\libg.a(lib_a-reent.o)
                              c:/program files (x86)/embitz/1.11/share/em_armgcc/bin/../lib/gcc/arm-none-eabi/5.4.1/../../../../arm-none-eabi/lib/armv6-m\libg.a(lib_a-sbrkr.o) (errno)
c:/program files (x86)/embitz/1.11/share/em_armgcc/bin/../lib/gcc/arm-none-eabi/5.4.1/../../../../arm-none-eabi/lib/armv6-m\libnosys.a(sbrk.o)
                              c:/program files (x86)/embitz/1.11/share/em_armgcc/bin/../lib/gcc/arm-none-eabi/5.4.1/../../../../arm-none-eabi/lib/armv6-m\libg.a(lib_a-sbrkr.o) (_sbrk)

Allocating common symbols
Common symbol       size              file

pxMBFrameCBTransmitterEmpty
                    0x4               output\obj\debug\core\libs\freemodbus\modbus\mb.o
ADC_InternalRegisters
                    0x24              output\obj\debug\core\bsp\unicon\drivers\adc.o
pxMBPortCBTimerExpired
                    0x4               output\obj\debug\core\libs\freemodbus\modbus\mb.o
errno               0x4               c:/program files (x86)/embitz/1.11/share/em_armgcc/bin/../lib/gcc/arm-none-eabi/5.4.1/../../../../arm-none-eabi/lib/armv6-m\libg.a(lib_a-reent.o)
ucSlaveIdBuf        0x20              output\obj\debug\core\libs\freemodbus\user_mb_app.o
ucRTUBuf            0x100             output\obj\debug\core\libs\freemodbus\modbus\rtu\mbrtu.o
Usart_ConfigRegister
                    0x4               output\obj\debug\core\bsp\unicon\drivers\usart.o
RxByte              0x1               output\obj\debug\core\bsp\unicon\drivers\usart.o
pxMBFrameCBByteReceived
                    0x4               output\obj\debug\core\libs\freemodbus\modbus\mb.o
Beeper              0x4               output\obj\debug\core\bsp\unicon\drivers\tim.o
[...]
Memory Configuration

Name             Origin             Length             Attributes
ROM              0x08000000         0x00010000         xr
RAM              0x20000000         0x00002000         xrw
*default*        0x00000000         0xffffffff

Linker script and memory map

                0x00000400                __HEAP_SIZE = 0x400
                0x00000200                __STACK_SIZE = 0x200

.text           0x08000000     0x2afc
 *(.isr_vector)
 .isr_vector    0x08000000       0xc4 output\obj\debug\startup\startup_stm32f0xx.o
                0x08000000                __isr_vector
 *(.text*)
 .text.LL_TIM_CC_EnableChannel
                0x080000c4       0x20 output\obj\debug\core\bsp\unicon\drivers\tim.o
 .text.LL_TIM_CC_DisableChannel
                0x080000e4       0x20 output\obj\debug\core\bsp\unicon\drivers\tim.o
 .text.LL_TIM_OC_SetCompareCH1
                0x08000104       0x18 output\obj\debug\core\bsp\unicon\drivers\tim.o
 .text.BeeperHandler
                0x0800011c       0x78 output\obj\debug\core\bsp\unicon\drivers\tim.o
                0x0800011c                BeeperHandler
 .text.LL_USART_IsActiveFlag_RXNE
                0x08000194       0x20 output\obj\debug\core\bsp\unicon\drivers\usart.o
 .text.LL_USART_IsActiveFlag_TC
                0x080001b4       0x20 output\obj\debug\core\bsp\unicon\drivers\usart.o
 .text.LL_USART_ClearFlag_TC
                0x080001d4       0x18 output\obj\debug\core\bsp\unicon\drivers\usart.o
 .text.LL_USART_EnableIT_TC
                0x080001ec       0x1c output\obj\debug\core\bsp\unicon\drivers\usart.o
 .text.LL_USART_DisableIT_TC
                0x08000208       0x20 output\obj\debug\core\bsp\unicon\drivers\usart.o
 .text.LL_USART_IsEnabledIT_RXNE
                0x08000228       0x20 output\obj\debug\core\bsp\unicon\drivers\usart.o
 .text.LL_USART_IsEnabledIT_TC
                0x08000248       0x20 output\obj\debug\core\bsp\unicon\drivers\usart.o
 .text.LL_USART_ReceiveData8
                0x08000268       0x18 output\obj\debug\core\bsp\unicon\drivers\usart.o
 .text.LL_USART_TransmitData8
                0x08000280       0x20 output\obj\debug\core\bsp\unicon\drivers\usart.o
 .text.LL_GPIO_ResetOutputPin
                0x080002a0       0x18 output\obj\debug\core\bsp\unicon\drivers\usart.o
 .text.USART_SendByte
                0x080002b8       0x50 output\obj\debug\core\bsp\unicon\drivers\usart.o
                0x080002b8                USART_SendByte
 .text.USART_IRQ_Handler
                0x08000308       0xd0 output\obj\debug\core\bsp\unicon\drivers\usart.o
                0x08000308                USART_IRQ_Handler
 .text.NVIC_EnableIRQ
                0x080003d8       0x2c output\obj\debug\core\src\main.o
 .text.NVIC_SetPriority
                0x08000404       0xdc output\obj\debug\core\src\main.o
 .text.LL_ADC_SetCommonPathInternalCh
                0x080004e0       0x28 output\obj\debug\core\src\main.o
 .text.LL_ADC_SetSamplingTimeCommonChannels
                0x08000508       0x24 output\obj\debug\core\src\main.o
 .text.LL_ADC_REG_SetSequencerScanDirection
                0x0800052c       0x24 output\obj\debug\core\src\main.o
 .text.LL_ADC_REG_SetSequencerChAdd
                0x08000550       0x24 output\obj\debug\core\src\main.o
 .text.LL_ADC_DisableIT_EOC
                0x08000574       0x20 output\obj\debug\core\src\main.o
 .text.LL_ADC_DisableIT_EOS
                0x08000594       0x20 output\obj\debug\core\src\main.o
 .text.LL_I2C_EnableClockStretching
                0x080005b4       0x20 output\obj\debug\core\src\main.o
 .text.LL_I2C_DisableGeneralCall
                0x080005d4       0x20 output\obj\debug\core\src\main.o
 .text.LL_I2C_SetOwnAddress2
                0x080005f4       0x2c output\obj\debug\core\src\main.o
 .text.LL_I2C_DisableOwnAddress2
                0x08000620       0x20 output\obj\debug\core\src\main.o
 .text.LL_I2C_EnableAutoEndMode
                0x08000640       0x20 output\obj\debug\core\src\main.o
 .text.LL_RCC_HSI_Enable
                0x08000660       0x1c output\obj\debug\core\src\main.o
 .text.LL_RCC_HSI_IsReady
                0x0800067c       0x1c output\obj\debug\core\src\main.o
 .text.LL_RCC_HSI_SetCalibTrimming
                0x08000698       0x28 output\obj\debug\core\src\main.o
 .text.LL_RCC_HSI14_Enable
                0x080006c0       0x1c output\obj\debug\core\src\main.o
 .text.LL_RCC_HSI14_IsReady
                0x080006dc       0x1c output\obj\debug\core\src\main.o
 .text.LL_RCC_HSI14_EnableADCControl
                0x080006f8       0x1c output\obj\debug\core\src\main.o
 .text.LL_RCC_HSI14_SetCalibTrimming
                0x08000714       0x28 output\obj\debug\core\src\main.o
 .text.LL_RCC_SetSysClkSource
                0x0800073c       0x28 output\obj\debug\core\src\main.o
 .text.LL_RCC_GetSysClkSource
                0x08000764       0x18 output\obj\debug\core\src\main.o
 .text.LL_RCC_SetAHBPrescaler
                0x0800077c       0x28 output\obj\debug\core\src\main.o
 .text.LL_RCC_SetAPB1Prescaler
                0x080007a4       0x28 output\obj\debug\core\src\main.o
 .text.LL_RCC_SetUSARTClockSource
                0x080007cc       0x34 output\obj\debug\core\src\main.o
 .text.LL_RCC_SetI2CClockSource
                0x08000800       0x28 output\obj\debug\core\src\main.o
 .text.LL_RCC_PLL_Enable
                0x08000828       0x1c output\obj\debug\core\src\main.o
 .text.LL_RCC_PLL_IsReady
                0x08000844       0x20 output\obj\debug\core\src\main.o
 .text.LL_RCC_PLL_ConfigDomain_SYS
                0x08000864       0x4c output\obj\debug\core\src\main.o
 .text.LL_AHB1_GRP1_EnableClock
                0x080008b0       0x2c output\obj\debug\core\src\main.o
 .text.LL_APB1_GRP1_EnableClock
                0x080008dc       0x2c output\obj\debug\core\src\main.o
 .text.LL_APB1_GRP2_EnableClock
                0x08000908       0x2c output\obj\debug\core\src\main.o
 .text.LL_SYSCFG_SetEXTISource
                0x08000934       0x4c output\obj\debug\core\src\main.o
 .text.LL_FLASH_SetLatency
                0x08000980       0x28 output\obj\debug\core\src\main.o
 .text.LL_FLASH_GetLatency
                0x080009a8       0x18 output\obj\debug\core\src\main.o
 .text.LL_SYSTICK_SetClkSource
                0x080009c0       0x34 output\obj\debug\core\src\main.o
 .text.LL_TIM_SetOnePulseMode
                0x080009f4       0x24 output\obj\debug\core\src\main.o
 .text.LL_TIM_DisableARRPreload
                0x08000a18       0x20 output\obj\debug\core\src\main.o
 .text.LL_TIM_OC_DisableFast
                0x08000a38       0x88 output\obj\debug\core\src\main.o
 .text.LL_TIM_OC_EnablePreload
                0x08000ac0       0x84 output\obj\debug\core\src\main.o
 .text.LL_TIM_SetTriggerOutput
                0x08000b44       0x24 output\obj\debug\core\src\main.o
 .text.LL_TIM_DisableMasterSlaveMode
                0x08000b68       0x20 output\obj\debug\core\src\main.o
 .text.LL_USART_Enable
                0x08000b88       0x1c output\obj\debug\core\src\main.o
 .text.LL_USART_DisableOverrunDetect
                0x08000ba4       0x20 output\obj\debug\core\src\main.o
 .text.LL_USART_SetDEDeassertionTime
                0x08000bc4       0x28 output\obj\debug\core\src\main.o
 .text.LL_USART_SetDEAssertionTime
                0x08000bec       0x28 output\obj\debug\core\src\main.o
 .text.LL_USART_EnableDEMode
                0x08000c14       0x20 output\obj\debug\core\src\main.o
 .text.LL_USART_SetDESignalPolarity
                0x08000c34       0x28 output\obj\debug\core\src\main.o
 .text.LL_USART_ConfigAsyncMode
                0x08000c5c       0x30 output\obj\debug\core\src\main.o
 .text.LL_GPIO_SetPinMode
                0x08000c8c       0x3c output\obj\debug\core\src\main.o
 .text.LL_GPIO_SetPinPull
                0x08000cc8       0x3c output\obj\debug\core\src\main.o
 .text.main     0x08000d04       0x50 output\obj\debug\core\src\main.o
                0x08000d04                main
 .text.SystemClock_Config
                0x08000d54       0xb0 output\obj\debug\core\src\main.o
                0x08000d54                SystemClock_Config
 .text.MX_ADC_Init
                0x08000e04      0x128 output\obj\debug\core\src\main.o
 .text.MX_I2C1_Init
                0x08000f2c      0x120 output\obj\debug\core\src\main.o
 .text.MX_TIM6_Init
                0x0800104c       0x78 output\obj\debug\core\src\main.o
 .text.MX_TIM17_Init
                0x080010c4      0x190 output\obj\debug\core\src\main.o
 .text.MX_USART1_UART_Init
                0x08001254      0x174 output\obj\debug\core\src\main.o
 .text.MX_GPIO_Init
                0x080013c8       0x90 output\obj\debug\core\src\main.o
 .text.Error_Handler
                0x08001458        0xc output\obj\debug\core\src\main.o
                0x08001458                Error_Handler
 .text.NMI_Handler
                0x08001464        0xc output\obj\debug\core\src\stm32f0xx_it.o
                0x08001464                NMI_Handler
 .text.HardFault_Handler
                0x08001470        0x8 output\obj\debug\core\src\stm32f0xx_it.o
                0x08001470                HardFault_Handler
 .text.SVC_Handler
                0x08001478        0xc output\obj\debug\core\src\stm32f0xx_it.o
                0x08001478                SVC_Handler
 .text.PendSV_Handler
                0x08001484        0xc output\obj\debug\core\src\stm32f0xx_it.o
                0x08001484                PendSV_Handler
 .text.SysTick_Handler
                0x08001490       0x1c output\obj\debug\core\src\stm32f0xx_it.o
                0x08001490                SysTick_Handler
 .text.TIM6_DAC_IRQHandler
                0x080014ac        0xc output\obj\debug\core\src\stm32f0xx_it.o
                0x080014ac                TIM6_DAC_IRQHandler
 .text.TIM17_IRQHandler
                0x080014b8        0xc output\obj\debug\core\src\stm32f0xx_it.o
                0x080014b8                TIM17_IRQHandler
 .text.USART1_IRQHandler
                0x080014c4       0x10 output\obj\debug\core\src\stm32f0xx_it.o
                0x080014c4                USART1_IRQHandler
 .text.SystemInit
                0x080014d4       0x88 output\obj\debug\core\src\system_stm32f0xx.o
                0x080014d4                SystemInit
 .text.LL_ADC_IsEnabled
                0x0800155c       0x20 output\obj\debug\drivers\stm32f0xx_hal_driver\src\stm32f0xx_ll_adc.o
 .text.LL_ADC_Init
                0x0800157c       0x58 output\obj\debug\drivers\stm32f0xx_hal_driver\src\stm32f0xx_ll_adc.o
                0x0800157c                LL_ADC_Init
 .text.LL_ADC_REG_Init
                0x080015d4       0x64 output\obj\debug\drivers\stm32f0xx_hal_driver\src\stm32f0xx_ll_adc.o
                0x080015d4                LL_ADC_REG_Init
 .text.LL_EXTI_EnableIT_0_31
                0x08001638       0x20 output\obj\debug\drivers\stm32f0xx_hal_driver\src\stm32f0xx_ll_exti.o
 .text.LL_EXTI_DisableIT_0_31
                0x08001658       0x24 output\obj\debug\drivers\stm32f0xx_hal_driver\src\stm32f0xx_ll_exti.o
 .text.LL_EXTI_EnableEvent_0_31
                0x0800167c       0x20 output\obj\debug\drivers\stm32f0xx_hal_driver\src\stm32f0xx_ll_exti.o
 .text.LL_EXTI_DisableEvent_0_31
                0x0800169c       0x24 output\obj\debug\drivers\stm32f0xx_hal_driver\src\stm32f0xx_ll_exti.o
 .text.LL_EXTI_EnableRisingTrig_0_31
                0x080016c0       0x20 output\obj\debug\drivers\stm32f0xx_hal_driver\src\stm32f0xx_ll_exti.o
 .text.LL_EXTI_DisableRisingTrig_0_31
                0x080016e0       0x24 output\obj\debug\drivers\stm32f0xx_hal_driver\src\stm32f0xx_ll_exti.o
 .text.LL_EXTI_EnableFallingTrig_0_31
                0x08001704       0x20 output\obj\debug\drivers\stm32f0xx_hal_driver\src\stm32f0xx_ll_exti.o
 .text.LL_EXTI_DisableFallingTrig_0_31
                0x08001724       0x24 output\obj\debug\drivers\stm32f0xx_hal_driver\src\stm32f0xx_ll_exti.o
 .text.LL_EXTI_Init
                0x08001748      0x104 output\obj\debug\drivers\stm32f0xx_hal_driver\src\stm32f0xx_ll_exti.o
                0x08001748                LL_EXTI_Init
 .text.LL_GPIO_SetPinMode
                0x0800184c       0x3c output\obj\debug\drivers\stm32f0xx_hal_driver\src\stm32f0xx_ll_gpio.o
 .text.LL_GPIO_SetPinOutputType
                0x08001888       0x2c output\obj\debug\drivers\stm32f0xx_hal_driver\src\stm32f0xx_ll_gpio.o
 .text.LL_GPIO_SetPinSpeed
                0x080018b4       0x3c output\obj\debug\drivers\stm32f0xx_hal_driver\src\stm32f0xx_ll_gpio.o
 .text.LL_GPIO_SetPinPull
                0x080018f0       0x3c output\obj\debug\drivers\stm32f0xx_hal_driver\src\stm32f0xx_ll_gpio.o
 .text.LL_GPIO_SetAFPin_0_7
                0x0800192c       0x4c output\obj\debug\drivers\stm32f0xx_hal_driver\src\stm32f0xx_ll_gpio.o
 .text.LL_GPIO_SetAFPin_8_15
                0x08001978       0x5c output\obj\debug\drivers\stm32f0xx_hal_driver\src\stm32f0xx_ll_gpio.o
 .text.LL_GPIO_Init
                0x080019d4       0xcc output\obj\debug\drivers\stm32f0xx_hal_driver\src\stm32f0xx_ll_gpio.o
                0x080019d4                LL_GPIO_Init
 .text.LL_I2C_Enable
                0x08001aa0       0x1c output\obj\debug\drivers\stm32f0xx_hal_driver\src\stm32f0xx_ll_i2c.o
 .text.LL_I2C_Disable
                0x08001abc       0x20 output\obj\debug\drivers\stm32f0xx_hal_driver\src\stm32f0xx_ll_i2c.o
 .text.LL_I2C_ConfigFilters
                0x08001adc       0x30 output\obj\debug\drivers\stm32f0xx_hal_driver\src\stm32f0xx_ll_i2c.o
 .text.LL_I2C_SetOwnAddress1
                0x08001b0c       0x28 output\obj\debug\drivers\stm32f0xx_hal_driver\src\stm32f0xx_ll_i2c.o
 .text.LL_I2C_EnableOwnAddress1
                0x08001b34       0x20 output\obj\debug\drivers\stm32f0xx_hal_driver\src\stm32f0xx_ll_i2c.o
 .text.LL_I2C_DisableOwnAddress1
                0x08001b54       0x20 output\obj\debug\drivers\stm32f0xx_hal_driver\src\stm32f0xx_ll_i2c.o
 .text.LL_I2C_SetTiming
                0x08001b74       0x18 output\obj\debug\drivers\stm32f0xx_hal_driver\src\stm32f0xx_ll_i2c.o
 .text.LL_I2C_SetMode
                0x08001b8c       0x28 output\obj\debug\drivers\stm32f0xx_hal_driver\src\stm32f0xx_ll_i2c.o
 .text.LL_I2C_AcknowledgeNextData
                0x08001bb4       0x28 output\obj\debug\drivers\stm32f0xx_hal_driver\src\stm32f0xx_ll_i2c.o
 .text.LL_I2C_Init
                0x08001bdc       0x88 output\obj\debug\drivers\stm32f0xx_hal_driver\src\stm32f0xx_ll_i2c.o
                0x08001bdc                LL_I2C_Init
 .text.LL_RCC_HSI_IsReady
                0x08001c64       0x1c output\obj\debug\drivers\stm32f0xx_hal_driver\src\stm32f0xx_ll_rcc.o
 .text.LL_RCC_LSE_IsReady
                0x08001c80       0x1c output\obj\debug\drivers\stm32f0xx_hal_driver\src\stm32f0xx_ll_rcc.o
 .text.LL_RCC_GetSysClkSource
                0x08001c9c       0x18 output\obj\debug\drivers\stm32f0xx_hal_driver\src\stm32f0xx_ll_rcc.o
 .text.LL_RCC_GetAHBPrescaler
                0x08001cb4       0x18 output\obj\debug\drivers\stm32f0xx_hal_driver\src\stm32f0xx_ll_rcc.o
 .text.LL_RCC_GetAPB1Prescaler
                0x08001ccc       0x18 output\obj\debug\drivers\stm32f0xx_hal_driver\src\stm32f0xx_ll_rcc.o
 .text.LL_RCC_GetUSARTClockSource
                0x08001ce4       0x28 output\obj\debug\drivers\stm32f0xx_hal_driver\src\stm32f0xx_ll_rcc.o
 .text.LL_RCC_PLL_GetMainSource
                0x08001d0c       0x18 output\obj\debug\drivers\stm32f0xx_hal_driver\src\stm32f0xx_ll_rcc.o
 .text.LL_RCC_PLL_GetMultiplicator
                0x08001d24       0x18 output\obj\debug\drivers\stm32f0xx_hal_driver\src\stm32f0xx_ll_rcc.o
 .text.LL_RCC_PLL_GetPrediv
                0x08001d3c       0x18 output\obj\debug\drivers\stm32f0xx_hal_driver\src\stm32f0xx_ll_rcc.o
 .text.LL_RCC_GetSystemClocksFreq
                0x08001d54       0x3c output\obj\debug\drivers\stm32f0xx_hal_driver\src\stm32f0xx_ll_rcc.o
                0x08001d54                LL_RCC_GetSystemClocksFreq
 .text.LL_RCC_GetUSARTClockFreq
                0x08001d90       0x80 output\obj\debug\drivers\stm32f0xx_hal_driver\src\stm32f0xx_ll_rcc.o
                0x08001d90                LL_RCC_GetUSARTClockFreq
 .text.RCC_GetSystemClockFreq
                0x08001e10       0x48 output\obj\debug\drivers\stm32f0xx_hal_driver\src\stm32f0xx_ll_rcc.o
                0x08001e10                RCC_GetSystemClockFreq
 .text.RCC_GetHCLKClockFreq
                0x08001e58       0x2c output\obj\debug\drivers\stm32f0xx_hal_driver\src\stm32f0xx_ll_rcc.o
                0x08001e58                RCC_GetHCLKClockFreq
 .text.RCC_GetPCLK1ClockFreq
                0x08001e84       0x28 output\obj\debug\drivers\stm32f0xx_hal_driver\src\stm32f0xx_ll_rcc.o
                0x08001e84                RCC_GetPCLK1ClockFreq
 .text.RCC_PLL_GetFreqDomain_SYS
                0x08001eac       0x70 output\obj\debug\drivers\stm32f0xx_hal_driver\src\stm32f0xx_ll_rcc.o
                0x08001eac                RCC_PLL_GetFreqDomain_SYS
 .text.LL_TIM_SetPrescaler
                0x08001f1c       0x18 output\obj\debug\drivers\stm32f0xx_hal_driver\src\stm32f0xx_ll_tim.o
 .text.LL_TIM_SetAutoReload
                0x08001f34       0x18 output\obj\debug\drivers\stm32f0xx_hal_driver\src\stm32f0xx_ll_tim.o
 .text.LL_TIM_SetRepetitionCounter
                0x08001f4c       0x18 output\obj\debug\drivers\stm32f0xx_hal_driver\src\stm32f0xx_ll_tim.o
 .text.LL_TIM_OC_SetCompareCH1
                0x08001f64       0x18 output\obj\debug\drivers\stm32f0xx_hal_driver\src\stm32f0xx_ll_tim.o
 .text.LL_TIM_OC_SetCompareCH2
                0x08001f7c       0x18 output\obj\debug\drivers\stm32f0xx_hal_driver\src\stm32f0xx_ll_tim.o
 .text.LL_TIM_OC_SetCompareCH3
                0x08001f94       0x18 output\obj\debug\drivers\stm32f0xx_hal_driver\src\stm32f0xx_ll_tim.o
 .text.LL_TIM_OC_SetCompareCH4
                0x08001fac       0x18 output\obj\debug\drivers\stm32f0xx_hal_driver\src\stm32f0xx_ll_tim.o
 .text.LL_TIM_GenerateEvent_UPDATE
                0x08001fc4       0x1c output\obj\debug\drivers\stm32f0xx_hal_driver\src\stm32f0xx_ll_tim.o
 .text.LL_TIM_Init
                0x08001fe0      0x108 output\obj\debug\drivers\stm32f0xx_hal_driver\src\stm32f0xx_ll_tim.o
                0x08001fe0                LL_TIM_Init
 .text.LL_TIM_OC_Init
                0x080020e8       0x9c output\obj\debug\drivers\stm32f0xx_hal_driver\src\stm32f0xx_ll_tim.o
                0x080020e8                LL_TIM_OC_Init
 .text.LL_TIM_BDTR_Init
                0x08002184       0xac output\obj\debug\drivers\stm32f0xx_hal_driver\src\stm32f0xx_ll_tim.o
                0x08002184                LL_TIM_BDTR_Init
 .text.OC1Config
                0x08002230      0x114 output\obj\debug\drivers\stm32f0xx_hal_driver\src\stm32f0xx_ll_tim.o
 .text.OC2Config
                0x08002344      0x120 output\obj\debug\drivers\stm32f0xx_hal_driver\src\stm32f0xx_ll_tim.o
 .text.OC3Config
                0x08002464      0x120 output\obj\debug\drivers\stm32f0xx_hal_driver\src\stm32f0xx_ll_tim.o
 .text.OC4Config
                0x08002584       0xec output\obj\debug\drivers\stm32f0xx_hal_driver\src\stm32f0xx_ll_tim.o
 .text.LL_USART_IsEnabled
                0x08002670       0x20 output\obj\debug\drivers\stm32f0xx_hal_driver\src\stm32f0xx_ll_usart.o
 .text.LL_USART_SetStopBitsLength
                0x08002690       0x28 output\obj\debug\drivers\stm32f0xx_hal_driver\src\stm32f0xx_ll_usart.o
 .text.LL_USART_SetHWFlowCtrl
                0x080026b8       0x28 output\obj\debug\drivers\stm32f0xx_hal_driver\src\stm32f0xx_ll_usart.o
 .text.LL_USART_SetBaudRate
                0x080026e0       0x70 output\obj\debug\drivers\stm32f0xx_hal_driver\src\stm32f0xx_ll_usart.o
 .text.LL_USART_Init
                0x08002750       0xd0 output\obj\debug\drivers\stm32f0xx_hal_driver\src\stm32f0xx_ll_usart.o
                0x08002750                LL_USART_Init
 .text.LL_InitTick
                0x08002820       0x34 output\obj\debug\drivers\stm32f0xx_hal_driver\src\stm32f0xx_ll_utils.o
 .text.LL_Init1msTick
                0x08002854       0x20 output\obj\debug\drivers\stm32f0xx_hal_driver\src\stm32f0xx_ll_utils.o
                0x08002854                LL_Init1msTick
 .text.LL_SetSystemCoreClock
                0x08002874       0x1c output\obj\debug\drivers\stm32f0xx_hal_driver\src\stm32f0xx_ll_utils.o
                0x08002874                LL_SetSystemCoreClock
 .text          0x08002890       0xa0 output\obj\debug\startup\startup_stm32f0xx.o
                0x08002890                Reset_Handler
                0x080028c4                _start
                0x080028e4                Default_Handler
                0x080028e6                WWDG_IRQHandler
                0x080028e8                PVD_IRQHandler
                0x080028ea                RTC_IRQHandler
                0x080028ec                FLASH_IRQHandler
                0x080028ee                RCC_IRQHandler
                0x080028f0                EXTI0_1_IRQHandler
                0x080028f2                EXTI2_3_IRQHandler
                0x080028f4                EXTI4_15_IRQHandler
                0x080028f6                TS_IRQHandler
                0x080028f8                DMA1_Channel1_IRQHandler
                0x080028fa                DMA1_Channel2_3_IRQHandler
                0x080028fc                DMA1_Channel4_5_IRQHandler
                0x080028fe                ADC1_COMP_IRQHandler
                0x08002900                TIM1_BRK_UP_TRG_COM_IRQHandler
                0x08002902                TIM1_CC_IRQHandler
                0x08002904                TIM2_IRQHandler
                0x08002906                TIM3_IRQHandler
                0x0800290a                TIM7_IRQHandler
                0x0800290c                TIM14_IRQHandler
                0x0800290e                TIM15_IRQHandler
                0x08002910                TIM16_IRQHandler
                0x08002914                I2C1_IRQHandler
                0x08002916                I2C2_IRQHandler
                0x08002918                SPI1_IRQHandler
                0x0800291a                SPI2_IRQHandler
                0x0800291e                USART2_IRQHandler
                0x08002920                USART3_4_IRQHandler
                0x08002922                CEC_IRQHandler
                0x08002924                USB_IRQHandler
                0x08002926                BootRAM
 .text          0x08002930      0x114 c:/program files (x86)/embitz/1.11/share/em_armgcc/bin/../lib/gcc/arm-none-eabi/5.4.1/armv6-m\libgcc.a(_udivsi3.o)
                0x08002930                __aeabi_uidiv
                0x08002930                __udivsi3
                0x08002a3c                __aeabi_uidivmod
 .text          0x08002a44        0x4 c:/program files (x86)/embitz/1.11/share/em_armgcc/bin/../lib/gcc/arm-none-eabi/5.4.1/armv6-m\libgcc.a(_dvmd_tls.o)
                0x08002a44                __aeabi_idiv0
                0x08002a44                __aeabi_ldiv0
 .text.memset   0x08002a48       0x8c c:/program files (x86)/embitz/1.11/share/em_armgcc/bin/../lib/gcc/arm-none-eabi/5.4.1/../../../../arm-none-eabi/lib/armv6-m\libg.a(lib_a-memset.o)
                0x08002a48                memset
 *(.init)
 *(.fini)
 *crtbegin.o(.ctors)
 *crtbegin?.o(.ctors)
 *(EXCLUDE_FILE(*crtend.o *crtend?.o) .ctors)
 *(SORT(.ctors.*))
 *(.ctors)
 *crtbegin.o(.dtors)
 *crtbegin?.o(.dtors)
 *(EXCLUDE_FILE(*crtend.o *crtend?.o) .dtors)
 *(SORT(.dtors.*))
 *(.dtors)
 *(.rodata*)
 .rodata.OFFSET_TAB_CCMRx
                0x08002ad4        0x7 output\obj\debug\core\src\main.o
 *fill*         0x08002adb        0x1 
 .rodata.SHIFT_TAB_OCxx
                0x08002adc        0x7 output\obj\debug\core\src\main.o
 *fill*         0x08002ae3        0x1 
 .rodata.AHBPrescTable
                0x08002ae4       0x10 output\obj\debug\core\src\system_stm32f0xx.o
                0x08002ae4                AHBPrescTable
 .rodata.APBPrescTable
                0x08002af4        0x8 output\obj\debug\core\src\system_stm32f0xx.o
                0x08002af4                APBPrescTable
 *(.eh_frame*)

.glue_7         0x08002afc        0x0
 .glue_7        0x08002afc        0x0 linker stubs

.glue_7t        0x08002afc        0x0
 .glue_7t       0x08002afc        0x0 linker stubs

.vfp11_veneer   0x08002afc        0x0
 .vfp11_veneer  0x08002afc        0x0 linker stubs

.v4_bx          0x08002afc        0x0
 .v4_bx         0x08002afc        0x0 linker stubs

.iplt           0x08002afc        0x0
 .iplt          0x08002afc        0x0 output\obj\debug\core\bsp\unicon\drivers\adc.o

.rel.dyn        0x08002afc        0x0
 .rel.iplt      0x08002afc        0x0 output\obj\debug\core\bsp\unicon\drivers\adc.o

.ARM.extab
 *(.ARM.extab* .gnu.linkonce.armextab.*)
                0x08002afc                __exidx_start = .

.ARM.exidx
 *(.ARM.exidx* .gnu.linkonce.armexidx.*)
                0x08002afc                __exidx_end = .
                0x08002afc                __etext = .

.data           0x20000000       0x10 load address 0x08002afc
                0x20000000                __data_start__ = .
 *(vtable)
 *(.data*)
 .data.ports    0x20000000        0xc output\obj\debug\core\bsp\unicon\drivers\usart.o
                0x20000000                ports
 .data.SystemCoreClock
                0x2000000c        0x4 output\obj\debug\core\src\system_stm32f0xx.o
                0x2000000c                SystemCoreClock
                0x20000010                . = ALIGN (0x4)
                [!provide]                PROVIDE (__preinit_array_start, .)
 *(.preinit_array)
                [!provide]                PROVIDE (__preinit_array_end, .)
                0x20000010                . = ALIGN (0x4)
                [!provide]                PROVIDE (__init_array_start, .)
 *(SORT(.init_array.*))
 *(.init_array)
                [!provide]                PROVIDE (__init_array_end, .)
                0x20000010                . = ALIGN (0x4)
                [!provide]                PROVIDE (__fini_array_start, .)
 *(SORT(.fini_array.*))
 *(.fini_array)
                [!provide]                PROVIDE (__fini_array_end, .)
                0x20000010                . = ALIGN (0x4)
                0x20000010                __data_end__ = .

.igot.plt       0x20000010        0x0 load address 0x08002b0c
 .igot.plt      0x20000010        0x0 output\obj\debug\core\bsp\unicon\drivers\adc.o

.bss            0x20000010      0x115 load address 0x08002b0c
                0x20000010                __bss_start__ = .
 *(.bss*)
 .bss.UsartState
                0x20000010        0x1 output\obj\debug\core\bsp\unicon\drivers\usart.o
                0x20000010                UsartState
 *fill*         0x20000011        0x3 
 .bss.TxBuffer  0x20000014       0xff output\obj\debug\core\bsp\unicon\drivers\usart.o
 .bss.TxBytesQuant
                0x20000113        0x1 output\obj\debug\core\bsp\unicon\drivers\usart.o
 .bss.TxByteIdx
                0x20000114        0x1 output\obj\debug\core\bsp\unicon\drivers\usart.o
 *fill*         0x20000115        0x3 
 .bss.timestamp
                0x20000118        0x4 output\obj\debug\core\src\stm32f0xx_it.o
                0x20000118                timestamp
 *(COMMON)
 COMMON         0x2000011c        0x4 output\obj\debug\core\bsp\unicon\drivers\tim.o
                0x2000011c                Beeper
 COMMON         0x20000120        0x5 output\obj\debug\core\bsp\unicon\drivers\usart.o
                0x20000120                Usart_ConfigRegister
                0x20000124                RxByte
                0x20000125                __bss_end__ = .

.heap           0x20000128      0x400
                0x20000128                __end__ = .
                0x20000128                end = __end__
 *(.heap*)
 .heap          0x20000128      0x400 output\obj\debug\startup\startup_stm32f0xx.o
                0x20000128                __HeapBase
                0x20000528                __HeapLimit = .

.stack_dummy    0x20000128      0x200
 *(.stack)
 .stack         0x20000128      0x200 output\obj\debug\startup\startup_stm32f0xx.o
                0x20002000                __StackTop = (ORIGIN (RAM) + LENGTH (RAM))
                0x20001e00                __StackLimit = (__StackTop - SIZEOF (.stack_dummy))
                [!provide]                PROVIDE (__stack, __StackTop)
                0x00000001                ASSERT ((__StackLimit >= __HeapLimit), region RAM overflowed with stack)
LOAD output\obj\debug\core\bsp\unicon\drivers\adc.o
LOAD output\obj\debug\core\bsp\unicon\drivers\iic.o
LOAD output\obj\debug\core\bsp\unicon\drivers\io.o
LOAD output\obj\debug\core\bsp\unicon\drivers\pwm.o
LOAD output\obj\debug\core\bsp\unicon\drivers\rtc.o
LOAD output\obj\debug\core\bsp\unicon\drivers\tim.o
LOAD output\obj\debug\core\bsp\unicon\drivers\usart.o
LOAD output\obj\debug\core\bsp\unicon\unicon.o
LOAD output\obj\debug\core\libs\freemodbus\modbus\ascii\mbascii.o
LOAD output\obj\debug\core\libs\freemodbus\modbus\functions\mbfunccoils.o
LOAD output\obj\debug\core\libs\freemodbus\modbus\functions\mbfuncdiag.o
LOAD output\obj\debug\core\libs\freemodbus\modbus\functions\mbfuncdisc.o
LOAD output\obj\debug\core\libs\freemodbus\modbus\functions\mbfuncholding.o
LOAD output\obj\debug\core\libs\freemodbus\modbus\functions\mbfuncinput.o
LOAD output\obj\debug\core\libs\freemodbus\modbus\functions\mbfuncother.o
LOAD output\obj\debug\core\libs\freemodbus\modbus\functions\mbutils.o
LOAD output\obj\debug\core\libs\freemodbus\modbus\mb.o
LOAD output\obj\debug\core\libs\freemodbus\modbus\rtu\mbcrc.o
LOAD output\obj\debug\core\libs\freemodbus\modbus\rtu\mbrtu.o
LOAD output\obj\debug\core\libs\freemodbus\modbus\tcp\mbtcp.o
LOAD output\obj\debug\core\libs\freemodbus\port\port.o
LOAD output\obj\debug\core\libs\freemodbus\port\portevent.o
LOAD output\obj\debug\core\libs\freemodbus\port\portserial.o
LOAD output\obj\debug\core\libs\freemodbus\port\porttimer.o
LOAD output\obj\debug\core\libs\freemodbus\user_mb_app.o
LOAD output\obj\debug\core\libs\iic_eeprom\iic_eeprom.o
LOAD output\obj\debug\core\libs\nextion\nextion.o
LOAD output\obj\debug\core\src\main.o
LOAD output\obj\debug\core\src\stm32f0xx_it.o
LOAD output\obj\debug\core\src\system_stm32f0xx.o
LOAD output\obj\debug\drivers\stm32f0xx_hal_driver\src\stm32f0xx_ll_adc.o
LOAD output\obj\debug\drivers\stm32f0xx_hal_driver\src\stm32f0xx_ll_dma.o
LOAD output\obj\debug\drivers\stm32f0xx_hal_driver\src\stm32f0xx_ll_exti.o
LOAD output\obj\debug\drivers\stm32f0xx_hal_driver\src\stm32f0xx_ll_gpio.o
LOAD output\obj\debug\drivers\stm32f0xx_hal_driver\src\stm32f0xx_ll_i2c.o
LOAD output\obj\debug\drivers\stm32f0xx_hal_driver\src\stm32f0xx_ll_pwr.o
LOAD output\obj\debug\drivers\stm32f0xx_hal_driver\src\stm32f0xx_ll_rcc.o
LOAD output\obj\debug\drivers\stm32f0xx_hal_driver\src\stm32f0xx_ll_tim.o
LOAD output\obj\debug\drivers\stm32f0xx_hal_driver\src\stm32f0xx_ll_usart.o
LOAD output\obj\debug\drivers\stm32f0xx_hal_driver\src\stm32f0xx_ll_utils.o
LOAD output\obj\debug\startup\startup_stm32f0xx.o
LOAD c:/program files (x86)/embitz/1.11/share/em_armgcc/bin/../lib/gcc/arm-none-eabi/5.4.1/../../../../arm-none-eabi/lib/armv6-m\libm.a
START GROUP
LOAD c:/program files (x86)/embitz/1.11/share/em_armgcc/bin/../lib/gcc/arm-none-eabi/5.4.1/armv6-m\libgcc.a
LOAD c:/program files (x86)/embitz/1.11/share/em_armgcc/bin/../lib/gcc/arm-none-eabi/5.4.1/../../../../arm-none-eabi/lib/armv6-m\libg.a
LOAD c:/program files (x86)/embitz/1.11/share/em_armgcc/bin/../lib/gcc/arm-none-eabi/5.4.1/../../../../arm-none-eabi/lib/armv6-m\libc.a
END GROUP
START GROUP
LOAD c:/program files (x86)/embitz/1.11/share/em_armgcc/bin/../lib/gcc/arm-none-eabi/5.4.1/armv6-m\libgcc.a
LOAD c:/program files (x86)/embitz/1.11/share/em_armgcc/bin/../lib/gcc/arm-none-eabi/5.4.1/../../../../arm-none-eabi/lib/armv6-m\libc.a
LOAD c:/program files (x86)/embitz/1.11/share/em_armgcc/bin/../lib/gcc/arm-none-eabi/5.4.1/../../../../arm-none-eabi/lib/armv6-m\libnosys.a
END GROUP
OUTPUT(Output\bin\Debug\ihouse.elf elf32-littlearm)

.debug_info     0x00000000     0x5c4d
 .debug_info    0x00000000      0x377 output\obj\debug\core\bsp\unicon\drivers\tim.o
 .debug_info    0x00000377      0x7e2 output\obj\debug\core\bsp\unicon\drivers\usart.o
 .debug_info    0x00000b59     0x1806 output\obj\debug\core\src\main.o
 .debug_info    0x0000235f      0x222 output\obj\debug\core\src\stm32f0xx_it.o
 .debug_info    0x00002581      0x239 output\obj\debug\core\src\system_stm32f0xx.o
 .debug_info    0x000027ba      0x5ce output\obj\debug\drivers\stm32f0xx_hal_driver\src\stm32f0xx_ll_adc.o
 .debug_info    0x00002d88      0x338 output\obj\debug\drivers\stm32f0xx_hal_driver\src\stm32f0xx_ll_exti.o
 .debug_info    0x000030c0      0x522 output\obj\debug\drivers\stm32f0xx_hal_driver\src\stm32f0xx_ll_gpio.o
 .debug_info    0x000035e2      0x531 output\obj\debug\drivers\stm32f0xx_hal_driver\src\stm32f0xx_ll_i2c.o
 .debug_info    0x00003b13      0x587 output\obj\debug\drivers\stm32f0xx_hal_driver\src\stm32f0xx_ll_rcc.o
 .debug_info    0x0000409a      0xdde output\obj\debug\drivers\stm32f0xx_hal_driver\src\stm32f0xx_ll_tim.o
 .debug_info    0x00004e78      0x63e output\obj\debug\drivers\stm32f0xx_hal_driver\src\stm32f0xx_ll_usart.o
 .debug_info    0x000054b6      0x734 output\obj\debug\drivers\stm32f0xx_hal_driver\src\stm32f0xx_ll_utils.o
 .debug_info    0x00005bea       0x63 output\obj\debug\startup\startup_stm32f0xx.o

.debug_abbrev   0x00000000     0x13e9
 .debug_abbrev  0x00000000      0x129 output\obj\debug\core\bsp\unicon\drivers\tim.o
 .debug_abbrev  0x00000129      0x1c3 output\obj\debug\core\bsp\unicon\drivers\usart.o
 .debug_abbrev  0x000002ec      0x26f output\obj\debug\core\src\main.o
 .debug_abbrev  0x0000055b       0xc8 output\obj\debug\core\src\stm32f0xx_it.o
 .debug_abbrev  0x00000623       0xf3 output\obj\debug\core\src\system_stm32f0xx.o
 .debug_abbrev  0x00000716      0x1af output\obj\debug\drivers\stm32f0xx_hal_driver\src\stm32f0xx_ll_adc.o
 .debug_abbrev  0x000008c5      0x149 output\obj\debug\drivers\stm32f0xx_hal_driver\src\stm32f0xx_ll_exti.o
 .debug_abbrev  0x00000a0e      0x15f output\obj\debug\drivers\stm32f0xx_hal_driver\src\stm32f0xx_ll_gpio.o
 .debug_abbrev  0x00000b6d      0x12f output\obj\debug\drivers\stm32f0xx_hal_driver\src\stm32f0xx_ll_i2c.o
 .debug_abbrev  0x00000c9c      0x1ce output\obj\debug\drivers\stm32f0xx_hal_driver\src\stm32f0xx_ll_rcc.o
 .debug_abbrev  0x00000e6a      0x1c5 output\obj\debug\drivers\stm32f0xx_hal_driver\src\stm32f0xx_ll_tim.o
 .debug_abbrev  0x0000102f      0x1a6 output\obj\debug\drivers\stm32f0xx_hal_driver\src\stm32f0xx_ll_usart.o
 .debug_abbrev  0x000011d5      0x200 output\obj\debug\drivers\stm32f0xx_hal_driver\src\stm32f0xx_ll_utils.o
 .debug_abbrev  0x000013d5       0x14 output\obj\debug\startup\startup_stm32f0xx.o

.debug_aranges  0x00000000      0x900
 .debug_aranges
                0x00000000       0x38 output\obj\debug\core\bsp\unicon\drivers\tim.o
 .debug_aranges
                0x00000038       0xb0 output\obj\debug\core\bsp\unicon\drivers\usart.o
 .debug_aranges
                0x000000e8      0x200 output\obj\debug\core\src\main.o
 .debug_aranges
                0x000002e8       0x58 output\obj\debug\core\src\stm32f0xx_it.o
 .debug_aranges
                0x00000340       0x28 output\obj\debug\core\src\system_stm32f0xx.o
 .debug_aranges
                0x00000368       0x90 output\obj\debug\drivers\stm32f0xx_hal_driver\src\stm32f0xx_ll_adc.o
 .debug_aranges
                0x000003f8       0x70 output\obj\debug\drivers\stm32f0xx_hal_driver\src\stm32f0xx_ll_exti.o
 .debug_aranges
                0x00000468       0x70 output\obj\debug\drivers\stm32f0xx_hal_driver\src\stm32f0xx_ll_gpio.o
 .debug_aranges
                0x000004d8       0x88 output\obj\debug\drivers\stm32f0xx_hal_driver\src\stm32f0xx_ll_i2c.o
 .debug_aranges
                0x00000560       0xe8 output\obj\debug\drivers\stm32f0xx_hal_driver\src\stm32f0xx_ll_rcc.o
 .debug_aranges
                0x00000648      0x128 output\obj\debug\drivers\stm32f0xx_hal_driver\src\stm32f0xx_ll_tim.o
 .debug_aranges
                0x00000770       0x88 output\obj\debug\drivers\stm32f0xx_hal_driver\src\stm32f0xx_ll_usart.o
 .debug_aranges
                0x000007f8       0xe8 output\obj\debug\drivers\stm32f0xx_hal_driver\src\stm32f0xx_ll_utils.o
 .debug_aranges
                0x000008e0       0x20 output\obj\debug\startup\startup_stm32f0xx.o

.debug_ranges   0x00000000      0x810
 .debug_ranges  0x00000000       0x28 output\obj\debug\core\bsp\unicon\drivers\tim.o
 .debug_ranges  0x00000028       0xa0 output\obj\debug\core\bsp\unicon\drivers\usart.o
 .debug_ranges  0x000000c8      0x1f0 output\obj\debug\core\src\main.o
 .debug_ranges  0x000002b8       0x48 output\obj\debug\core\src\stm32f0xx_it.o
 .debug_ranges  0x00000300       0x18 output\obj\debug\core\src\system_stm32f0xx.o
 .debug_ranges  0x00000318       0x80 output\obj\debug\drivers\stm32f0xx_hal_driver\src\stm32f0xx_ll_adc.o
 .debug_ranges  0x00000398       0x60 output\obj\debug\drivers\stm32f0xx_hal_driver\src\stm32f0xx_ll_exti.o
 .debug_ranges  0x000003f8       0x60 output\obj\debug\drivers\stm32f0xx_hal_driver\src\stm32f0xx_ll_gpio.o
 .debug_ranges  0x00000458       0x78 output\obj\debug\drivers\stm32f0xx_hal_driver\src\stm32f0xx_ll_i2c.o
 .debug_ranges  0x000004d0       0xd8 output\obj\debug\drivers\stm32f0xx_hal_driver\src\stm32f0xx_ll_rcc.o
 .debug_ranges  0x000005a8      0x118 output\obj\debug\drivers\stm32f0xx_hal_driver\src\stm32f0xx_ll_tim.o
 .debug_ranges  0x000006c0       0x78 output\obj\debug\drivers\stm32f0xx_hal_driver\src\stm32f0xx_ll_usart.o
 .debug_ranges  0x00000738       0xd8 output\obj\debug\drivers\stm32f0xx_hal_driver\src\stm32f0xx_ll_utils.o

.debug_macro    0x00000000     0x2491
 .debug_macro   0x00000000      0x25f output\obj\debug\core\bsp\unicon\drivers\tim.o
 .debug_macro   0x0000025f       0x40 output\obj\debug\core\bsp\unicon\drivers\tim.o
 .debug_macro   0x0000029f      0x27a output\obj\debug\core\bsp\unicon\drivers\usart.o
 .debug_macro   0x00000519       0x76 output\obj\debug\core\bsp\unicon\drivers\usart.o
 .debug_macro   0x0000058f      0x16b output\obj\debug\core\src\main.o
 .debug_macro   0x000006fa       0x34 output\obj\debug\core\src\main.o
 .debug_macro   0x0000072e      0x282 output\obj\debug\core\src\stm32f0xx_it.o
 .debug_macro   0x000009b0       0x70 output\obj\debug\core\src\stm32f0xx_it.o
 .debug_macro   0x00000a20       0xd1 output\obj\debug\core\src\system_stm32f0xx.o
 .debug_macro   0x00000af1      0x12a output\obj\debug\drivers\stm32f0xx_hal_driver\src\stm32f0xx_ll_adc.o
 .debug_macro   0x00000c1b       0xe6 output\obj\debug\drivers\stm32f0xx_hal_driver\src\stm32f0xx_ll_exti.o
 .debug_macro   0x00000d01       0xf3 output\obj\debug\drivers\stm32f0xx_hal_driver\src\stm32f0xx_ll_exti.o
 .debug_macro   0x00000df4      0x101 output\obj\debug\drivers\stm32f0xx_hal_driver\src\stm32f0xx_ll_gpio.o
 .debug_macro   0x00000ef5      0x126 output\obj\debug\drivers\stm32f0xx_hal_driver\src\stm32f0xx_ll_gpio.o
 .debug_macro   0x0000101b      0x101 output\obj\debug\drivers\stm32f0xx_hal_driver\src\stm32f0xx_ll_i2c.o
 .debug_macro   0x0000111c      0x249 output\obj\debug\drivers\stm32f0xx_hal_driver\src\stm32f0xx_ll_i2c.o
 .debug_macro   0x00001365       0xe6 output\obj\debug\drivers\stm32f0xx_hal_driver\src\stm32f0xx_ll_rcc.o
 .debug_macro   0x0000144b      0x3f8 output\obj\debug\drivers\stm32f0xx_hal_driver\src\stm32f0xx_ll_rcc.o
 .debug_macro   0x00001843      0x14f output\obj\debug\drivers\stm32f0xx_hal_driver\src\stm32f0xx_ll_tim.o
 .debug_macro   0x00001992      0x5c1 output\obj\debug\drivers\stm32f0xx_hal_driver\src\stm32f0xx_ll_tim.o
 .debug_macro   0x00001f53      0x134 output\obj\debug\drivers\stm32f0xx_hal_driver\src\stm32f0xx_ll_usart.o
 .debug_macro   0x00002087      0x2dc output\obj\debug\drivers\stm32f0xx_hal_driver\src\stm32f0xx_ll_usart.o
 .debug_macro   0x00002363      0x12e output\obj\debug\drivers\stm32f0xx_hal_driver\src\stm32f0xx_ll_utils.o

.debug_line     0x00000000     0x4697
 .debug_line    0x00000000      0x546 output\obj\debug\core\bsp\unicon\drivers\tim.o
 .debug_line    0x00000546      0x6b5 output\obj\debug\core\bsp\unicon\drivers\usart.o
 .debug_line    0x00000bfb      0xa99 output\obj\debug\core\src\main.o
 .debug_line    0x00001694      0x5ba output\obj\debug\core\src\stm32f0xx_it.o
 .debug_line    0x00001c4e      0x2e2 output\obj\debug\core\src\system_stm32f0xx.o
 .debug_line    0x00001f30      0x465 output\obj\debug\drivers\stm32f0xx_hal_driver\src\stm32f0xx_ll_adc.o
 .debug_line    0x00002395      0x3e5 output\obj\debug\drivers\stm32f0xx_hal_driver\src\stm32f0xx_ll_exti.o
 .debug_line    0x0000277a      0x419 output\obj\debug\drivers\stm32f0xx_hal_driver\src\stm32f0xx_ll_gpio.o
 .debug_line    0x00002b93      0x424 output\obj\debug\drivers\stm32f0xx_hal_driver\src\stm32f0xx_ll_i2c.o
 .debug_line    0x00002fb7      0x52b output\obj\debug\drivers\stm32f0xx_hal_driver\src\stm32f0xx_ll_rcc.o
 .debug_line    0x000034e2      0x738 output\obj\debug\drivers\stm32f0xx_hal_driver\src\stm32f0xx_ll_tim.o
 .debug_line    0x00003c1a      0x46e output\obj\debug\drivers\stm32f0xx_hal_driver\src\stm32f0xx_ll_usart.o
 .debug_line    0x00004088      0x572 output\obj\debug\drivers\stm32f0xx_hal_driver\src\stm32f0xx_ll_utils.o
 .debug_line    0x000045fa       0x9d output\obj\debug\startup\startup_stm32f0xx.o

.debug_str      0x00000000    0x4b5e7
 .debug_str     0x00000000    0x45cf1 output\obj\debug\core\bsp\unicon\drivers\tim.o
                              0x45f33 (size before relaxing)
 .debug_str     0x00045cf1      0xcbd output\obj\debug\core\bsp\unicon\drivers\usart.o
                              0x468f8 (size before relaxing)
 .debug_str     0x000469ae      0xb96 output\obj\debug\core\src\main.o
                              0x43efa (size before relaxing)
 .debug_str     0x00047544       0xa0 output\obj\debug\core\src\stm32f0xx_it.o
                              0x464eb (size before relaxing)
 .debug_str     0x000475e4       0xd5 output\obj\debug\core\src\system_stm32f0xx.o
                              0x35216 (size before relaxing)
 .debug_str     0x000476b9      0xa3a output\obj\debug\drivers\stm32f0xx_hal_driver\src\stm32f0xx_ll_adc.o
                              0x3a2c3 (size before relaxing)
 .debug_str     0x000480f3      0x31d output\obj\debug\drivers\stm32f0xx_hal_driver\src\stm32f0xx_ll_exti.o
                              0x35980 (size before relaxing)
 .debug_str     0x00048410      0x4ed output\obj\debug\drivers\stm32f0xx_hal_driver\src\stm32f0xx_ll_gpio.o
                              0x363ef (size before relaxing)
 .debug_str     0x000488fd      0x3f8 output\obj\debug\drivers\stm32f0xx_hal_driver\src\stm32f0xx_ll_i2c.o
                              0x36b64 (size before relaxing)
 .debug_str     0x00048cf5      0x38d output\obj\debug\drivers\stm32f0xx_hal_driver\src\stm32f0xx_ll_rcc.o
                              0x3710d (size before relaxing)
 .debug_str     0x00049082     0x11b5 output\obj\debug\drivers\stm32f0xx_hal_driver\src\stm32f0xx_ll_tim.o
                              0x39af3 (size before relaxing)
 .debug_str     0x0004a237      0x809 output\obj\debug\drivers\stm32f0xx_hal_driver\src\stm32f0xx_ll_usart.o
                              0x38c78 (size before relaxing)
 .debug_str     0x0004aa40      0xba7 output\obj\debug\drivers\stm32f0xx_hal_driver\src\stm32f0xx_ll_utils.o
                              0x3872c (size before relaxing)

.comment        0x00000000       0x6e
 .comment       0x00000000       0x6e output\obj\debug\core\bsp\unicon\drivers\tim.o
                                 0x6f (size before relaxing)
 .comment       0x0000006e       0x6f output\obj\debug\core\bsp\unicon\drivers\usart.o
 .comment       0x0000006e       0x6f output\obj\debug\core\src\main.o
 .comment       0x0000006e       0x6f output\obj\debug\core\src\stm32f0xx_it.o
 .comment       0x0000006e       0x6f output\obj\debug\core\src\system_stm32f0xx.o
 .comment       0x0000006e       0x6f output\obj\debug\drivers\stm32f0xx_hal_driver\src\stm32f0xx_ll_adc.o
 .comment       0x0000006e       0x6f output\obj\debug\drivers\stm32f0xx_hal_driver\src\stm32f0xx_ll_exti.o
 .comment       0x0000006e       0x6f output\obj\debug\drivers\stm32f0xx_hal_driver\src\stm32f0xx_ll_gpio.o
 .comment       0x0000006e       0x6f output\obj\debug\drivers\stm32f0xx_hal_driver\src\stm32f0xx_ll_i2c.o
 .comment       0x0000006e       0x6f output\obj\debug\drivers\stm32f0xx_hal_driver\src\stm32f0xx_ll_rcc.o
 .comment       0x0000006e       0x6f output\obj\debug\drivers\stm32f0xx_hal_driver\src\stm32f0xx_ll_tim.o
 .comment       0x0000006e       0x6f output\obj\debug\drivers\stm32f0xx_hal_driver\src\stm32f0xx_ll_usart.o
 .comment       0x0000006e       0x6f output\obj\debug\drivers\stm32f0xx_hal_driver\src\stm32f0xx_ll_utils.o

.ARM.attributes
                0x00000000       0x2f
 .ARM.attributes
                0x00000000       0x31 output\obj\debug\core\bsp\unicon\drivers\tim.o
 .ARM.attributes
                0x00000031       0x31 output\obj\debug\core\bsp\unicon\drivers\usart.o
 .ARM.attributes
                0x00000062       0x31 output\obj\debug\core\src\main.o
 .ARM.attributes
                0x00000093       0x31 output\obj\debug\core\src\stm32f0xx_it.o
 .ARM.attributes
                0x000000c4       0x31 output\obj\debug\core\src\system_stm32f0xx.o
 .ARM.attributes
                0x000000f5       0x31 output\obj\debug\drivers\stm32f0xx_hal_driver\src\stm32f0xx_ll_adc.o
 .ARM.attributes
                0x00000126       0x31 output\obj\debug\drivers\stm32f0xx_hal_driver\src\stm32f0xx_ll_exti.o
 .ARM.attributes
                0x00000157       0x31 output\obj\debug\drivers\stm32f0xx_hal_driver\src\stm32f0xx_ll_gpio.o
 .ARM.attributes
                0x00000188       0x31 output\obj\debug\drivers\stm32f0xx_hal_driver\src\stm32f0xx_ll_i2c.o
 .ARM.attributes
                0x000001b9       0x31 output\obj\debug\drivers\stm32f0xx_hal_driver\src\stm32f0xx_ll_rcc.o
 .ARM.attributes
                0x000001ea       0x31 output\obj\debug\drivers\stm32f0xx_hal_driver\src\stm32f0xx_ll_tim.o
 .ARM.attributes
                0x0000021b       0x31 output\obj\debug\drivers\stm32f0xx_hal_driver\src\stm32f0xx_ll_usart.o
 .ARM.attributes
                0x0000024c       0x31 output\obj\debug\drivers\stm32f0xx_hal_driver\src\stm32f0xx_ll_utils.o
 .ARM.attributes
                0x0000027d       0x1b output\obj\debug\startup\startup_stm32f0xx.o
 .ARM.attributes
                0x00000298       0x1e c:/program files (x86)/embitz/1.11/share/em_armgcc/bin/../lib/gcc/arm-none-eabi/5.4.1/armv6-m\libgcc.a(_udivsi3.o)
 .ARM.attributes
                0x000002b6       0x1e c:/program files (x86)/embitz/1.11/share/em_armgcc/bin/../lib/gcc/arm-none-eabi/5.4.1/armv6-m\libgcc.a(_dvmd_tls.o)
 .ARM.attributes
                0x000002d4       0x2c c:/program files (x86)/embitz/1.11/share/em_armgcc/bin/../lib/gcc/arm-none-eabi/5.4.1/../../../../arm-none-eabi/lib/armv6-m\libg.a(lib_a-memset.o)

.debug_frame    0x00000000     0x1f14
 .debug_frame   0x00000000       0x90 output\obj\debug\core\bsp\unicon\drivers\tim.o
 .debug_frame   0x00000090      0x26c output\obj\debug\core\bsp\unicon\drivers\usart.o
 .debug_frame   0x000002fc      0x78c output\obj\debug\core\src\main.o
 .debug_frame   0x00000a88       0xf0 output\obj\debug\core\src\stm32f0xx_it.o
 .debug_frame   0x00000b78       0x4c output\obj\debug\core\src\system_stm32f0xx.o
 .debug_frame   0x00000bc4      0x1f0 output\obj\debug\drivers\stm32f0xx_hal_driver\src\stm32f0xx_ll_adc.o
 .debug_frame   0x00000db4      0x16c output\obj\debug\drivers\stm32f0xx_hal_driver\src\stm32f0xx_ll_exti.o
 .debug_frame   0x00000f20      0x170 output\obj\debug\drivers\stm32f0xx_hal_driver\src\stm32f0xx_ll_gpio.o
 .debug_frame   0x00001090      0x1d0 output\obj\debug\drivers\stm32f0xx_hal_driver\src\stm32f0xx_ll_i2c.o
 .debug_frame   0x00001260      0x320 output\obj\debug\drivers\stm32f0xx_hal_driver\src\stm32f0xx_ll_rcc.o
 .debug_frame   0x00001580      0x450 output\obj\debug\drivers\stm32f0xx_hal_driver\src\stm32f0xx_ll_tim.o
 .debug_frame   0x000019d0      0x1d4 output\obj\debug\drivers\stm32f0xx_hal_driver\src\stm32f0xx_ll_usart.o
 .debug_frame   0x00001ba4      0x324 output\obj\debug\drivers\stm32f0xx_hal_driver\src\stm32f0xx_ll_utils.o
 .debug_frame   0x00001ec8       0x20 c:/program files (x86)/embitz/1.11/share/em_armgcc/bin/../lib/gcc/arm-none-eabi/5.4.1/armv6-m\libgcc.a(_udivsi3.o)
 .debug_frame   0x00001ee8       0x2c c:/program files (x86)/embitz/1.11/share/em_armgcc/bin/../lib/gcc/arm-none-eabi/5.4.1/../../../../arm-none-eabi/lib/armv6-m\libg.a(lib_a-memset.o)
